Component: ARM Compiler 5.06 update 5 (build 528) Tool: armlink [4d35e2]

==============================================================================

Section Cross References

    startup_stm32f10x_md.o(STACK) refers (Special) to heapauxi.o(.text) for __use_two_region_memory
    startup_stm32f10x_md.o(HEAP) refers (Special) to heapauxi.o(.text) for __use_two_region_memory
    startup_stm32f10x_md.o(RESET) refers (Special) to heapauxi.o(.text) for __use_two_region_memory
    startup_stm32f10x_md.o(RESET) refers to startup_stm32f10x_md.o(STACK) for __initial_sp
    startup_stm32f10x_md.o(RESET) refers to startup_stm32f10x_md.o(.text) for Reset_Handler
    startup_stm32f10x_md.o(RESET) refers to stm32f10x_it.o(i.NMI_Handler) for NMI_Handler
    startup_stm32f10x_md.o(RESET) refers to stm32f10x_it.o(i.HardFault_Handler) for HardFault_Handler
    startup_stm32f10x_md.o(RESET) refers to stm32f10x_it.o(i.MemManage_Handler) for MemManage_Handler
    startup_stm32f10x_md.o(RESET) refers to stm32f10x_it.o(i.BusFault_Handler) for BusFault_Handler
    startup_stm32f10x_md.o(RESET) refers to stm32f10x_it.o(i.UsageFault_Handler) for UsageFault_Handler
    startup_stm32f10x_md.o(RESET) refers to stm32f10x_it.o(i.SVC_Handler) for SVC_Handler
    startup_stm32f10x_md.o(RESET) refers to stm32f10x_it.o(i.DebugMon_Handler) for DebugMon_Handler
    startup_stm32f10x_md.o(RESET) refers to stm32f10x_it.o(i.PendSV_Handler) for PendSV_Handler
    startup_stm32f10x_md.o(RESET) refers to stm32f10x_it.o(i.SysTick_Handler) for SysTick_Handler
    startup_stm32f10x_md.o(RESET) refers to timer.o(i.TIM4_IRQHandler) for TIM4_IRQHandler
    startup_stm32f10x_md.o(RESET) refers to usart.o(i.USART1_IRQHandler) for USART1_IRQHandler
    startup_stm32f10x_md.o(RESET) refers to usart3.o(i.USART3_IRQHandler) for USART3_IRQHandler
    startup_stm32f10x_md.o(.text) refers (Special) to heapauxi.o(.text) for __use_two_region_memory
    startup_stm32f10x_md.o(.text) refers to system_stm32f10x.o(i.SystemInit) for SystemInit
    startup_stm32f10x_md.o(.text) refers to __main.o(!!!main) for __main
    startup_stm32f10x_md.o(.text) refers to startup_stm32f10x_md.o(HEAP) for Heap_Mem
    startup_stm32f10x_md.o(.text) refers to startup_stm32f10x_md.o(STACK) for Stack_Mem
    system_stm32f10x.o(i.SetSysClock) refers to system_stm32f10x.o(i.SetSysClockTo72) for SetSysClockTo72
    system_stm32f10x.o(i.SystemCoreClockUpdate) refers to system_stm32f10x.o(.data) for SystemCoreClock
    system_stm32f10x.o(i.SystemInit) refers to system_stm32f10x.o(i.SetSysClock) for SetSysClock
    stm32f10x_adc.o(i.ADC_DeInit) refers to stm32f10x_rcc.o(i.RCC_APB2PeriphResetCmd) for RCC_APB2PeriphResetCmd
    stm32f10x_bkp.o(i.BKP_DeInit) refers to stm32f10x_rcc.o(i.RCC_BackupResetCmd) for RCC_BackupResetCmd
    stm32f10x_can.o(i.CAN_DeInit) refers to stm32f10x_rcc.o(i.RCC_APB1PeriphResetCmd) for RCC_APB1PeriphResetCmd
    stm32f10x_can.o(i.CAN_GetITStatus) refers to stm32f10x_can.o(i.CheckITStatus) for CheckITStatus
    stm32f10x_cec.o(i.CEC_DeInit) refers to stm32f10x_rcc.o(i.RCC_APB1PeriphResetCmd) for RCC_APB1PeriphResetCmd
    stm32f10x_dac.o(i.DAC_DeInit) refers to stm32f10x_rcc.o(i.RCC_APB1PeriphResetCmd) for RCC_APB1PeriphResetCmd
    stm32f10x_flash.o(i.FLASH_EnableWriteProtection) refers to stm32f10x_flash.o(i.FLASH_WaitForLastOperation) for FLASH_WaitForLastOperation
    stm32f10x_flash.o(i.FLASH_EraseAllBank1Pages) refers to stm32f10x_flash.o(i.FLASH_WaitForLastBank1Operation) for FLASH_WaitForLastBank1Operation
    stm32f10x_flash.o(i.FLASH_EraseAllPages) refers to stm32f10x_flash.o(i.FLASH_WaitForLastOperation) for FLASH_WaitForLastOperation
    stm32f10x_flash.o(i.FLASH_EraseOptionBytes) refers to stm32f10x_flash.o(i.FLASH_GetReadOutProtectionStatus) for FLASH_GetReadOutProtectionStatus
    stm32f10x_flash.o(i.FLASH_EraseOptionBytes) refers to stm32f10x_flash.o(i.FLASH_WaitForLastOperation) for FLASH_WaitForLastOperation
    stm32f10x_flash.o(i.FLASH_ErasePage) refers to stm32f10x_flash.o(i.FLASH_WaitForLastOperation) for FLASH_WaitForLastOperation
    stm32f10x_flash.o(i.FLASH_ProgramHalfWord) refers to stm32f10x_flash.o(i.FLASH_WaitForLastOperation) for FLASH_WaitForLastOperation
    stm32f10x_flash.o(i.FLASH_ProgramOptionByteData) refers to stm32f10x_flash.o(i.FLASH_WaitForLastOperation) for FLASH_WaitForLastOperation
    stm32f10x_flash.o(i.FLASH_ProgramWord) refers to stm32f10x_flash.o(i.FLASH_WaitForLastOperation) for FLASH_WaitForLastOperation
    stm32f10x_flash.o(i.FLASH_ReadOutProtection) refers to stm32f10x_flash.o(i.FLASH_WaitForLastOperation) for FLASH_WaitForLastOperation
    stm32f10x_flash.o(i.FLASH_UserOptionByteConfig) refers to stm32f10x_flash.o(i.FLASH_WaitForLastOperation) for FLASH_WaitForLastOperation
    stm32f10x_flash.o(i.FLASH_WaitForLastBank1Operation) refers to stm32f10x_flash.o(i.FLASH_GetBank1Status) for FLASH_GetBank1Status
[...]
    .ARM.Collect$$libshutdown$$0000000A      0x08000212   Section        0  libshutdown2.o(.ARM.Collect$$libshutdown$$0000000A)
    .ARM.Collect$$libshutdown$$0000000C      0x08000212   Section        0  libshutdown2.o(.ARM.Collect$$libshutdown$$0000000C)
    .ARM.Collect$$libshutdown$$0000000F      0x08000212   Section        0  libshutdown2.o(.ARM.Collect$$libshutdown$$0000000F)
    .ARM.Collect$$libshutdown$$00000010      0x08000212   Section        2  libshutdown2.o(.ARM.Collect$$libshutdown$$00000010)
    .ARM.Collect$$rtentry$$00000000          0x08000214   Section        0  __rtentry.o(.ARM.Collect$$rtentry$$00000000)
    .ARM.Collect$$rtentry$$00000002          0x08000214   Section        0  __rtentry2.o(.ARM.Collect$$rtentry$$00000002)
    .ARM.Collect$$rtentry$$00000004          0x08000214   Section        6  __rtentry4.o(.ARM.Collect$$rtentry$$00000004)
    .ARM.Collect$$rtentry$$00000009          0x0800021a   Section        0  __rtentry2.o(.ARM.Collect$$rtentry$$00000009)
    .ARM.Collect$$rtentry$$0000000A          0x0800021a   Section        4  __rtentry2.o(.ARM.Collect$$rtentry$$0000000A)
    .ARM.Collect$$rtentry$$0000000C          0x0800021e   Section        0  __rtentry2.o(.ARM.Collect$$rtentry$$0000000C)
    .ARM.Collect$$rtentry$$0000000D          0x0800021e   Section        8  __rtentry2.o(.ARM.Collect$$rtentry$$0000000D)
    .ARM.Collect$$rtexit$$00000000           0x08000226   Section        2  rtexit.o(.ARM.Collect$$rtexit$$00000000)
    .ARM.Collect$$rtexit$$00000002           0x08000228   Section        0  rtexit2.o(.ARM.Collect$$rtexit$$00000002)
    .ARM.Collect$$rtexit$$00000003           0x08000228   Section        4  rtexit2.o(.ARM.Collect$$rtexit$$00000003)
    .ARM.Collect$$rtexit$$00000004           0x0800022c   Section        6  rtexit2.o(.ARM.Collect$$rtexit$$00000004)
    .text                                    0x08000234   Section       64  startup_stm32f10x_md.o(.text)
    .text                                    0x08000274   Section        2  use_no_semi_2.o(.text)
    .text                                    0x08000278   Section        0  vsprintf.o(.text)
    .text                                    0x0800029c   Section        0  strlen.o(.text)
    .text                                    0x080002da   Section      100  rt_memcpy_w.o(.text)
    .text                                    0x0800033e   Section       78  rt_memclr_w.o(.text)
    .text                                    0x0800038c   Section        0  heapauxi.o(.text)
    .text                                    0x08000392   Section        2  use_no_semi.o(.text)
    .text                                    0x08000394   Section        0  _printf_pad.o(.text)
    .text                                    0x080003e2   Section        0  _printf_truncate.o(.text)
    .text                                    0x08000406   Section        0  _printf_str.o(.text)
    .text                                    0x08000458   Section        0  _printf_dec.o(.text)
    .text                                    0x080004d0   Section        0  _printf_charcount.o(.text)
    .text                                    0x080004f8   Section        0  _printf_char_common.o(.text)
    _printf_input_char                       0x080004f9   Thumb Code    10  _printf_char_common.o(.text)
    .text                                    0x08000528   Section        0  _sputc.o(.text)
    .text                                    0x08000534   Section        0  _printf_wctomb.o(.text)
    .text                                    0x080005f0   Section        0  _printf_longlong_dec.o(.text)
    .text                                    0x0800066c   Section        0  _printf_oct_int_ll.o(.text)
    _printf_longlong_oct_internal            0x0800066d   Thumb Code     0  _printf_oct_int_ll.o(.text)
    .text                                    0x080006dc   Section        0  _printf_hex_int_ll_ptr.o(.text)
    _printf_hex_common                       0x080006dd   Thumb Code     0  _printf_hex_int_ll_ptr.o(.text)
    .text                                    0x08000770   Section        0  __printf_flags_ss_wp.o(.text)
    .text                                    0x080008f8   Section      138  lludiv10.o(.text)
    .text                                    0x08000982   Section        0  _printf_intcommon.o(.text)
    .text                                    0x08000a34   Section        0  _printf_fp_dec.o(.text)
    _fp_digits                               0x08000a37   Thumb Code   432  _printf_fp_dec.o(.text)
    .text                                    0x08000e54   Section        0  _printf_fp_hex.o(.text)
    .text                                    0x08001150   Section        0  _printf_char.o(.text)
    .text                                    0x0800117c   Section        0  _printf_wchar.o(.text)
    .text                                    0x080011a8   Section        0  _wcrtomb.o(.text)
    .text                                    0x080011e8   Section       74  sys_stackheap_outer.o(.text)
    .text                                    0x08001234   Section       16  rt_ctype_table.o(.text)
    .text                                    0x08001244   Section        8  rt_locale_intlibspace.o(.text)
    .text                                    0x0800124c   Section        0  _printf_fp_infnan.o(.text)
    .text                                    0x080012cc   Section        0  bigflt0.o(.text)
    .text                                    0x080013b0   Section        0  exit.o(.text)
    .text                                    0x080013c4   Section        8  libspace.o(.text)
    .text                                    0x080013cc   Section      128  strcmpv7m.o(.text)
    CL$$btod_d2e                             0x0800144c   Section       62  btod.o(CL$$btod_d2e)
    CL$$btod_d2e_denorm_low                  0x0800148a   Section       70  btod.o(CL$$btod_d2e_denorm_low)
    CL$$btod_d2e_norm_op1                    0x080014d0   Section       96  btod.o(CL$$btod_d2e_norm_op1)
    CL$$btod_div_common                      0x08001530   Section      824  btod.o(CL$$btod_div_common)
    CL$$btod_e2e                             0x08001868   Section      220  btod.o(CL$$btod_e2e)
    CL$$btod_ediv                            0x08001944   Section       42  btod.o(CL$$btod_ediv)
    CL$$btod_emul                            0x0800196e   Section       42  btod.o(CL$$btod_emul)
    CL$$btod_mult_common                     0x08001998   Section      580  btod.o(CL$$btod_mult_common)
    i.AT24C256_ReadBuffer                    0x08001bdc   Section        0  at24c256.o(i.AT24C256_ReadBuffer)
    i.AT24C256_Test                          0x08001cbc   Section        0  main.o(i.AT24C256_Test)
    i.AT24C256_WritePage                     0x08001da8   Section        0  at24c256.o(i.AT24C256_WritePage)
    i.BusFault_Handler                       0x08001e60   Section        0  stm32f10x_it.o(i.BusFault_Handler)
    i.DMA_Cmd                                0x08001e64   Section        0  stm32f10x_dma.o(i.DMA_Cmd)
    i.DMA_DeInit                             0x08001e7c   Section        0  stm32f10x_dma.o(i.DMA_DeInit)
    i.DMA_GetCurrDataCounter                 0x08001fc8   Section        0  stm32f10x_dma.o(i.DMA_GetCurrDataCounter)
    i.DMA_Init                               0x08001fd0   Section        0  stm32f10x_dma.o(i.DMA_Init)
    i.DMA_SetCurrDataCounter                 0x0800200c   Section        0  stm32f10x_dma.o(i.DMA_SetCurrDataCounter)
    i.DebugMon_Handler                       0x08002010   Section        0  stm32f10x_it.o(i.DebugMon_Handler)
    i.GPIO_Init                              0x08002012   Section        0  stm32f10x_gpio.o(i.GPIO_Init)
    i.GPIO_ReadOutputDataBit                 0x08002128   Section        0  stm32f10x_gpio.o(i.GPIO_ReadOutputDataBit)
    i.GPIO_ResetBits                         0x0800213a   Section        0  stm32f10x_gpio.o(i.GPIO_ResetBits)
    i.GPIO_SetBits                           0x0800213e   Section        0  stm32f10x_gpio.o(i.GPIO_SetBits)
    i.GPIO_WriteBit                          0x08002142   Section        0  stm32f10x_gpio.o(i.GPIO_WriteBit)
    i.HardFault_Handler                      0x0800214c   Section        0  stm32f10x_it.o(i.HardFault_Handler)
    i.I2C_AcknowledgeConfig                  0x08002150   Section        0  stm32f10x_i2c.o(i.I2C_AcknowledgeConfig)
    i.I2C_CheckEvent                         0x08002168   Section        0  stm32f10x_i2c.o(i.I2C_CheckEvent)
    i.I2C_Cmd                                0x08002192   Section        0  stm32f10x_i2c.o(i.I2C_Cmd)
    i.I2C_Configuration                      0x080021ac   Section        0  at24c256.o(i.I2C_Configuration)
    i.I2C_GenerateSTART                      0x08002220   Section        0  stm32f10x_i2c.o(i.I2C_GenerateSTART)
    i.I2C_GenerateSTOP                       0x08002238   Section        0  stm32f10x_i2c.o(i.I2C_GenerateSTOP)
    i.I2C_Init                               0x08002250   Section        0  stm32f10x_i2c.o(i.I2C_Init)
    i.I2C_ReceiveData                        0x0800233c   Section        0  stm32f10x_i2c.o(i.I2C_ReceiveData)
    i.I2C_Send7bitAddress                    0x08002344   Section        0  stm32f10x_i2c.o(i.I2C_Send7bitAddress)
    i.I2C_SendData                           0x08002356   Section        0  stm32f10x_i2c.o(i.I2C_SendData)
    i.I2C_WaitEvent                          0x0800235c   Section        0  at24c256.o(i.I2C_WaitEvent)
    I2C_WaitEvent                            0x0800235d   Thumb Code    36  at24c256.o(i.I2C_WaitEvent)
    i.LED1_Turn                              0x08002384   Section        0  led.o(i.LED1_Turn)
    i.MemManage_Handler                      0x080023b0   Section        0  stm32f10x_it.o(i.MemManage_Handler)
    i.MySPI_Init                             0x080023b4   Section        0  myspi.o(i.MySPI_Init)
    i.MySPI_Start                            0x0800246c   Section        0  myspi.o(i.MySPI_Start)
    i.MySPI_Stop                             0x08002476   Section        0  myspi.o(i.MySPI_Stop)
    i.MySPI_SwapByte                         0x08002480   Section        0  myspi.o(i.MySPI_SwapByte)
    i.MySPI_W_SS                             0x080024b8   Section        0  myspi.o(i.MySPI_W_SS)
    i.NMI_Handler                            0x080024cc   Section        0  stm32f10x_it.o(i.NMI_Handler)
    i.NVIC_Init                              0x080024d0   Section        0  misc.o(i.NVIC_Init)
    i.NVIC_PriorityGroupConfig               0x08002540   Section        0  misc.o(i.NVIC_PriorityGroupConfig)
    i.PendSV_Handler                         0x08002554   Section        0  stm32f10x_it.o(i.PendSV_Handler)
    i.RCC_AHBPeriphClockCmd                  0x08002558   Section        0  stm32f10x_rcc.o(i.RCC_AHBPeriphClockCmd)
    i.RCC_APB1PeriphClockCmd                 0x08002578   Section        0  stm32f10x_rcc.o(i.RCC_APB1PeriphClockCmd)
    i.RCC_APB1PeriphResetCmd                 0x08002598   Section        0  stm32f10x_rcc.o(i.RCC_APB1PeriphResetCmd)
    i.RCC_APB2PeriphClockCmd                 0x080025b8   Section        0  stm32f10x_rcc.o(i.RCC_APB2PeriphClockCmd)
    i.RCC_APB2PeriphResetCmd                 0x080025d8   Section        0  stm32f10x_rcc.o(i.RCC_APB2PeriphResetCmd)
    i.RCC_GetClocksFreq                      0x080025f8   Section        0  stm32f10x_rcc.o(i.RCC_GetClocksFreq)
    i.SPI_Cmd                                0x080026cc   Section        0  stm32f10x_spi.o(i.SPI_Cmd)
    i.SPI_I2S_GetFlagStatus                  0x080026e4   Section        0  stm32f10x_spi.o(i.SPI_I2S_GetFlagStatus)
    i.SPI_I2S_ReceiveData                    0x080026f6   Section        0  stm32f10x_spi.o(i.SPI_I2S_ReceiveData)
    i.SPI_I2S_SendData                       0x080026fc   Section        0  stm32f10x_spi.o(i.SPI_I2S_SendData)
    i.SPI_Init                               0x08002700   Section        0  stm32f10x_spi.o(i.SPI_Init)
    i.SVC_Handler                            0x0800273c   Section        0  stm32f10x_it.o(i.SVC_Handler)
    i.SetSysClock                            0x0800273e   Section        0  system_stm32f10x.o(i.SetSysClock)
    SetSysClock                              0x0800273f   Thumb Code     8  system_stm32f10x.o(i.SetSysClock)
    i.SetSysClockTo72                        0x08002748   Section        0  system_stm32f10x.o(i.SetSysClockTo72)
    SetSysClockTo72                          0x08002749   Thumb Code   214  system_stm32f10x.o(i.SetSysClockTo72)
    i.SysTick_CLKSourceConfig                0x08002828   Section        0  misc.o(i.SysTick_CLKSourceConfig)
    i.SysTick_Handler                        0x08002850   Section        0  stm32f10x_it.o(i.SysTick_Handler)
    i.SystemInit                             0x08002854   Section        0  system_stm32f10x.o(i.SystemInit)
    i.TIM4_IRQHandler                        0x080028b4   Section        0  timer.o(i.TIM4_IRQHandler)
    i.TIM_ClearITPendingBit                  0x08002900   Section        0  stm32f10x_tim.o(i.TIM_ClearITPendingBit)
    i.TIM_GetITStatus                        0x08002906   Section        0  stm32f10x_tim.o(i.TIM_GetITStatus)
    i.USART1_IRQHandler                      0x08002928   Section        0  usart.o(i.USART1_IRQHandler)
    i.USART3_IRQHandler                      0x0800293c   Section        0  usart3.o(i.USART3_IRQHandler)
    i.USART_ClearFlag                        0x080029ac   Section        0  stm32f10x_usart.o(i.USART_ClearFlag)
    i.USART_ClearITPendingBit                0x080029be   Section        0  stm32f10x_usart.o(i.USART_ClearITPendingBit)
    i.USART_Cmd                              0x080029dc   Section        0  stm32f10x_usart.o(i.USART_Cmd)
    i.USART_DMACmd                           0x080029f4   Section        0  stm32f10x_usart.o(i.USART_DMACmd)
    i.USART_DeInit                           0x08002a08   Section        0  stm32f10x_usart.o(i.USART_DeInit)
    i.USART_GetFlagStatus                    0x08002aa4   Section        0  stm32f10x_usart.o(i.USART_GetFlagStatus)
    i.USART_GetITStatus                      0x08002abe   Section        0  stm32f10x_usart.o(i.USART_GetITStatus)
    i.USART_ITConfig                         0x08002b12   Section        0  stm32f10x_usart.o(i.USART_ITConfig)
    i.USART_Init                             0x08002b5c   Section        0  stm32f10x_usart.o(i.USART_Init)
    i.USART_SendData                         0x08002c34   Section        0  stm32f10x_usart.o(i.USART_SendData)
    i.UsageFault_Handler                     0x08002c3c   Section        0  stm32f10x_it.o(i.UsageFault_Handler)
    i.W25Q64_Init                            0x08002c40   Section        0  w25q64.o(i.W25Q64_Init)
    i.W25Q64_PageProgram                     0x08002c48   Section        0  w25q64.o(i.W25Q64_PageProgram)
    i.W25Q64_ReadData                        0x08002c9a   Section        0  w25q64.o(i.W25Q64_ReadData)
    i.W25Q64_SectorErase                     0x08002cde   Section        0  w25q64.o(i.W25Q64_SectorErase)
    i.W25Q64_WaitBusy                        0x08002d18   Section        0  w25q64.o(i.W25Q64_WaitBusy)
    i.W25Q64_WriteEnable                     0x08002d48   Section        0  w25q64.o(i.W25Q64_WriteEnable)
    i.__ARM_fpclassify                       0x08002d5a   Section        0  fpclassify.o(i.__ARM_fpclassify)
    i._is_digit                              0x08002d82   Section        0  __printf_wp.o(i._is_digit)
    i._sys_exit                              0x08002d90   Section        0  usart.o(i._sys_exit)
    i.delay_init                             0x08002d94   Section        0  delay.o(i.delay_init)
    i.delay_ms                               0x08002dd8   Section        0  delay.o(i.delay_ms)
    i.get_usart3_receive_flag                0x08002e24   Section        0  usart3.o(i.get_usart3_receive_flag)
    i.get_usart3_rx_buffer                   0x08002e40   Section        0  usart3.o(i.get_usart3_rx_buffer)
    i.get_usart3_rx_len                      0x08002e64   Section        0  usart3.o(i.get_usart3_rx_len)
    i.main                                   0x08002e70   Section        0  main.o(i.main)
    i.usart1_init                            0x08002efc   Section        0  usart.o(i.usart1_init)
    i.usart3_idle_interrupt_init             0x08002f9c   Section        0  usart3.o(i.usart3_idle_interrupt_init)
    usart3_idle_interrupt_init               0x08002f9d   Thumb Code    54  usart3.o(i.usart3_idle_interrupt_init)
    i.usart3_init                            0x08002fd8   Section        0  usart3.o(i.usart3_init)
    i.usart3_periph_init                     0x08002fec   Section        0  usart3.o(i.usart3_periph_init)
    usart3_periph_init                       0x08002fed   Thumb Code   130  usart3.o(i.usart3_periph_init)
    i.usart3_printf                          0x08003078   Section        0  usart3.o(i.usart3_printf)
    i.usart3_rx_dma_init                     0x080030b4   Section        0  usart3.o(i.usart3_rx_dma_init)
    usart3_rx_dma_init                       0x080030b5   Thumb Code    58  usart3.o(i.usart3_rx_dma_init)
    i.usart3_send_byte_blocking              0x080030fc   Section        0  usart3.o(i.usart3_send_byte_blocking)
    i.w25q64_test                            0x0800311c   Section        0  main.o(i.w25q64_test)
    locale$$code                             0x080031b8   Section       44  lc_numeric_c.o(locale$$code)
    locale$$code                             0x080031e4   Section       44  lc_ctype_c.o(locale$$code)
    x$fpl$printf1                            0x08003210   Section        4  printf1.o(x$fpl$printf1)
    x$fpl$printf2                            0x08003214   Section        4  printf2.o(x$fpl$printf2)
    .constdata                               0x08003218   Section       44  usart3.o(.constdata)
    x$fpl$usenofp                            0x08003218   Section        0  usenofp.o(x$fpl$usenofp)
    .constdata                               0x08003244   Section        8  _printf_wctomb.o(.constdata)
    initial_mbstate                          0x08003244   Data           8  _printf_wctomb.o(.constdata)
    .constdata                               0x0800324c   Section       40  _printf_hex_int_ll_ptr.o(.constdata)
    uc_hextab                                0x0800324c   Data          20  _printf_hex_int_ll_ptr.o(.constdata)
    lc_hextab                                0x08003260   Data          20  _printf_hex_int_ll_ptr.o(.constdata)
    .constdata                               0x08003274   Section       17  __printf_flags_ss_wp.o(.constdata)
    maptable                                 0x08003274   Data          17  __printf_flags_ss_wp.o(.constdata)
    .constdata                               0x08003285   Section       38  _printf_fp_hex.o(.constdata)
    lc_hextab                                0x08003285   Data          19  _printf_fp_hex.o(.constdata)
    uc_hextab                                0x08003298   Data          19  _printf_fp_hex.o(.constdata)
    .constdata                               0x080032ac   Section      148  bigflt0.o(.constdata)
    tenpwrs_x                                0x080032ac   Data          60  bigflt0.o(.constdata)
    tenpwrs_i                                0x080032e8   Data          64  bigflt0.o(.constdata)
    locale$$data                             0x08003360   Section       28  lc_numeric_c.o(locale$$data)
    __lcnum_c_name                           0x08003364   Data           2  lc_numeric_c.o(locale$$data)
    __lcnum_c_start                          0x0800336c   Data           0  lc_numeric_c.o(locale$$data)
    __lcnum_c_point                          0x08003378   Data           0  lc_numeric_c.o(locale$$data)
    __lcnum_c_thousands                      0x0800337a   Data           0  lc_numeric_c.o(locale$$data)
    __lcnum_c_grouping                       0x0800337b   Data           0  lc_numeric_c.o(locale$$data)
    locale$$data                             0x0800337c   Section      272  lc_ctype_c.o(locale$$data)
    __lcnum_c_end                            0x0800337c   Data           0  lc_numeric_c.o(locale$$data)
    __lcctype_c_name                         0x08003380   Data           2  lc_ctype_c.o(locale$$data)
    __lcctype_c_start                        0x08003388   Data           0  lc_ctype_c.o(locale$$data)
    __lcctype_c_end                          0x0800348c   Data           0  lc_ctype_c.o(locale$$data)
    .data                                    0x20000000   Section       20  system_stm32f10x.o(.data)
    .data                                    0x20000014   Section       20  stm32f10x_rcc.o(.data)
    APBAHBPrescTable                         0x20000014   Data          16  stm32f10x_rcc.o(.data)
    ADCPrescTable                            0x20000024   Data           4  stm32f10x_rcc.o(.data)
    .data                                    0x20000028   Section        4  delay.o(.data)
    fac_us                                   0x20000028   Data           1  delay.o(.data)
    fac_ms                                   0x2000002a   Data           2  delay.o(.data)
    .data                                    0x2000002c   Section       10  timer.o(.data)
    .data                                    0x20000036   Section        4  usart3.o(.data)
    .bss                                     0x2000003c   Section     2560  usart3.o(.bss)
    .bss                                     0x20000a3c   Section      512  main.o(.bss)
    .bss                                     0x20000c3c   Section       96  libspace.o(.bss)
    HEAP                                     0x20000ca0   Section      512  startup_stm32f10x_md.o(HEAP)
    Heap_Mem                                 0x20000ca0   Data         512  startup_stm32f10x_md.o(HEAP)
    STACK                                    0x20000ea0   Section     1024  startup_stm32f10x_md.o(STACK)
    Stack_Mem                                0x20000ea0   Data        1024  startup_stm32f10x_md.o(STACK)
    __initial_sp                             0x200012a0   Data           0  startup_stm32f10x_md.o(STACK)

    Global Symbols

    Symbol Name                              Value     Ov Type        Size  Object(Section)

    BuildAttributes$$THM_ISAv4$P$D$K$B$S$PE$A:L22UL41UL21$X:L11$S22US41US21$IEEE1$IW$USESV6$~STKCKD$USESV7$~SHL$OTIME$ROPI$IEEEJ$EBA8$UX$STANDARDLIB$REQ8$PRES8$EABIv2 0x00000000   Number         0  anon$$obj.o ABSOLUTE
    __ARM_use_no_argv                        0x00000000   Number         0  main.o ABSOLUTE
    _printf_flags                            0x00000000   Number         0  printf_stubs.o ABSOLUTE
    _printf_return_value                     0x00000000   Number         0  printf_stubs.o ABSOLUTE
    _printf_sizespec                         0x00000000   Number         0  printf_stubs.o ABSOLUTE
    _printf_widthprec                        0x00000000   Number         0  printf_stubs.o ABSOLUTE
    __ARM_exceptions_init                     - Undefined Weak Reference
    __alloca_initialize                       - Undefined Weak Reference
    __arm_preinit_                            - Undefined Weak Reference
    __cpp_initialize__aeabi_                  - Undefined Weak Reference
    __cxa_finalize                            - Undefined Weak Reference
    __sigvec_lookup                           - Undefined Weak Reference
    _atexit_init                              - Undefined Weak Reference
    _call_atexit_fns                          - Undefined Weak Reference
    _clock_init                               - Undefined Weak Reference
    _fp_trap_init                             - Undefined Weak Reference
    _fp_trap_shutdown                         - Undefined Weak Reference
    _get_lc_collate                           - Undefined Weak Reference
    _get_lc_monetary                          - Undefined Weak Reference
    _get_lc_time                              - Undefined Weak Reference
    _getenv_init                              - Undefined Weak Reference
    _handle_redirection                       - Undefined Weak Reference
    _init_alloc                               - Undefined Weak Reference
    _init_user_alloc                          - Undefined Weak Reference
    _initio                                   - Undefined Weak Reference
    _printf_mbtowc                            - Undefined Weak Reference
    _printf_wc                                - Undefined Weak Reference
    _rand_init                                - Undefined Weak Reference
    _signal_finish                            - Undefined Weak Reference
    _signal_init                              - Undefined Weak Reference
    _terminate_alloc                          - Undefined Weak Reference
    _terminate_user_alloc                     - Undefined Weak Reference
    _terminateio                              - Undefined Weak Reference
    __Vectors_Size                           0x000000ec   Number         0  startup_stm32f10x_md.o ABSOLUTE
    __Vectors                                0x08000000   Data           4  startup_stm32f10x_md.o(RESET)
    __Vectors_End                            0x080000ec   Data           0  startup_stm32f10x_md.o(RESET)
    __main                                   0x080000ed   Thumb Code     8  __main.o(!!!main)
    __scatterload                            0x080000f5   Thumb Code     0  __scatter.o(!!!scatter)
    __scatterload_rt2                        0x080000f5   Thumb Code    44  __scatter.o(!!!scatter)
    __scatterload_rt2_thumb_only             0x080000f5   Thumb Code     0  __scatter.o(!!!scatter)
    __scatterload_null                       0x08000103   Thumb Code     0  __scatter.o(!!!scatter)
    __scatterload_copy                       0x08000129   Thumb Code    26  __scatter_copy.o(!!handler_copy)
    __scatterload_zeroinit                   0x08000145   Thumb Code    28  __scatter_zi.o(!!handler_zi)
    _printf_n                                0x08000161   Thumb Code     0  _printf_n.o(.ARM.Collect$$_printf_percent$$00000001)
    _printf_percent                          0x08000161   Thumb Code     0  _printf_percent.o(.ARM.Collect$$_printf_percent$$00000000)
    _printf_p                                0x08000167   Thumb Code     0  _printf_p.o(.ARM.Collect$$_printf_percent$$00000002)
    _printf_f                                0x0800016d   Thumb Code     0  _printf_f.o(.ARM.Collect$$_printf_percent$$00000003)
    _printf_e                                0x08000173   Thumb Code     0  _printf_e.o(.ARM.Collect$$_printf_percent$$00000004)
    _printf_g                                0x08000179   Thumb Code     0  _printf_g.o(.ARM.Collect$$_printf_percent$$00000005)
    _printf_a                                0x0800017f   Thumb Code     0  _printf_a.o(.ARM.Collect$$_printf_percent$$00000006)
    _printf_ll                               0x08000185   Thumb Code     0  _printf_ll.o(.ARM.Collect$$_printf_percent$$00000007)
    _printf_i                                0x0800018f   Thumb Code     0  _printf_i.o(.ARM.Collect$$_printf_percent$$00000008)
    _printf_d                                0x08000195   Thumb Code     0  _printf_d.o(.ARM.Collect$$_printf_percent$$00000009)
    _printf_u                                0x0800019b   Thumb Code     0  _printf_u.o(.ARM.Collect$$_printf_percent$$0000000A)
    _printf_o                                0x080001a1   Thumb Code     0  _printf_o.o(.ARM.Collect$$_printf_percent$$0000000B)
    _printf_x                                0x080001a7   Thumb Code     0  _printf_x.o(.ARM.Collect$$_printf_percent$$0000000C)
    _printf_lli                              0x080001ad   Thumb Code     0  _printf_lli.o(.ARM.Collect$$_printf_percent$$0000000D)
    _printf_lld                              0x080001b3   Thumb Code     0  _printf_lld.o(.ARM.Collect$$_printf_percent$$0000000E)
    _printf_llu                              0x080001b9   Thumb Code     0  _printf_llu.o(.ARM.Collect$$_printf_percent$$0000000F)
    _printf_llo                              0x080001bf   Thumb Code     0  _printf_llo.o(.ARM.Collect$$_printf_percent$$00000010)
    _printf_llx                              0x080001c5   Thumb Code     0  _printf_llx.o(.ARM.Collect$$_printf_percent$$00000011)
    _printf_l                                0x080001cb   Thumb Code     0  _printf_l.o(.ARM.Collect$$_printf_percent$$00000012)
    _printf_c                                0x080001d5   Thumb Code     0  _printf_c.o(.ARM.Collect$$_printf_percent$$00000013)
    _printf_s                                0x080001db   Thumb Code     0  _printf_s.o(.ARM.Collect$$_printf_percent$$00000014)
    _printf_lc                               0x080001e1   Thumb Code     0  _printf_lc.o(.ARM.Collect$$_printf_percent$$00000015)
    _printf_ls                               0x080001e7   Thumb Code     0  _printf_ls.o(.ARM.Collect$$_printf_percent$$00000016)
    _printf_percent_end                      0x080001ed   Thumb Code     0  _printf_percent_end.o(.ARM.Collect$$_printf_percent$$00000017)
    __rt_lib_init                            0x080001f1   Thumb Code     0  libinit.o(.ARM.Collect$$libinit$$00000000)
    __rt_lib_init_fp_1                       0x080001f3   Thumb Code     0  libinit2.o(.ARM.Collect$$libinit$$00000002)
    __rt_lib_init_heap_1                     0x080001f3   Thumb Code     0  libinit2.o(.ARM.Collect$$libinit$$0000000A)
    __rt_lib_init_lc_common                  0x080001f3   Thumb Code     0  libinit2.o(.ARM.Collect$$libinit$$0000000F)
    __rt_lib_init_preinit_1                  0x080001f3   Thumb Code     0  libinit2.o(.ARM.Collect$$libinit$$00000004)
    __rt_lib_init_rand_1                     0x080001f3   Thumb Code     0  libinit2.o(.ARM.Collect$$libinit$$0000000E)
    __rt_lib_init_user_alloc_1               0x080001f3   Thumb Code     0  libinit2.o(.ARM.Collect$$libinit$$0000000C)
    __rt_lib_init_lc_collate_1               0x080001f9   Thumb Code     0  libinit2.o(.ARM.Collect$$libinit$$00000011)
    __rt_lib_init_lc_ctype_2                 0x080001f9   Thumb Code     0  libinit2.o(.ARM.Collect$$libinit$$00000012)
    __rt_lib_init_lc_ctype_1                 0x08000205   Thumb Code     0  libinit2.o(.ARM.Collect$$libinit$$00000013)
    __rt_lib_init_lc_monetary_1              0x08000205   Thumb Code     0  libinit2.o(.ARM.Collect$$libinit$$00000015)
    __rt_lib_init_lc_numeric_2               0x08000205   Thumb Code     0  libinit2.o(.ARM.Collect$$libinit$$00000016)
    __rt_lib_init_alloca_1                   0x0800020f   Thumb Code     0  libinit2.o(.ARM.Collect$$libinit$$0000002E)
    __rt_lib_init_argv_1                     0x0800020f   Thumb Code     0  libinit2.o(.ARM.Collect$$libinit$$0000002C)
    __rt_lib_init_atexit_1                   0x0800020f   Thumb Code     0  libinit2.o(.ARM.Collect$$libinit$$0000001B)
    __rt_lib_init_clock_1                    0x0800020f   Thumb Code     0  libinit2.o(.ARM.Collect$$libinit$$00000021)
    __rt_lib_init_cpp_1                      0x0800020f   Thumb Code     0  libinit2.o(.ARM.Collect$$libinit$$00000032)
    __rt_lib_init_exceptions_1               0x0800020f   Thumb Code     0  libinit2.o(.ARM.Collect$$libinit$$00000030)
    __rt_lib_init_fp_trap_1                  0x0800020f   Thumb Code     0  libinit2.o(.ARM.Collect$$libinit$$0000001F)
    __rt_lib_init_getenv_1                   0x0800020f   Thumb Code     0  libinit2.o(.ARM.Collect$$libinit$$00000023)
    __rt_lib_init_lc_numeric_1               0x0800020f   Thumb Code     0  libinit2.o(.ARM.Collect$$libinit$$00000017)
    __rt_lib_init_lc_time_1                  0x0800020f   Thumb Code     0  libinit2.o(.ARM.Collect$$libinit$$00000019)
    __rt_lib_init_return                     0x0800020f   Thumb Code     0  libinit2.o(.ARM.Collect$$libinit$$00000033)
    __rt_lib_init_signal_1                   0x0800020f   Thumb Code     0  libinit2.o(.ARM.Collect$$libinit$$0000001D)
    __rt_lib_init_stdio_1                    0x0800020f   Thumb Code     0  libinit2.o(.ARM.Collect$$libinit$$00000025)
    __rt_lib_shutdown                        0x08000211   Thumb Code     0  libshutdown.o(.ARM.Collect$$libshutdown$$00000000)
    __rt_lib_shutdown_cpp_1                  0x08000213   Thumb Code     0  libshutdown2.o(.ARM.Collect$$libshutdown$$00000002)
    __rt_lib_shutdown_fp_trap_1              0x08000213   Thumb Code     0  libshutdown2.o(.ARM.Collect$$libshutdown$$00000007)
    __rt_lib_shutdown_heap_1                 0x08000213   Thumb Code     0  libshutdown2.o(.ARM.Collect$$libshutdown$$0000000F)
    __rt_lib_shutdown_return                 0x08000213   Thumb Code     0  libshutdown2.o(.ARM.Collect$$libshutdown$$00000010)
    __rt_lib_shutdown_signal_1               0x08000213   Thumb Code     0  libshutdown2.o(.ARM.Collect$$libshutdown$$0000000A)
    __rt_lib_shutdown_stdio_1                0x08000213   Thumb Code     0  libshutdown2.o(.ARM.Collect$$libshutdown$$00000004)
    __rt_lib_shutdown_user_alloc_1           0x08000213   Thumb Code     0  libshutdown2.o(.ARM.Collect$$libshutdown$$0000000C)
    __rt_entry                               0x08000215   Thumb Code     0  __rtentry.o(.ARM.Collect$$rtentry$$00000000)
    __rt_entry_presh_1                       0x08000215   Thumb Code     0  __rtentry2.o(.ARM.Collect$$rtentry$$00000002)
    __rt_entry_sh                            0x08000215   Thumb Code     0  __rtentry4.o(.ARM.Collect$$rtentry$$00000004)
    __rt_entry_li                            0x0800021b   Thumb Code     0  __rtentry2.o(.ARM.Collect$$rtentry$$0000000A)
    __rt_entry_postsh_1                      0x0800021b   Thumb Code     0  __rtentry2.o(.ARM.Collect$$rtentry$$00000009)
    __rt_entry_main                          0x0800021f   Thumb Code     0  __rtentry2.o(.ARM.Collect$$rtentry$$0000000D)
    __rt_entry_postli_1                      0x0800021f   Thumb Code     0  __rtentry2.o(.ARM.Collect$$rtentry$$0000000C)
    __rt_exit                                0x08000227   Thumb Code     0  rtexit.o(.ARM.Collect$$rtexit$$00000000)
    __rt_exit_ls                             0x08000229   Thumb Code     0  rtexit2.o(.ARM.Collect$$rtexit$$00000003)
    __rt_exit_prels_1                        0x08000229   Thumb Code     0  rtexit2.o(.ARM.Collect$$rtexit$$00000002)
    __rt_exit_exit                           0x0800022d   Thumb Code     0  rtexit2.o(.ARM.Collect$$rtexit$$00000004)
    Reset_Handler                            0x08000235   Thumb Code     8  startup_stm32f10x_md.o(.text)
    ADC1_2_IRQHandler                        0x0800024f   Thumb Code     0  startup_stm32f10x_md.o(.text)
    CAN1_RX1_IRQHandler                      0x0800024f   Thumb Code     0  startup_stm32f10x_md.o(.text)
    CAN1_SCE_IRQHandler                      0x0800024f   Thumb Code     0  startup_stm32f10x_md.o(.text)
    DMA1_Channel1_IRQHandler                 0x0800024f   Thumb Code     0  startup_stm32f10x_md.o(.text)
    DMA1_Channel2_IRQHandler                 0x0800024f   Thumb Code     0  startup_stm32f10x_md.o(.text)
    DMA1_Channel3_IRQHandler                 0x0800024f   Thumb Code     0  startup_stm32f10x_md.o(.text)
    DMA1_Channel4_IRQHandler                 0x0800024f   Thumb Code     0  startup_stm32f10x_md.o(.text)
    DMA1_Channel5_IRQHandler                 0x0800024f   Thumb Code     0  startup_stm32f10x_md.o(.text)
    DMA1_Channel6_IRQHandler                 0x0800024f   Thumb Code     0  startup_stm32f10x_md.o(.text)
    DMA1_Channel7_IRQHandler                 0x0800024f   Thumb Code     0  startup_stm32f10x_md.o(.text)
    EXTI0_IRQHandler                         0x0800024f   Thumb Code     0  startup_stm32f10x_md.o(.text)
    EXTI15_10_IRQHandler                     0x0800024f   Thumb Code     0  startup_stm32f10x_md.o(.text)
    EXTI1_IRQHandler                         0x0800024f   Thumb Code     0  startup_stm32f10x_md.o(.text)
    EXTI2_IRQHandler                         0x0800024f   Thumb Code     0  startup_stm32f10x_md.o(.text)
    EXTI3_IRQHandler                         0x0800024f   Thumb Code     0  startup_stm32f10x_md.o(.text)
    EXTI4_IRQHandler                         0x0800024f   Thumb Code     0  startup_stm32f10x_md.o(.text)
    EXTI9_5_IRQHandler                       0x0800024f   Thumb Code     0  startup_stm32f10x_md.o(.text)
    FLASH_IRQHandler                         0x0800024f   Thumb Code     0  startup_stm32f10x_md.o(.text)
    I2C1_ER_IRQHandler                       0x0800024f   Thumb Code     0  startup_stm32f10x_md.o(.text)
    I2C1_EV_IRQHandler                       0x0800024f   Thumb Code     0  startup_stm32f10x_md.o(.text)
    I2C2_ER_IRQHandler                       0x0800024f   Thumb Code     0  startup_stm32f10x_md.o(.text)
    I2C2_EV_IRQHandler                       0x0800024f   Thumb Code     0  startup_stm32f10x_md.o(.text)
    PVD_IRQHandler                           0x0800024f   Thumb Code     0  startup_stm32f10x_md.o(.text)
    RCC_IRQHandler                           0x0800024f   Thumb Code     0  startup_stm32f10x_md.o(.text)
    RTCAlarm_IRQHandler                      0x0800024f   Thumb Code     0  startup_stm32f10x_md.o(.text)
    RTC_IRQHandler                           0x0800024f   Thumb Code     0  startup_stm32f10x_md.o(.text)
    SPI1_IRQHandler                          0x0800024f   Thumb Code     0  startup_stm32f10x_md.o(.text)
    SPI2_IRQHandler                          0x0800024f   Thumb Code     0  startup_stm32f10x_md.o(.text)
    TAMPER_IRQHandler                        0x0800024f   Thumb Code     0  startup_stm32f10x_md.o(.text)
    TIM1_BRK_IRQHandler                      0x0800024f   Thumb Code     0  startup_stm32f10x_md.o(.text)
    TIM1_CC_IRQHandler                       0x0800024f   Thumb Code     0  startup_stm32f10x_md.o(.text)
    TIM1_TRG_COM_IRQHandler                  0x0800024f   Thumb Code     0  startup_stm32f10x_md.o(.text)
    TIM1_UP_IRQHandler                       0x0800024f   Thumb Code     0  startup_stm32f10x_md.o(.text)
    TIM2_IRQHandler                          0x0800024f   Thumb Code     0  startup_stm32f10x_md.o(.text)
    TIM3_IRQHandler                          0x0800024f   Thumb Code     0  startup_stm32f10x_md.o(.text)
    USART2_IRQHandler                        0x0800024f   Thumb Code     0  startup_stm32f10x_md.o(.text)
    USBWakeUp_IRQHandler                     0x0800024f   Thumb Code     0  startup_stm32f10x_md.o(.text)
    USB_HP_CAN1_TX_IRQHandler                0x0800024f   Thumb Code     0  startup_stm32f10x_md.o(.text)
    USB_LP_CAN1_RX0_IRQHandler               0x0800024f   Thumb Code     0  startup_stm32f10x_md.o(.text)
    WWDG_IRQHandler                          0x0800024f   Thumb Code     0  startup_stm32f10x_md.o(.text)
    __user_initial_stackheap                 0x08000251   Thumb Code     0  startup_stm32f10x_md.o(.text)
    __use_no_semihosting                     0x08000275   Thumb Code     2  use_no_semi_2.o(.text)
    vsprintf                                 0x08000279   Thumb Code    32  vsprintf.o(.text)
    strlen                                   0x0800029d   Thumb Code    62  strlen.o(.text)
    __aeabi_memcpy4                          0x080002db   Thumb Code     0  rt_memcpy_w.o(.text)
    __aeabi_memcpy8                          0x080002db   Thumb Code     0  rt_memcpy_w.o(.text)
    __rt_memcpy_w                            0x080002db   Thumb Code   100  rt_memcpy_w.o(.text)
    _memcpy_lastbytes_aligned                0x08000323   Thumb Code     0  rt_memcpy_w.o(.text)
    __aeabi_memclr4                          0x0800033f   Thumb Code     0  rt_memclr_w.o(.text)
    __aeabi_memclr8                          0x0800033f   Thumb Code     0  rt_memclr_w.o(.text)
    __rt_memclr_w                            0x0800033f   Thumb Code    78  rt_memclr_w.o(.text)
    _memset_w                                0x08000343   Thumb Code     0  rt_memclr_w.o(.text)
    __use_two_region_memory                  0x0800038d   Thumb Code     2  heapauxi.o(.text)
    __rt_heap_escrow$2region                 0x0800038f   Thumb Code     2  heapauxi.o(.text)
    __rt_heap_expand$2region                 0x08000391   Thumb Code     2  heapauxi.o(.text)
    __I$use$semihosting                      0x08000393   Thumb Code     0  use_no_semi.o(.text)
    __use_no_semihosting_swi                 0x08000393   Thumb Code     2  use_no_semi.o(.text)
    _printf_pre_padding                      0x08000395   Thumb Code    44  _printf_pad.o(.text)
    _printf_post_padding                     0x080003c1   Thumb Code    34  _printf_pad.o(.text)
    _printf_truncate_signed                  0x080003e3   Thumb Code    18  _printf_truncate.o(.text)
    _printf_truncate_unsigned                0x080003f5   Thumb Code    18  _printf_truncate.o(.text)
    _printf_str                              0x08000407   Thumb Code    82  _printf_str.o(.text)
    _printf_int_dec                          0x08000459   Thumb Code   104  _printf_dec.o(.text)
    _printf_charcount                        0x080004d1   Thumb Code    40  _printf_charcount.o(.text)
    _printf_char_common                      0x08000503   Thumb Code    32  _printf_char_common.o(.text)
    _sputc                                   0x08000529   Thumb Code    10  _sputc.o(.text)
    _printf_wctomb                           0x08000535   Thumb Code   182  _printf_wctomb.o(.text)
    _printf_longlong_dec                     0x080005f1   Thumb Code   108  _printf_longlong_dec.o(.text)
    _printf_longlong_oct                     0x0800066d   Thumb Code    66  _printf_oct_int_ll.o(.text)
    _printf_int_oct                          0x080006af   Thumb Code    24  _printf_oct_int_ll.o(.text)
    _printf_ll_oct                           0x080006c7   Thumb Code    12  _printf_oct_int_ll.o(.text)
    _printf_longlong_hex                     0x080006dd   Thumb Code    86  _printf_hex_int_ll_ptr.o(.text)
    _printf_int_hex                          0x08000733   Thumb Code    28  _printf_hex_int_ll_ptr.o(.text)
    _printf_ll_hex                           0x0800074f   Thumb Code    12  _printf_hex_int_ll_ptr.o(.text)
    _printf_hex_ptr                          0x0800075b   Thumb Code    18  _printf_hex_int_ll_ptr.o(.text)
    __printf                                 0x08000771   Thumb Code   388  __printf_flags_ss_wp.o(.text)
    _ll_udiv10                               0x080008f9   Thumb Code   138  lludiv10.o(.text)
    _printf_int_common                       0x08000983   Thumb Code   178  _printf_intcommon.o(.text)
    __lib_sel_fp_printf                      0x08000a35   Thumb Code     2  _printf_fp_dec.o(.text)
    _printf_fp_dec_real                      0x08000be7   Thumb Code   620  _printf_fp_dec.o(.text)
    _printf_fp_hex_real                      0x08000e55   Thumb Code   756  _printf_fp_hex.o(.text)
    _printf_cs_common                        0x08001151   Thumb Code    20  _printf_char.o(.text)
    _printf_char                             0x08001165   Thumb Code    16  _printf_char.o(.text)
    _printf_string                           0x08001175   Thumb Code     8  _printf_char.o(.text)
    _printf_lcs_common                       0x0800117d   Thumb Code    20  _printf_wchar.o(.text)
    _printf_wchar                            0x08001191   Thumb Code    16  _printf_wchar.o(.text)
    _printf_wstring                          0x080011a1   Thumb Code     8  _printf_wchar.o(.text)
    _wcrtomb                                 0x080011a9   Thumb Code    64  _wcrtomb.o(.text)
    __user_setup_stackheap                   0x080011e9   Thumb Code    74  sys_stackheap_outer.o(.text)
    __rt_ctype_table                         0x08001235   Thumb Code    16  rt_ctype_table.o(.text)
    __rt_locale                              0x08001245   Thumb Code     8  rt_locale_intlibspace.o(.text)
    _printf_fp_infnan                        0x0800124d   Thumb Code   112  _printf_fp_infnan.o(.text)
    _btod_etento                             0x080012cd   Thumb Code   224  bigflt0.o(.text)
    exit                                     0x080013b1   Thumb Code    18  exit.o(.text)
    __user_libspace                          0x080013c5   Thumb Code     8  libspace.o(.text)
    __user_perproc_libspace                  0x080013c5   Thumb Code     0  libspace.o(.text)
    __user_perthread_libspace                0x080013c5   Thumb Code     0  libspace.o(.text)
    strcmp                                   0x080013cd   Thumb Code   128  strcmpv7m.o(.text)
    _btod_d2e                                0x0800144d   Thumb Code    62  btod.o(CL$$btod_d2e)
    _d2e_denorm_low                          0x0800148b   Thumb Code    70  btod.o(CL$$btod_d2e_denorm_low)
    _d2e_norm_op1                            0x080014d1   Thumb Code    96  btod.o(CL$$btod_d2e_norm_op1)
    __btod_div_common                        0x08001531   Thumb Code   696  btod.o(CL$$btod_div_common)
    _e2e                                     0x08001869   Thumb Code   220  btod.o(CL$$btod_e2e)
    _btod_ediv                               0x08001945   Thumb Code    42  btod.o(CL$$btod_ediv)
    _btod_emul                               0x0800196f   Thumb Code    42  btod.o(CL$$btod_emul)
    __btod_mult_common                       0x08001999   Thumb Code   580  btod.o(CL$$btod_mult_common)
    AT24C256_ReadBuffer                      0x08001bdd   Thumb Code   210  at24c256.o(i.AT24C256_ReadBuffer)
    AT24C256_Test                            0x08001cbd   Thumb Code   132  main.o(i.AT24C256_Test)
    AT24C256_WritePage                       0x08001da9   Thumb Code   170  at24c256.o(i.AT24C256_WritePage)
    BusFault_Handler                         0x08001e61   Thumb Code     4  stm32f10x_it.o(i.BusFault_Handler)
    DMA_Cmd                                  0x08001e65   Thumb Code    24  stm32f10x_dma.o(i.DMA_Cmd)
    DMA_DeInit                               0x08001e7d   Thumb Code   324  stm32f10x_dma.o(i.DMA_DeInit)
    DMA_GetCurrDataCounter                   0x08001fc9   Thumb Code     8  stm32f10x_dma.o(i.DMA_GetCurrDataCounter)
    DMA_Init                                 0x08001fd1   Thumb Code    60  stm32f10x_dma.o(i.DMA_Init)
    DMA_SetCurrDataCounter                   0x0800200d   Thumb Code     4  stm32f10x_dma.o(i.DMA_SetCurrDataCounter)
    DebugMon_Handler                         0x08002011   Thumb Code     2  stm32f10x_it.o(i.DebugMon_Handler)
    GPIO_Init                                0x08002013   Thumb Code   278  stm32f10x_gpio.o(i.GPIO_Init)
    GPIO_ReadOutputDataBit                   0x08002129   Thumb Code    18  stm32f10x_gpio.o(i.GPIO_ReadOutputDataBit)
    GPIO_ResetBits                           0x0800213b   Thumb Code     4  stm32f10x_gpio.o(i.GPIO_ResetBits)
    GPIO_SetBits                             0x0800213f   Thumb Code     4  stm32f10x_gpio.o(i.GPIO_SetBits)
    GPIO_WriteBit                            0x08002143   Thumb Code    10  stm32f10x_gpio.o(i.GPIO_WriteBit)
    HardFault_Handler                        0x0800214d   Thumb Code     4  stm32f10x_it.o(i.HardFault_Handler)
    I2C_AcknowledgeConfig                    0x08002151   Thumb Code    24  stm32f10x_i2c.o(i.I2C_AcknowledgeConfig)
    I2C_CheckEvent                           0x08002169   Thumb Code    42  stm32f10x_i2c.o(i.I2C_CheckEvent)
    I2C_Cmd                                  0x08002193   Thumb Code    24  stm32f10x_i2c.o(i.I2C_Cmd)
    I2C_Configuration                        0x080021ad   Thumb Code   104  at24c256.o(i.I2C_Configuration)
    I2C_GenerateSTART                        0x08002221   Thumb Code    24  stm32f10x_i2c.o(i.I2C_GenerateSTART)
    I2C_GenerateSTOP                         0x08002239   Thumb Code    24  stm32f10x_i2c.o(i.I2C_GenerateSTOP)
    I2C_Init                                 0x08002251   Thumb Code   222  stm32f10x_i2c.o(i.I2C_Init)
    I2C_ReceiveData                          0x0800233d   Thumb Code     8  stm32f10x_i2c.o(i.I2C_ReceiveData)
    I2C_Send7bitAddress                      0x08002345   Thumb Code    18  stm32f10x_i2c.o(i.I2C_Send7bitAddress)
    I2C_SendData                             0x08002357   Thumb Code     4  stm32f10x_i2c.o(i.I2C_SendData)
    LED1_Turn                                0x08002385   Thumb Code    38  led.o(i.LED1_Turn)
    MemManage_Handler                        0x080023b1   Thumb Code     4  stm32f10x_it.o(i.MemManage_Handler)
    MySPI_Init                               0x080023b5   Thumb Code   174  myspi.o(i.MySPI_Init)
    MySPI_Start                              0x0800246d   Thumb Code    10  myspi.o(i.MySPI_Start)
    MySPI_Stop                               0x08002477   Thumb Code    10  myspi.o(i.MySPI_Stop)
    MySPI_SwapByte                           0x08002481   Thumb Code    50  myspi.o(i.MySPI_SwapByte)
    MySPI_W_SS                               0x080024b9   Thumb Code    16  myspi.o(i.MySPI_W_SS)
    NMI_Handler                              0x080024cd   Thumb Code     2  stm32f10x_it.o(i.NMI_Handler)
    NVIC_Init                                0x080024d1   Thumb Code   100  misc.o(i.NVIC_Init)
    NVIC_PriorityGroupConfig                 0x08002541   Thumb Code    10  misc.o(i.NVIC_PriorityGroupConfig)
    PendSV_Handler                           0x08002555   Thumb Code     2  stm32f10x_it.o(i.PendSV_Handler)
    RCC_AHBPeriphClockCmd                    0x08002559   Thumb Code    26  stm32f10x_rcc.o(i.RCC_AHBPeriphClockCmd)
    RCC_APB1PeriphClockCmd                   0x08002579   Thumb Code    26  stm32f10x_rcc.o(i.RCC_APB1PeriphClockCmd)
    RCC_APB1PeriphResetCmd                   0x08002599   Thumb Code    26  stm32f10x_rcc.o(i.RCC_APB1PeriphResetCmd)
    RCC_APB2PeriphClockCmd                   0x080025b9   Thumb Code    26  stm32f10x_rcc.o(i.RCC_APB2PeriphClockCmd)
    RCC_APB2PeriphResetCmd                   0x080025d9   Thumb Code    26  stm32f10x_rcc.o(i.RCC_APB2PeriphResetCmd)
    RCC_GetClocksFreq                        0x080025f9   Thumb Code   192  stm32f10x_rcc.o(i.RCC_GetClocksFreq)
    SPI_Cmd                                  0x080026cd   Thumb Code    24  stm32f10x_spi.o(i.SPI_Cmd)
    SPI_I2S_GetFlagStatus                    0x080026e5   Thumb Code    18  stm32f10x_spi.o(i.SPI_I2S_GetFlagStatus)
    SPI_I2S_ReceiveData                      0x080026f7   Thumb Code     6  stm32f10x_spi.o(i.SPI_I2S_ReceiveData)
    SPI_I2S_SendData                         0x080026fd   Thumb Code     4  stm32f10x_spi.o(i.SPI_I2S_SendData)
    SPI_Init                                 0x08002701   Thumb Code    60  stm32f10x_spi.o(i.SPI_Init)
    SVC_Handler                              0x0800273d   Thumb Code     2  stm32f10x_it.o(i.SVC_Handler)
    SysTick_CLKSourceConfig                  0x08002829   Thumb Code    40  misc.o(i.SysTick_CLKSourceConfig)
    SysTick_Handler                          0x08002851   Thumb Code     2  stm32f10x_it.o(i.SysTick_Handler)
    SystemInit                               0x08002855   Thumb Code    78  system_stm32f10x.o(i.SystemInit)
    TIM4_IRQHandler                          0x080028b5   Thumb Code    58  timer.o(i.TIM4_IRQHandler)
    TIM_ClearITPendingBit                    0x08002901   Thumb Code     6  stm32f10x_tim.o(i.TIM_ClearITPendingBit)
    TIM_GetITStatus                          0x08002907   Thumb Code    34  stm32f10x_tim.o(i.TIM_GetITStatus)
    USART1_IRQHandler                        0x08002929   Thumb Code    14  usart.o(i.USART1_IRQHandler)
    USART3_IRQHandler                        0x0800293d   Thumb Code    92  usart3.o(i.USART3_IRQHandler)
    USART_ClearFlag                          0x080029ad   Thumb Code    18  stm32f10x_usart.o(i.USART_ClearFlag)
    USART_ClearITPendingBit                  0x080029bf   Thumb Code    30  stm32f10x_usart.o(i.USART_ClearITPendingBit)
    USART_Cmd                                0x080029dd   Thumb Code    24  stm32f10x_usart.o(i.USART_Cmd)
    USART_DMACmd                             0x080029f5   Thumb Code    18  stm32f10x_usart.o(i.USART_DMACmd)
    USART_DeInit                             0x08002a09   Thumb Code   134  stm32f10x_usart.o(i.USART_DeInit)
    USART_GetFlagStatus                      0x08002aa5   Thumb Code    26  stm32f10x_usart.o(i.USART_GetFlagStatus)
    USART_GetITStatus                        0x08002abf   Thumb Code    84  stm32f10x_usart.o(i.USART_GetITStatus)
    USART_ITConfig                           0x08002b13   Thumb Code    74  stm32f10x_usart.o(i.USART_ITConfig)
    USART_Init                               0x08002b5d   Thumb Code   210  stm32f10x_usart.o(i.USART_Init)
    USART_SendData                           0x08002c35   Thumb Code     8  stm32f10x_usart.o(i.USART_SendData)
    UsageFault_Handler                       0x08002c3d   Thumb Code     4  stm32f10x_it.o(i.UsageFault_Handler)
    W25Q64_Init                              0x08002c41   Thumb Code     8  w25q64.o(i.W25Q64_Init)
    W25Q64_PageProgram                       0x08002c49   Thumb Code    82  w25q64.o(i.W25Q64_PageProgram)
    W25Q64_ReadData                          0x08002c9b   Thumb Code    68  w25q64.o(i.W25Q64_ReadData)
    W25Q64_SectorErase                       0x08002cdf   Thumb Code    56  w25q64.o(i.W25Q64_SectorErase)
    W25Q64_WaitBusy                          0x08002d19   Thumb Code    44  w25q64.o(i.W25Q64_WaitBusy)
    W25Q64_WriteEnable                       0x08002d49   Thumb Code    18  w25q64.o(i.W25Q64_WriteEnable)
    __ARM_fpclassify                         0x08002d5b   Thumb Code    40  fpclassify.o(i.__ARM_fpclassify)
    _is_digit                                0x08002d83   Thumb Code    14  __printf_wp.o(i._is_digit)
    _sys_exit                                0x08002d91   Thumb Code     4  usart.o(i._sys_exit)
    delay_init                               0x08002d95   Thumb Code    50  delay.o(i.delay_init)
    delay_ms                                 0x08002dd9   Thumb Code    72  delay.o(i.delay_ms)
    get_usart3_receive_flag                  0x08002e25   Thumb Code    22  usart3.o(i.get_usart3_receive_flag)
    get_usart3_rx_buffer                     0x08002e41   Thumb Code    30  usart3.o(i.get_usart3_rx_buffer)
    get_usart3_rx_len                        0x08002e65   Thumb Code     6  usart3.o(i.get_usart3_rx_len)
    main                                     0x08002e71   Thumb Code    94  main.o(i.main)
    usart1_init                              0x08002efd   Thumb Code   152  usart.o(i.usart1_init)
    usart3_init                              0x08002fd9   Thumb Code    20  usart3.o(i.usart3_init)
    usart3_printf                            0x08003079   Thumb Code    56  usart3.o(i.usart3_printf)
    usart3_send_byte_blocking                0x080030fd   Thumb Code    28  usart3.o(i.usart3_send_byte_blocking)
    w25q64_test                              0x0800311d   Thumb Code   120  main.o(i.w25q64_test)
    _get_lc_numeric                          0x080031b9   Thumb Code    44  lc_numeric_c.o(locale$$code)
    _get_lc_ctype                            0x080031e5   Thumb Code    44  lc_ctype_c.o(locale$$code)
    _printf_fp_dec                           0x08003211   Thumb Code     4  printf1.o(x$fpl$printf1)
    _printf_fp_hex                           0x08003215   Thumb Code     4  printf2.o(x$fpl$printf2)
    __I$use$fp                               0x08003218   Number         0  usenofp.o(x$fpl$usenofp)
    Region$$Table$$Base                      0x08003340   Number         0  anon$$obj.o(Region$$Table)
    Region$$Table$$Limit                     0x08003360   Number         0  anon$$obj.o(Region$$Table)
    __ctype                                  0x08003389   Data           0  lc_ctype_c.o(locale$$data)
    SystemCoreClock                          0x20000000   Data           4  system_stm32f10x.o(.data)
    AHBPrescTable                            0x20000004   Data          16  system_stm32f10x.o(.data)
    time1_cntr                               0x2000002c   Data           4  timer.o(.data)
    time2_cntr                               0x20000030   Data           4  timer.o(.data)
    Study_time                               0x20000034   Data           2  timer.o(.data)
    usart3_receive_flag                      0x20000036   Data           1  usart3.o(.data)
    usart3_rx_len                            0x20000038   Data           2  usart3.o(.data)
    usart3_rx_buffer                         0x2000003c   Data        2048  usart3.o(.bss)
    usart3_tx_buffer                         0x2000083c   Data         512  usart3.o(.bss)
    rx_buffer                                0x20000a3c   Data         512  main.o(.bss)
    __libspace_start                         0x20000c3c   Data          96  libspace.o(.bss)
    __temporary_stack_top$libspace           0x20000c9c   Data           0  libspace.o(.bss)



==============================================================================

Memory Map of the image

  Image Entry point : 0x080000ed

  Load Region LR_IROM1 (Base: 0x08000000, Size: 0x000034c8, Max: 0x00010000, ABSOLUTE)

    Execution Region ER_IROM1 (Exec base: 0x08000000, Load base: 0x08000000, Size: 0x0000348c, Max: 0x00010000, ABSOLUTE)

    Exec Addr    Load Addr    Size         Type   Attr      Idx    E Section Name        Object

    0x08000000   0x08000000   0x000000ec   Data   RO            3    RESET               startup_stm32f10x_md.o
    0x080000ec   0x080000ec   0x00000008   Code   RO         4016  * !!!main             c_w.l(__main.o)
    0x080000f4   0x080000f4   0x00000034   Code   RO         4335    !!!scatter          c_w.l(__scatter.o)
    0x08000128   0x08000128   0x0000001a   Code   RO         4337    !!handler_copy      c_w.l(__scatter_copy.o)
    0x08000142   0x08000142   0x00000002   PAD
    0x08000144   0x08000144   0x0000001c   Code   RO         4339    !!handler_zi        c_w.l(__scatter_zi.o)
    0x08000160   0x08000160   0x00000000   Code   RO         4102    .ARM.Collect$$_printf_percent$$00000000  c_w.l(_printf_percent.o)
    0x08000160   0x08000160   0x00000006   Code   RO         4091    .ARM.Collect$$_printf_percent$$00000001  c_w.l(_printf_n.o)
    0x08000166   0x08000166   0x00000006   Code   RO         4093    .ARM.Collect$$_printf_percent$$00000002  c_w.l(_printf_p.o)
    0x0800016c   0x0800016c   0x00000006   Code   RO         4098    .ARM.Collect$$_printf_percent$$00000003  c_w.l(_printf_f.o)
    0x08000172   0x08000172   0x00000006   Code   RO         4099    .ARM.Collect$$_printf_percent$$00000004  c_w.l(_printf_e.o)
    0x08000178   0x08000178   0x00000006   Code   RO         4100    .ARM.Collect$$_printf_percent$$00000005  c_w.l(_printf_g.o)
    0x0800017e   0x0800017e   0x00000006   Code   RO         4101    .ARM.Collect$$_printf_percent$$00000006  c_w.l(_printf_a.o)
    0x08000184   0x08000184   0x0000000a   Code   RO         4106    .ARM.Collect$$_printf_percent$$00000007  c_w.l(_printf_ll.o)
    0x0800018e   0x0800018e   0x00000006   Code   RO         4095    .ARM.Collect$$_printf_percent$$00000008  c_w.l(_printf_i.o)
    0x08000194   0x08000194   0x00000006   Code   RO         4096    .ARM.Collect$$_printf_percent$$00000009  c_w.l(_printf_d.o)
    0x0800019a   0x0800019a   0x00000006   Code   RO         4097    .ARM.Collect$$_printf_percent$$0000000A  c_w.l(_printf_u.o)
    0x080001a0   0x080001a0   0x00000006   Code   RO         4094    .ARM.Collect$$_printf_percent$$0000000B  c_w.l(_printf_o.o)
    0x080001a6   0x080001a6   0x00000006   Code   RO         4092    .ARM.Collect$$_printf_percent$$0000000C  c_w.l(_printf_x.o)
    0x080001ac   0x080001ac   0x00000006   Code   RO         4103    .ARM.Collect$$_printf_percent$$0000000D  c_w.l(_printf_lli.o)
    0x080001b2   0x080001b2   0x00000006   Code   RO         4104    .ARM.Collect$$_printf_percent$$0000000E  c_w.l(_printf_lld.o)
    0x080001b8   0x080001b8   0x00000006   Code   RO         4105    .ARM.Collect$$_printf_percent$$0000000F  c_w.l(_printf_llu.o)
    0x080001be   0x080001be   0x00000006   Code   RO         4110    .ARM.Collect$$_printf_percent$$00000010  c_w.l(_printf_llo.o)
    0x080001c4   0x080001c4   0x00000006   Code   RO         4111    .ARM.Collect$$_printf_percent$$00000011  c_w.l(_printf_llx.o)
    0x080001ca   0x080001ca   0x0000000a   Code   RO         4107    .ARM.Collect$$_printf_percent$$00000012  c_w.l(_printf_l.o)
    0x080001d4   0x080001d4   0x00000006   Code   RO         4089    .ARM.Collect$$_printf_percent$$00000013  c_w.l(_printf_c.o)
    0x080001da   0x080001da   0x00000006   Code   RO         4090    .ARM.Collect$$_printf_percent$$00000014  c_w.l(_printf_s.o)
    0x080001e0   0x080001e0   0x00000006   Code   RO         4108    .ARM.Collect$$_printf_percent$$00000015  c_w.l(_printf_lc.o)
    0x080001e6   0x080001e6   0x00000006   Code   RO         4109    .ARM.Collect$$_printf_percent$$00000016  c_w.l(_printf_ls.o)
    0x080001ec   0x080001ec   0x00000004   Code   RO         4150    .ARM.Collect$$_printf_percent$$00000017  c_w.l(_printf_percent_end.o)
    0x080001f0   0x080001f0   0x00000002   Code   RO         4199    .ARM.Collect$$libinit$$00000000  c_w.l(libinit.o)
    0x080001f2   0x080001f2   0x00000000   Code   RO         4216    .ARM.Collect$$libinit$$00000002  c_w.l(libinit2.o)
    0x080001f2   0x080001f2   0x00000000   Code   RO         4218    .ARM.Collect$$libinit$$00000004  c_w.l(libinit2.o)
    0x080001f2   0x080001f2   0x00000000   Code   RO         4221    .ARM.Collect$$libinit$$0000000A  c_w.l(libinit2.o)
    0x080001f2   0x080001f2   0x00000000   Code   RO         4223    .ARM.Collect$$libinit$$0000000C  c_w.l(libinit2.o)
    0x080001f2   0x080001f2   0x00000000   Code   RO         4225    .ARM.Collect$$libinit$$0000000E  c_w.l(libinit2.o)
    0x080001f2   0x080001f2   0x00000006   Code   RO         4226    .ARM.Collect$$libinit$$0000000F  c_w.l(libinit2.o)
    0x080001f8   0x080001f8   0x00000000   Code   RO         4228    .ARM.Collect$$libinit$$00000011  c_w.l(libinit2.o)
    0x080001f8   0x080001f8   0x0000000c   Code   RO         4229    .ARM.Collect$$libinit$$00000012  c_w.l(libinit2.o)
    0x08000204   0x08000204   0x00000000   Code   RO         4230    .ARM.Collect$$libinit$$00000013  c_w.l(libinit2.o)
    0x08000204   0x08000204   0x00000000   Code   RO         4232    .ARM.Collect$$libinit$$00000015  c_w.l(libinit2.o)
    0x08000204   0x08000204   0x0000000a   Code   RO         4233    .ARM.Collect$$libinit$$00000016  c_w.l(libinit2.o)
    0x0800020e   0x0800020e   0x00000000   Code   RO         4234    .ARM.Collect$$libinit$$00000017  c_w.l(libinit2.o)
    0x0800020e   0x0800020e   0x00000000   Code   RO         4236    .ARM.Collect$$libinit$$00000019  c_w.l(libinit2.o)
    0x0800020e   0x0800020e   0x00000000   Code   RO         4238    .ARM.Collect$$libinit$$0000001B  c_w.l(libinit2.o)
    0x0800020e   0x0800020e   0x00000000   Code   RO         4240    .ARM.Collect$$libinit$$0000001D  c_w.l(libinit2.o)
    0x0800020e   0x0800020e   0x00000000   Code   RO         4242    .ARM.Collect$$libinit$$0000001F  c_w.l(libinit2.o)
    0x0800020e   0x0800020e   0x00000000   Code   RO         4244    .ARM.Collect$$libinit$$00000021  c_w.l(libinit2.o)
    0x0800020e   0x0800020e   0x00000000   Code   RO         4246    .ARM.Collect$$libinit$$00000023  c_w.l(libinit2.o)
    0x0800020e   0x0800020e   0x00000000   Code   RO         4248    .ARM.Collect$$libinit$$00000025  c_w.l(libinit2.o)
    0x0800020e   0x0800020e   0x00000000   Code   RO         4252    .ARM.Collect$$libinit$$0000002C  c_w.l(libinit2.o)
    0x0800020e   0x0800020e   0x00000000   Code   RO         4254    .ARM.Collect$$libinit$$0000002E  c_w.l(libinit2.o)
    0x0800020e   0x0800020e   0x00000000   Code   RO         4256    .ARM.Collect$$libinit$$00000030  c_w.l(libinit2.o)
    0x0800020e   0x0800020e   0x00000000   Code   RO         4258    .ARM.Collect$$libinit$$00000032  c_w.l(libinit2.o)
    0x0800020e   0x0800020e   0x00000002   Code   RO         4259    .ARM.Collect$$libinit$$00000033  c_w.l(libinit2.o)
    0x08000210   0x08000210   0x00000002   Code   RO         4277    .ARM.Collect$$libshutdown$$00000000  c_w.l(libshutdown.o)
    0x08000212   0x08000212   0x00000000   Code   RO         4287    .ARM.Collect$$libshutdown$$00000002  c_w.l(libshutdown2.o)
    0x08000212   0x08000212   0x00000000   Code   RO         4289    .ARM.Collect$$libshutdown$$00000004  c_w.l(libshutdown2.o)
    0x08000212   0x08000212   0x00000000   Code   RO         4292    .ARM.Collect$$libshutdown$$00000007  c_w.l(libshutdown2.o)
    0x08000212   0x08000212   0x00000000   Code   RO         4295    .ARM.Collect$$libshutdown$$0000000A  c_w.l(libshutdown2.o)
    0x08000212   0x08000212   0x00000000   Code   RO         4297    .ARM.Collect$$libshutdown$$0000000C  c_w.l(libshutdown2.o)
    0x08000212   0x08000212   0x00000000   Code   RO         4300    .ARM.Collect$$libshutdown$$0000000F  c_w.l(libshutdown2.o)
    0x08000212   0x08000212   0x00000002   Code   RO         4301    .ARM.Collect$$libshutdown$$00000010  c_w.l(libshutdown2.o)
    0x08000214   0x08000214   0x00000000   Code   RO         4020    .ARM.Collect$$rtentry$$00000000  c_w.l(__rtentry.o)
    0x08000214   0x08000214   0x00000000   Code   RO         4121    .ARM.Collect$$rtentry$$00000002  c_w.l(__rtentry2.o)
    0x08000214   0x08000214   0x00000006   Code   RO         4133    .ARM.Collect$$rtentry$$00000004  c_w.l(__rtentry4.o)
    0x0800021a   0x0800021a   0x00000000   Code   RO         4123    .ARM.Collect$$rtentry$$00000009  c_w.l(__rtentry2.o)
    0x0800021a   0x0800021a   0x00000004   Code   RO         4124    .ARM.Collect$$rtentry$$0000000A  c_w.l(__rtentry2.o)
    0x0800021e   0x0800021e   0x00000000   Code   RO         4126    .ARM.Collect$$rtentry$$0000000C  c_w.l(__rtentry2.o)
    0x0800021e   0x0800021e   0x00000008   Code   RO         4127    .ARM.Collect$$rtentry$$0000000D  c_w.l(__rtentry2.o)
    0x08000226   0x08000226   0x00000002   Code   RO         4208    .ARM.Collect$$rtexit$$00000000  c_w.l(rtexit.o)
    0x08000228   0x08000228   0x00000000   Code   RO         4261    .ARM.Collect$$rtexit$$00000002  c_w.l(rtexit2.o)
    0x08000228   0x08000228   0x00000004   Code   RO         4262    .ARM.Collect$$rtexit$$00000003  c_w.l(rtexit2.o)
    0x0800022c   0x0800022c   0x00000006   Code   RO         4263    .ARM.Collect$$rtexit$$00000004  c_w.l(rtexit2.o)
    0x08000232   0x08000232   0x00000002   PAD
    0x08000234   0x08000234   0x00000040   Code   RO            4    .text               startup_stm32f10x_md.o
    0x08000274   0x08000274   0x00000002   Code   RO         4004    .text               c_w.l(use_no_semi_2.o)
    0x08000276   0x08000276   0x00000002   PAD
    0x08000278   0x08000278   0x00000024   Code   RO         4006    .text               c_w.l(vsprintf.o)
    0x0800029c   0x0800029c   0x0000003e   Code   RO         4008    .text               c_w.l(strlen.o)
    0x080002da   0x080002da   0x00000064   Code   RO         4010    .text               c_w.l(rt_memcpy_w.o)
    0x0800033e   0x0800033e   0x0000004e   Code   RO         4012    .text               c_w.l(rt_memclr_w.o)
    0x0800038c   0x0800038c   0x00000006   Code   RO         4014    .text               c_w.l(heapauxi.o)
    0x08000392   0x08000392   0x00000002   Code   RO         4018    .text               c_w.l(use_no_semi.o)
    0x08000394   0x08000394   0x0000004e   Code   RO         4023    .text               c_w.l(_printf_pad.o)
    0x080003e2   0x080003e2   0x00000024   Code   RO         4025    .text               c_w.l(_printf_truncate.o)
    0x08000406   0x08000406   0x00000052   Code   RO         4027    .text               c_w.l(_printf_str.o)
    0x08000458   0x08000458   0x00000078   Code   RO         4029    .text               c_w.l(_printf_dec.o)
    0x080004d0   0x080004d0   0x00000028   Code   RO         4031    .text               c_w.l(_printf_charcount.o)
    0x080004f8   0x080004f8   0x00000030   Code   RO         4033    .text               c_w.l(_printf_char_common.o)
    0x08000528   0x08000528   0x0000000a   Code   RO         4035    .text               c_w.l(_sputc.o)
    0x08000532   0x08000532   0x00000002   PAD
    0x08000534   0x08000534   0x000000bc   Code   RO         4037    .text               c_w.l(_printf_wctomb.o)
    0x080005f0   0x080005f0   0x0000007c   Code   RO         4040    .text               c_w.l(_printf_longlong_dec.o)
    0x0800066c   0x0800066c   0x00000070   Code   RO         4046    .text               c_w.l(_printf_oct_int_ll.o)
    0x080006dc   0x080006dc   0x00000094   Code   RO         4066    .text               c_w.l(_printf_hex_int_ll_ptr.o)
    0x08000770   0x08000770   0x00000188   Code   RO         4086    .text               c_w.l(__printf_flags_ss_wp.o)
    0x080008f8   0x080008f8   0x0000008a   Code   RO         4135    .text               c_w.l(lludiv10.o)
    0x08000982   0x08000982   0x000000b2   Code   RO         4137    .text               c_w.l(_printf_intcommon.o)
    0x08000a34   0x08000a34   0x0000041e   Code   RO         4139    .text               c_w.l(_printf_fp_dec.o)
    0x08000e52   0x08000e52   0x00000002   PAD
    0x08000e54   0x08000e54   0x000002fc   Code   RO         4141    .text               c_w.l(_printf_fp_hex.o)
    0x08001150   0x08001150   0x0000002c   Code   RO         4146    .text               c_w.l(_printf_char.o)
    0x0800117c   0x0800117c   0x0000002c   Code   RO         4148    .text               c_w.l(_printf_wchar.o)
    0x080011a8   0x080011a8   0x00000040   Code   RO         4151    .text               c_w.l(_wcrtomb.o)
    0x080011e8   0x080011e8   0x0000004a   Code   RO         4153    .text               c_w.l(sys_stackheap_outer.o)
    0x08001232   0x08001232   0x00000002   PAD
    0x08001234   0x08001234   0x00000010   Code   RO         4155    .text               c_w.l(rt_ctype_table.o)
    0x08001244   0x08001244   0x00000008   Code   RO         4160    .text               c_w.l(rt_locale_intlibspace.o)
    0x0800124c   0x0800124c   0x00000080   Code   RO         4162    .text               c_w.l(_printf_fp_infnan.o)
    0x080012cc   0x080012cc   0x000000e4   Code   RO         4164    .text               c_w.l(bigflt0.o)
    0x080013b0   0x080013b0   0x00000012   Code   RO         4192    .text               c_w.l(exit.o)
    0x080013c2   0x080013c2   0x00000002   PAD
    0x080013c4   0x080013c4   0x00000008   Code   RO         4205    .text               c_w.l(libspace.o)
    0x080013cc   0x080013cc   0x00000080   Code   RO         4213    .text               c_w.l(strcmpv7m.o)
    0x0800144c   0x0800144c   0x0000003e   Code   RO         4167    CL$$btod_d2e        c_w.l(btod.o)
    0x0800148a   0x0800148a   0x00000046   Code   RO         4169    CL$$btod_d2e_denorm_low  c_w.l(btod.o)
    0x080014d0   0x080014d0   0x00000060   Code   RO         4168    CL$$btod_d2e_norm_op1  c_w.l(btod.o)
    0x08001530   0x08001530   0x00000338   Code   RO         4177    CL$$btod_div_common  c_w.l(btod.o)
    0x08001868   0x08001868   0x000000dc   Code   RO         4174    CL$$btod_e2e        c_w.l(btod.o)
    0x08001944   0x08001944   0x0000002a   Code   RO         4171    CL$$btod_ediv       c_w.l(btod.o)
    0x0800196e   0x0800196e   0x0000002a   Code   RO         4170    CL$$btod_emul       c_w.l(btod.o)
    0x08001998   0x08001998   0x00000244   Code   RO         4176    CL$$btod_mult_common  c_w.l(btod.o)
    0x08001bdc   0x08001bdc   0x000000e0   Code   RO         3837    i.AT24C256_ReadBuffer  at24c256.o
    0x08001cbc   0x08001cbc   0x000000ec   Code   RO         3885    i.AT24C256_Test     main.o
    0x08001da8   0x08001da8   0x000000b8   Code   RO         3840    i.AT24C256_WritePage  at24c256.o
    0x08001e60   0x08001e60   0x00000004   Code   RO         3939    i.BusFault_Handler  stm32f10x_it.o
    0x08001e64   0x08001e64   0x00000018   Code   RO          911    i.DMA_Cmd           stm32f10x_dma.o
    0x08001e7c   0x08001e7c   0x0000014c   Code   RO          912    i.DMA_DeInit        stm32f10x_dma.o
    0x08001fc8   0x08001fc8   0x00000008   Code   RO          913    i.DMA_GetCurrDataCounter  stm32f10x_dma.o
    0x08001fd0   0x08001fd0   0x0000003c   Code   RO          917    i.DMA_Init          stm32f10x_dma.o
    0x0800200c   0x0800200c   0x00000004   Code   RO          918    i.DMA_SetCurrDataCounter  stm32f10x_dma.o
    0x08002010   0x08002010   0x00000002   Code   RO         3940    i.DebugMon_Handler  stm32f10x_it.o
    0x08002012   0x08002012   0x00000116   Code   RO         1347    i.GPIO_Init         stm32f10x_gpio.o
    0x08002128   0x08002128   0x00000012   Code   RO         1353    i.GPIO_ReadOutputDataBit  stm32f10x_gpio.o
    0x0800213a   0x0800213a   0x00000004   Code   RO         1354    i.GPIO_ResetBits    stm32f10x_gpio.o
    0x0800213e   0x0800213e   0x00000004   Code   RO         1355    i.GPIO_SetBits      stm32f10x_gpio.o
    0x08002142   0x08002142   0x0000000a   Code   RO         1358    i.GPIO_WriteBit     stm32f10x_gpio.o
    0x0800214c   0x0800214c   0x00000004   Code   RO         3941    i.HardFault_Handler  stm32f10x_it.o
    0x08002150   0x08002150   0x00000018   Code   RO         1459    i.I2C_AcknowledgeConfig  stm32f10x_i2c.o
    0x08002168   0x08002168   0x0000002a   Code   RO         1461    i.I2C_CheckEvent    stm32f10x_i2c.o
    0x08002192   0x08002192   0x00000018   Code   RO         1464    i.I2C_Cmd           stm32f10x_i2c.o
    0x080021aa   0x080021aa   0x00000002   PAD
    0x080021ac   0x080021ac   0x00000074   Code   RO         3841    i.I2C_Configuration  at24c256.o
    0x08002220   0x08002220   0x00000018   Code   RO         1471    i.I2C_GenerateSTART  stm32f10x_i2c.o
    0x08002238   0x08002238   0x00000018   Code   RO         1472    i.I2C_GenerateSTOP  stm32f10x_i2c.o
    0x08002250   0x08002250   0x000000ec   Code   RO         1478    i.I2C_Init          stm32f10x_i2c.o
    0x0800233c   0x0800233c   0x00000008   Code   RO         1483    i.I2C_ReceiveData   stm32f10x_i2c.o
    0x08002344   0x08002344   0x00000012   Code   RO         1485    i.I2C_Send7bitAddress  stm32f10x_i2c.o
    0x08002356   0x08002356   0x00000004   Code   RO         1486    i.I2C_SendData      stm32f10x_i2c.o
    0x0800235a   0x0800235a   0x00000002   PAD
    0x0800235c   0x0800235c   0x00000028   Code   RO         3842    i.I2C_WaitEvent     at24c256.o
    0x08002384   0x08002384   0x0000002c   Code   RO         3456    i.LED1_Turn         led.o
    0x080023b0   0x080023b0   0x00000004   Code   RO         3942    i.MemManage_Handler  stm32f10x_it.o
    0x080023b4   0x080023b4   0x000000b8   Code   RO         3687    i.MySPI_Init        myspi.o
    0x0800246c   0x0800246c   0x0000000a   Code   RO         3688    i.MySPI_Start       myspi.o
    0x08002476   0x08002476   0x0000000a   Code   RO         3689    i.MySPI_Stop        myspi.o
    0x08002480   0x08002480   0x00000038   Code   RO         3690    i.MySPI_SwapByte    myspi.o
    0x080024b8   0x080024b8   0x00000014   Code   RO         3691    i.MySPI_W_SS        myspi.o
    0x080024cc   0x080024cc   0x00000002   Code   RO         3943    i.NMI_Handler       stm32f10x_it.o
    0x080024ce   0x080024ce   0x00000002   PAD
    0x080024d0   0x080024d0   0x00000070   Code   RO          137    i.NVIC_Init         misc.o
    0x08002540   0x08002540   0x00000014   Code   RO          138    i.NVIC_PriorityGroupConfig  misc.o
    0x08002554   0x08002554   0x00000002   Code   RO         3944    i.PendSV_Handler    stm32f10x_it.o
    0x08002556   0x08002556   0x00000002   PAD
    0x08002558   0x08002558   0x00000020   Code   RO         1774    i.RCC_AHBPeriphClockCmd  stm32f10x_rcc.o
    0x08002578   0x08002578   0x00000020   Code   RO         1775    i.RCC_APB1PeriphClockCmd  stm32f10x_rcc.o
    0x08002598   0x08002598   0x00000020   Code   RO         1776    i.RCC_APB1PeriphResetCmd  stm32f10x_rcc.o
    0x080025b8   0x080025b8   0x00000020   Code   RO         1777    i.RCC_APB2PeriphClockCmd  stm32f10x_rcc.o
    0x080025d8   0x080025d8   0x00000020   Code   RO         1778    i.RCC_APB2PeriphResetCmd  stm32f10x_rcc.o
    0x080025f8   0x080025f8   0x000000d4   Code   RO         1785    i.RCC_GetClocksFreq  stm32f10x_rcc.o
    0x080026cc   0x080026cc   0x00000018   Code   RO         2263    i.SPI_Cmd           stm32f10x_spi.o
    0x080026e4   0x080026e4   0x00000012   Code   RO         2271    i.SPI_I2S_GetFlagStatus  stm32f10x_spi.o
    0x080026f6   0x080026f6   0x00000006   Code   RO         2274    i.SPI_I2S_ReceiveData  stm32f10x_spi.o
    0x080026fc   0x080026fc   0x00000004   Code   RO         2275    i.SPI_I2S_SendData  stm32f10x_spi.o
    0x08002700   0x08002700   0x0000003c   Code   RO         2276    i.SPI_Init          stm32f10x_spi.o
    0x0800273c   0x0800273c   0x00000002   Code   RO         3945    i.SVC_Handler       stm32f10x_it.o
    0x0800273e   0x0800273e   0x00000008   Code   RO           24    i.SetSysClock       system_stm32f10x.o
    0x08002746   0x08002746   0x00000002   PAD
    0x08002748   0x08002748   0x000000e0   Code   RO           25    i.SetSysClockTo72   system_stm32f10x.o
    0x08002828   0x08002828   0x00000028   Code   RO          141    i.SysTick_CLKSourceConfig  misc.o
    0x08002850   0x08002850   0x00000002   Code   RO         3946    i.SysTick_Handler   stm32f10x_it.o
    0x08002852   0x08002852   0x00000002   PAD
    0x08002854   0x08002854   0x00000060   Code   RO           27    i.SystemInit        system_stm32f10x.o
    0x080028b4   0x080028b4   0x0000004c   Code   RO         3258    i.TIM4_IRQHandler   timer.o
    0x08002900   0x08002900   0x00000006   Code   RO         2416    i.TIM_ClearITPendingBit  stm32f10x_tim.o
    0x08002906   0x08002906   0x00000022   Code   RO         2442    i.TIM_GetITStatus   stm32f10x_tim.o
    0x08002928   0x08002928   0x00000014   Code   RO         3297    i.USART1_IRQHandler  usart.o
    0x0800293c   0x0800293c   0x00000070   Code   RO         3364    i.USART3_IRQHandler  usart3.o
    0x080029ac   0x080029ac   0x00000012   Code   RO         2956    i.USART_ClearFlag   stm32f10x_usart.o
    0x080029be   0x080029be   0x0000001e   Code   RO         2957    i.USART_ClearITPendingBit  stm32f10x_usart.o
    0x080029dc   0x080029dc   0x00000018   Code   RO         2960    i.USART_Cmd         stm32f10x_usart.o
    0x080029f4   0x080029f4   0x00000012   Code   RO         2961    i.USART_DMACmd      stm32f10x_usart.o
    0x08002a06   0x08002a06   0x00000002   PAD
    0x08002a08   0x08002a08   0x0000009c   Code   RO         2962    i.USART_DeInit      stm32f10x_usart.o
    0x08002aa4   0x08002aa4   0x0000001a   Code   RO         2963    i.USART_GetFlagStatus  stm32f10x_usart.o
    0x08002abe   0x08002abe   0x00000054   Code   RO         2964    i.USART_GetITStatus  stm32f10x_usart.o
    0x08002b12   0x08002b12   0x0000004a   Code   RO         2966    i.USART_ITConfig    stm32f10x_usart.o
    0x08002b5c   0x08002b5c   0x000000d8   Code   RO         2967    i.USART_Init        stm32f10x_usart.o
    0x08002c34   0x08002c34   0x00000008   Code   RO         2977    i.USART_SendData    stm32f10x_usart.o
    0x08002c3c   0x08002c3c   0x00000004   Code   RO         3947    i.UsageFault_Handler  stm32f10x_it.o
    0x08002c40   0x08002c40   0x00000008   Code   RO         3723    i.W25Q64_Init       w25q64.o
    0x08002c48   0x08002c48   0x00000052   Code   RO         3724    i.W25Q64_PageProgram  w25q64.o
    0x08002c9a   0x08002c9a   0x00000044   Code   RO         3725    i.W25Q64_ReadData   w25q64.o
    0x08002cde   0x08002cde   0x00000038   Code   RO         3727    i.W25Q64_SectorErase  w25q64.o
    0x08002d16   0x08002d16   0x00000002   PAD
    0x08002d18   0x08002d18   0x00000030   Code   RO         3728    i.W25Q64_WaitBusy   w25q64.o
    0x08002d48   0x08002d48   0x00000012   Code   RO         3729    i.W25Q64_WriteEnable  w25q64.o
    0x08002d5a   0x08002d5a   0x00000028   Code   RO         4203    i.__ARM_fpclassify  m_ws.l(fpclassify.o)
    0x08002d82   0x08002d82   0x0000000e   Code   RO         4079    i._is_digit         c_w.l(__printf_wp.o)
    0x08002d90   0x08002d90   0x00000004   Code   RO         3298    i._sys_exit         usart.o
    0x08002d94   0x08002d94   0x00000044   Code   RO         3196    i.delay_init        delay.o
    0x08002dd8   0x08002dd8   0x0000004c   Code   RO         3197    i.delay_ms          delay.o
    0x08002e24   0x08002e24   0x0000001c   Code   RO         3366    i.get_usart3_receive_flag  usart3.o
    0x08002e40   0x08002e40   0x00000024   Code   RO         3367    i.get_usart3_rx_buffer  usart3.o
    0x08002e64   0x08002e64   0x0000000c   Code   RO         3368    i.get_usart3_rx_len  usart3.o
    0x08002e70   0x08002e70   0x0000008c   Code   RO         3886    i.main              main.o
    0x08002efc   0x08002efc   0x000000a0   Code   RO         3301    i.usart1_init       usart.o
    0x08002f9c   0x08002f9c   0x0000003c   Code   RO         3369    i.usart3_idle_interrupt_init  usart3.o
    0x08002fd8   0x08002fd8   0x00000014   Code   RO         3370    i.usart3_init       usart3.o
    0x08002fec   0x08002fec   0x0000008c   Code   RO         3371    i.usart3_periph_init  usart3.o
    0x08003078   0x08003078   0x0000003c   Code   RO         3372    i.usart3_printf     usart3.o
    0x080030b4   0x080030b4   0x00000048   Code   RO         3373    i.usart3_rx_dma_init  usart3.o
    0x080030fc   0x080030fc   0x00000020   Code   RO         3374    i.usart3_send_byte_blocking  usart3.o
    0x0800311c   0x0800311c   0x0000009c   Code   RO         3887    i.w25q64_test       main.o
    0x080031b8   0x080031b8   0x0000002c   Code   RO         4190    locale$$code        c_w.l(lc_numeric_c.o)
    0x080031e4   0x080031e4   0x0000002c   Code   RO         4211    locale$$code        c_w.l(lc_ctype_c.o)
    0x08003210   0x08003210   0x00000004   Code   RO         4112    x$fpl$printf1       fz_ws.l(printf1.o)
    0x08003214   0x08003214   0x00000004   Code   RO         4114    x$fpl$printf2       fz_ws.l(printf2.o)
    0x08003218   0x08003218   0x00000000   Code   RO         4202    x$fpl$usenofp       fz_ws.l(usenofp.o)
    0x08003218   0x08003218   0x0000002c   Data   RO         3376    .constdata          usart3.o
    0x08003244   0x08003244   0x00000008   Data   RO         4038    .constdata          c_w.l(_printf_wctomb.o)
    0x0800324c   0x0800324c   0x00000028   Data   RO         4067    .constdata          c_w.l(_printf_hex_int_ll_ptr.o)
    0x08003274   0x08003274   0x00000011   Data   RO         4087    .constdata          c_w.l(__printf_flags_ss_wp.o)
    0x08003285   0x08003285   0x00000026   Data   RO         4142    .constdata          c_w.l(_printf_fp_hex.o)
    0x080032ab   0x080032ab   0x00000001   PAD
    0x080032ac   0x080032ac   0x00000094   Data   RO         4165    .constdata          c_w.l(bigflt0.o)
    0x08003340   0x08003340   0x00000020   Data   RO         4333    Region$$Table       anon$$obj.o
    0x08003360   0x08003360   0x0000001c   Data   RO         4189    locale$$data        c_w.l(lc_numeric_c.o)
    0x0800337c   0x0800337c   0x00000110   Data   RO         4210    locale$$data        c_w.l(lc_ctype_c.o)


    Execution Region RW_IRAM1 (Exec base: 0x20000000, Load base: 0x0800348c, Size: 0x000012a0, Max: 0x00005000, ABSOLUTE)

    Exec Addr    Load Addr    Size         Type   Attr      Idx    E Section Name        Object

    0x20000000   0x0800348c   0x00000014   Data   RW           28    .data               system_stm32f10x.o
    0x20000014   0x080034a0   0x00000014   Data   RW         1805    .data               stm32f10x_rcc.o
    0x20000028   0x080034b4   0x00000004   Data   RW         3199    .data               delay.o
    0x2000002c   0x080034b8   0x0000000a   Data   RW         3259    .data               timer.o
    0x20000036   0x080034c2   0x00000004   Data   RW         3377    .data               usart3.o
    0x2000003a   0x080034c6   0x00000002   PAD
    0x2000003c        -       0x00000a00   Zero   RW         3375    .bss                usart3.o
    0x20000a3c        -       0x00000200   Zero   RW         3888    .bss                main.o
    0x20000c3c        -       0x00000060   Zero   RW         4206    .bss                c_w.l(libspace.o)
    0x20000c9c   0x080034c6   0x00000004   PAD
    0x20000ca0        -       0x00000200   Zero   RW            2    HEAP                startup_stm32f10x_md.o
    0x20000ea0        -       0x00000400   Zero   RW            1    STACK               startup_stm32f10x_md.o


==============================================================================

Image component sizes


      Code (inc. data)   RO Data    RW Data    ZI Data      Debug   Object Name

       564         44          0          0          0       3187   at24c256.o
         0          0          0          0          0       4492   core_cm3.o
       144         22          0          4          0       1228   delay.o
        44          6          0          0          0        460   led.o
       532        186          0          0        512       2655   main.o
       172         22          0          0          0     205409   misc.o
       280         20          0          0          0       2634   myspi.o
        64         26        236          0       1536        852   startup_stm32f10x_md.o
         0          0          0          0          0       1688   stm32f10x_adc.o
       428          8          0          0          0      14320   stm32f10x_dma.o
       314          0          0          0          0      12541   stm32f10x_gpio.o
       404         14          0          0          0      14880   stm32f10x_i2c.o
        26          0          0          0          0       4010   stm32f10x_it.o
       372         50          0         20          0      14836   stm32f10x_rcc.o
       112          0          0          0          0      10694   stm32f10x_spi.o
        40          0          0          0          0      22066   stm32f10x_tim.o
       654         28          0          0          0      13983   stm32f10x_usart.o
       328         28          0         20          0      50133   system_stm32f10x.o
        76         18          0         10          0        813   timer.o
       184         14          0          0          0       1678   usart.o
       572         76         44          4       2560       6865   usart3.o
       280          4          0          0          0       3757   w25q64.o

    ----------------------------------------------------------------------
      5606        566        312         60       4608     393181   Object Totals
         0          0         32          0          0          0   (incl. Generated)
        16          0          0          2          0          0   (incl. Padding)

    ----------------------------------------------------------------------

      Code (inc. data)   RO Data    RW Data    ZI Data      Debug   Library Member Name

         8          0          0          0          0         68   __main.o
       392          4         17          0          0         92   __printf_flags_ss_wp.o
        14          0          0          0          0         68   __printf_wp.o
         0          0          0          0          0          0   __rtentry.o
        12          0          0          0          0          0   __rtentry2.o
         6          0          0          0          0          0   __rtentry4.o
        52          8          0          0          0          0   __scatter.o
        26          0          0          0          0          0   __scatter_copy.o
        28          0          0          0          0          0   __scatter_zi.o
         6          0          0          0          0          0   _printf_a.o
         6          0          0          0          0          0   _printf_c.o
        44          0          0          0          0        108   _printf_char.o
        48          6          0          0          0         96   _printf_char_common.o
        40          0          0          0          0         68   _printf_charcount.o
         6          0          0          0          0          0   _printf_d.o
       120         16          0          0          0         92   _printf_dec.o
         6          0          0          0          0          0   _printf_e.o
         6          0          0          0          0          0   _printf_f.o
      1054          0          0          0          0        216   _printf_fp_dec.o
       764          8         38          0          0        100   _printf_fp_hex.o
       128         16          0          0          0         84   _printf_fp_infnan.o
         6          0          0          0          0          0   _printf_g.o
       148          4         40          0          0        160   _printf_hex_int_ll_ptr.o
         6          0          0          0          0          0   _printf_i.o
       178          0          0          0          0         88   _printf_intcommon.o
        10          0          0          0          0          0   _printf_l.o
         6          0          0          0          0          0   _printf_lc.o
        10          0          0          0          0          0   _printf_ll.o
         6          0          0          0          0          0   _printf_lld.o
         6          0          0          0          0          0   _printf_lli.o
         6          0          0          0          0          0   _printf_llo.o
         6          0          0          0          0          0   _printf_llu.o
         6          0          0          0          0          0   _printf_llx.o
       124         16          0          0          0         92   _printf_longlong_dec.o
         6          0          0          0          0          0   _printf_ls.o
         6          0          0          0          0          0   _printf_n.o
         6          0          0          0          0          0   _printf_o.o
       112         10          0          0          0        124   _printf_oct_int_ll.o
         6          0          0          0          0          0   _printf_p.o
        78          0          0          0          0        108   _printf_pad.o
         0          0          0          0          0          0   _printf_percent.o
         4          0          0          0          0          0   _printf_percent_end.o
         6          0          0          0          0          0   _printf_s.o
        82          0          0          0          0         80   _printf_str.o
        36          0          0          0          0         84   _printf_truncate.o
         6          0          0          0          0          0   _printf_u.o
        44          0          0          0          0        108   _printf_wchar.o
       188          6          8          0          0         92   _printf_wctomb.o
         6          0          0          0          0          0   _printf_x.o
        10          0          0          0          0         68   _sputc.o
        64          0          0          0          0         92   _wcrtomb.o
       228          4        148          0          0         96   bigflt0.o
      1936        128          0          0          0        672   btod.o
        18          0          0          0          0         80   exit.o
         6          0          0          0          0        152   heapauxi.o
        44         10        272          0          0         76   lc_ctype_c.o
        44         10         28          0          0         76   lc_numeric_c.o
         2          0          0          0          0          0   libinit.o
        30          0          0          0          0          0   libinit2.o
         2          0          0          0          0          0   libshutdown.o
         2          0          0          0          0          0   libshutdown2.o
         8          4          0          0         96         68   libspace.o
       138          0          0          0          0         80   lludiv10.o
        16          4          0          0          0         76   rt_ctype_table.o
         8          4          0          0          0         68   rt_locale_intlibspace.o
        78          0          0          0          0         80   rt_memclr_w.o
       100          0          0          0          0         80   rt_memcpy_w.o
         2          0          0          0          0          0   rtexit.o
        10          0          0          0          0          0   rtexit2.o
       128          0          0          0          0         68   strcmpv7m.o
        62          0          0          0          0         76   strlen.o
        74          0          0          0          0         80   sys_stackheap_outer.o
         2          0          0          0          0         68   use_no_semi.o
         2          0          0          0          0         68   use_no_semi_2.o
        36          4          0          0          0         76   vsprintf.o
         4          0          0          0          0         68   printf1.o
         4          0          0          0          0         68   printf2.o
         0          0          0          0          0          0   usenofp.o
        40          0          0          0          0         68   fpclassify.o

    ----------------------------------------------------------------------
      6982        262        552          0        100       4332   Library Totals
        14          0          1          0          4          0   (incl. Padding)

    ----------------------------------------------------------------------

      Code (inc. data)   RO Data    RW Data    ZI Data      Debug   Library Name

      6920        262        551          0         96       4128   c_w.l
         8          0          0          0          0        136   fz_ws.l
        40          0          0          0          0         68   m_ws.l

    ----------------------------------------------------------------------
      6982        262        552          0        100       4332   Library Totals

    ----------------------------------------------------------------------

==============================================================================


      Code (inc. data)   RO Data    RW Data    ZI Data      Debug   

     12588        828        864         60       4708     390593   Grand Totals
     12588        828        864         60       4708     390593   ELF Image Totals
     12588        828        864         60          0          0   ROM Totals

==============================================================================

    Total RO  Size (Code + RO Data)                13452 (  13.14kB)
    Total RW  Size (RW Data + ZI Data)              4768 (   4.66kB)
    Total ROM Size (Code + RO Data + RW Data)      13512 (  13.20kB)

==============================================================================

