<html>
<body>
<pre>
<h1>µVision Build Log</h1>
<h2>Tool Versions:</h2>
IDE-Version: ¶ÃVision V5.30.0.0
Copyright (C) 2020 ARM Ltd and ARM Germany GmbH. All rights reserved.
License Information: S10928 S10928, 1, LIC=KRMW3-ATSEF-01AP1-CQZY6-WVZYT-WR13X
 
Tool Versions:
Toolchain:       MDK-ARM Plus  Version: 5.30.0.0
Toolchain Path:  D:\Keil\ARM\ARMCC\Bin
C Compiler:      Armcc.exe V5.06 update 6 (build 750)
Assembler:       Armasm.exe V5.06 update 6 (build 750)
Linker/Locator:  ArmLink.exe V5.06 update 6 (build 750)
Library Manager: ArmAr.exe V5.06 update 6 (build 750)
Hex Converter:   FromElf.exe V5.06 update 6 (build 750)
CPU DLL:         SARMCM3.DLL V5.30.0.0
Dialog DLL:      DCM.DLL V1.17.3.0
Target DLL:      STLink\ST-LINKIII-KEIL_SWO.dll V3.0.7.0
Dialog DLL:      TCM.DLL V1.42.0.0
 
<h2>Project:</h2>
C:\Users\S10928\Desktop\bootloader_ota(B)\project.uvprojx
Project File Date:  07/09/2025

<h2>Output:</h2>
*** Using Compiler 'V5.06 update 6 (build 750)', folder: 'D:\Keil\ARM\ARMCC\Bin'
Build target 'Target 1'
compiling at24c256.c...
Hardware\at24c256.c(208): warning:  #223-D: function "usart3_printf" declared implicitly
      usart3_printf("Read OTA version: %s\r\n", ota_info_struct.version); // Ë∞ÉËØïÊâìÂç∞
Hardware\at24c256.c(223): warning:  #223-D: function "usart3_printf" declared implicitly
      usart3_printf("Writing OTA info to EEPROM (size: %d)\r\n", OTA_INFO_DATA_SIZE);
Hardware\at24c256.c: 2 warnings, 0 errors
linking...
Program Size: Code=17788 RO-data=1024 RW-data=68 ZI-data=3252  
After Build - User command #1: fromelf --bin -o "C:\Users\S10928\Desktop\bootloader_ota(B)\Objects\project.bin" "C:\Users\S10928\Desktop\bootloader_ota(B)\Objects\project.axf
".\Objects\project.axf" - 0 Error(s), 2 Warning(s).

<h2>Software Packages used:</h2>

Package Vendor: Keil
                https://www.keil.com/pack/Keil.STM32F1xx_DFP.2.4.1.pack
                Keil.STM32F1xx_DFP.2.4.1
                STMicroelectronics STM32F1 Series Device Support, Drivers and Examples

<h2>Collection of Component include folders:</h2>
  .\RTE\_Target_1
  D:\Keil\ARM\PACK\Keil\STM32F1xx_DFP\2.4.1\Device\Include

<h2>Collection of Component Files used:</h2>
Build Time Elapsed:  00:00:00
</pre>
</body>
</html>
