Component: ARM Compiler 5.06 update 6 (build 750) Tool: armlink [4d35ed]

==============================================================================

Section Cross References

    startup_stm32f10x_md.o(STACK) refers (Special) to heapauxi.o(.text) for __use_two_region_memory
    startup_stm32f10x_md.o(HEAP) refers (Special) to heapauxi.o(.text) for __use_two_region_memory
    startup_stm32f10x_md.o(RESET) refers (Special) to heapauxi.o(.text) for __use_two_region_memory
    startup_stm32f10x_md.o(RESET) refers to startup_stm32f10x_md.o(STACK) for __initial_sp
    startup_stm32f10x_md.o(RESET) refers to startup_stm32f10x_md.o(.text) for Reset_Handler
    startup_stm32f10x_md.o(RESET) refers to stm32f10x_it.o(i.NMI_Handler) for NMI_Handler
    startup_stm32f10x_md.o(RESET) refers to stm32f10x_it.o(i.HardFault_Handler) for HardFault_Handler
    startup_stm32f10x_md.o(RESET) refers to stm32f10x_it.o(i.MemManage_Handler) for MemManage_Handler
    startup_stm32f10x_md.o(RESET) refers to stm32f10x_it.o(i.BusFault_Handler) for BusFault_Handler
    startup_stm32f10x_md.o(RESET) refers to stm32f10x_it.o(i.UsageFault_Handler) for UsageFault_Handler
    startup_stm32f10x_md.o(RESET) refers to stm32f10x_it.o(i.SVC_Handler) for SVC_Handler
    startup_stm32f10x_md.o(RESET) refers to stm32f10x_it.o(i.DebugMon_Handler) for DebugMon_Handler
    startup_stm32f10x_md.o(RESET) refers to stm32f10x_it.o(i.PendSV_Handler) for PendSV_Handler
    startup_stm32f10x_md.o(RESET) refers to timer.o(i.TIM3_IRQHandler) for TIM3_IRQHandler
    startup_stm32f10x_md.o(RESET) refers to usart.o(i.USART1_IRQHandler) for USART1_IRQHandler
    startup_stm32f10x_md.o(RESET) refers to usart2.o(i.USART2_IRQHandler) for USART2_IRQHandler
    startup_stm32f10x_md.o(RESET) refers to usart3.o(i.USART3_IRQHandler) for USART3_IRQHandler
    startup_stm32f10x_md.o(.text) refers (Special) to heapauxi.o(.text) for __use_two_region_memory
    startup_stm32f10x_md.o(.text) refers to system_stm32f10x.o(i.SystemInit) for SystemInit
    startup_stm32f10x_md.o(.text) refers to __main.o(!!!main) for __main
    startup_stm32f10x_md.o(.text) refers to startup_stm32f10x_md.o(HEAP) for Heap_Mem
    startup_stm32f10x_md.o(.text) refers to startup_stm32f10x_md.o(STACK) for Stack_Mem
    system_stm32f10x.o(i.SetSysClock) refers to system_stm32f10x.o(i.SetSysClockTo72) for SetSysClockTo72
    system_stm32f10x.o(i.SystemCoreClockUpdate) refers to system_stm32f10x.o(.data) for SystemCoreClock
    system_stm32f10x.o(i.SystemInit) refers to system_stm32f10x.o(i.SetSysClock) for SetSysClock
    stm32f10x_adc.o(i.ADC_DeInit) refers to stm32f10x_rcc.o(i.RCC_APB2PeriphResetCmd) for RCC_APB2PeriphResetCmd
    stm32f10x_bkp.o(i.BKP_DeInit) refers to stm32f10x_rcc.o(i.RCC_BackupResetCmd) for RCC_BackupResetCmd
    stm32f10x_can.o(i.CAN_DeInit) refers to stm32f10x_rcc.o(i.RCC_APB1PeriphResetCmd) for RCC_APB1PeriphResetCmd
    stm32f10x_can.o(i.CAN_GetITStatus) refers to stm32f10x_can.o(i.CheckITStatus) for CheckITStatus
    stm32f10x_cec.o(i.CEC_DeInit) refers to stm32f10x_rcc.o(i.RCC_APB1PeriphResetCmd) for RCC_APB1PeriphResetCmd
    stm32f10x_dac.o(i.DAC_DeInit) refers to stm32f10x_rcc.o(i.RCC_APB1PeriphResetCmd) for RCC_APB1PeriphResetCmd
    stm32f10x_flash.o(i.FLASH_EnableWriteProtection) refers to stm32f10x_flash.o(i.FLASH_WaitForLastOperation) for FLASH_WaitForLastOperation
    stm32f10x_flash.o(i.FLASH_EraseAllBank1Pages) refers to stm32f10x_flash.o(i.FLASH_WaitForLastBank1Operation) for FLASH_WaitForLastBank1Operation
    stm32f10x_flash.o(i.FLASH_EraseAllPages) refers to stm32f10x_flash.o(i.FLASH_WaitForLastOperation) for FLASH_WaitForLastOperation
    stm32f10x_flash.o(i.FLASH_EraseOptionBytes) refers to stm32f10x_flash.o(i.FLASH_GetReadOutProtectionStatus) for FLASH_GetReadOutProtectionStatus
    stm32f10x_flash.o(i.FLASH_EraseOptionBytes) refers to stm32f10x_flash.o(i.FLASH_WaitForLastOperation) for FLASH_WaitForLastOperation
    stm32f10x_flash.o(i.FLASH_ErasePage) refers to stm32f10x_flash.o(i.FLASH_WaitForLastOperation) for FLASH_WaitForLastOperation
    stm32f10x_flash.o(i.FLASH_ProgramHalfWord) refers to stm32f10x_flash.o(i.FLASH_WaitForLastOperation) for FLASH_WaitForLastOperation
    stm32f10x_flash.o(i.FLASH_ProgramOptionByteData) refers to stm32f10x_flash.o(i.FLASH_WaitForLastOperation) for FLASH_WaitForLastOperation
    stm32f10x_flash.o(i.FLASH_ProgramWord) refers to stm32f10x_flash.o(i.FLASH_WaitForLastOperation) for FLASH_WaitForLastOperation
    stm32f10x_flash.o(i.FLASH_ReadOutProtection) refers to stm32f10x_flash.o(i.FLASH_WaitForLastOperation) for FLASH_WaitForLastOperation
    stm32f10x_flash.o(i.FLASH_UserOptionByteConfig) refers to stm32f10x_flash.o(i.FLASH_WaitForLastOperation) for FLASH_WaitForLastOperation
    stm32f10x_flash.o(i.FLASH_WaitForLastBank1Operation) refers to stm32f10x_flash.o(i.FLASH_GetBank1Status) for FLASH_GetBank1Status
[...]
    i.bootloader_iap_start                   0x08003fe0   Section        0  bootloader.o(i.bootloader_iap_start)
    i.bootloader_load_a_block                0x08004134   Section        0  bootloader.o(i.bootloader_load_a_block)
    i.bootloader_ota_a_block                 0x08004188   Section        0  bootloader.o(i.bootloader_ota_a_block)
    i.bootloader_select_flash_block          0x08004314   Section        0  bootloader.o(i.bootloader_select_flash_block)
    i.bootloader_set_ota_version             0x08004418   Section        0  bootloader.o(i.bootloader_set_ota_version)
    i.bootloader_system_reset                0x08004524   Section        0  bootloader.o(i.bootloader_system_reset)
    i.delay_init                             0x08004530   Section        0  delay.o(i.delay_init)
    i.delay_ms                               0x08004574   Section        0  delay.o(i.delay_ms)
    i.flash_erase                            0x080045c0   Section        0  flash.o(i.flash_erase)
    i.flash_write                            0x080045f0   Section        0  flash.o(i.flash_write)
    i.get_usart2_receive_flag                0x08004618   Section        0  usart2.o(i.get_usart2_receive_flag)
    i.get_usart3_receive_flag                0x08004634   Section        0  usart3.o(i.get_usart3_receive_flag)
    i.main                                   0x08004650   Section        0  main.o(i.main)
    i.spi_init                               0x080046a8   Section        0  spi.o(i.spi_init)
    i.spi_set_ss                             0x08004760   Section        0  spi.o(i.spi_set_ss)
    i.spi_start                              0x08004774   Section        0  spi.o(i.spi_start)
    i.spi_stop                               0x0800477e   Section        0  spi.o(i.spi_stop)
    i.spi_write_read_byte                    0x08004788   Section        0  spi.o(i.spi_write_read_byte)
    i.usart1_init                            0x080047c0   Section        0  usart.o(i.usart1_init)
    i.usart2_idle_interrupt_init             0x08004860   Section        0  usart2.o(i.usart2_idle_interrupt_init)
    usart2_idle_interrupt_init               0x08004861   Thumb Code    54  usart2.o(i.usart2_idle_interrupt_init)
    i.usart2_init                            0x0800489c   Section        0  usart2.o(i.usart2_init)
    i.usart2_periph_init                     0x080048b0   Section        0  usart2.o(i.usart2_periph_init)
    usart2_periph_init                       0x080048b1   Thumb Code   134  usart2.o(i.usart2_periph_init)
    i.usart2_rx_dma_init                     0x08004940   Section        0  usart2.o(i.usart2_rx_dma_init)
    usart2_rx_dma_init                       0x08004941   Thumb Code    58  usart2.o(i.usart2_rx_dma_init)
    i.usart2_send_byte                       0x08004988   Section        0  usart2.o(i.usart2_send_byte)
    i.usart3_idle_interrupt_init             0x080049a8   Section        0  usart3.o(i.usart3_idle_interrupt_init)
    usart3_idle_interrupt_init               0x080049a9   Thumb Code    56  usart3.o(i.usart3_idle_interrupt_init)
    i.usart3_init                            0x080049e4   Section        0  usart3.o(i.usart3_init)
    i.usart3_periph_init                     0x080049f8   Section        0  usart3.o(i.usart3_periph_init)
    usart3_periph_init                       0x080049f9   Thumb Code   136  usart3.o(i.usart3_periph_init)
    i.usart3_printf                          0x08004a88   Section        0  usart3.o(i.usart3_printf)
    i.usart3_rx_dma_init                     0x08004aac   Section        0  usart3.o(i.usart3_rx_dma_init)
    usart3_rx_dma_init                       0x08004aad   Thumb Code    58  usart3.o(i.usart3_rx_dma_init)
    i.usart3_send_byte                       0x08004af4   Section        0  usart3.o(i.usart3_send_byte)
    i.usart3_send_string                     0x08004b14   Section        0  usart3.o(i.usart3_send_string)
    i.w25q64_init                            0x08004b2e   Section        0  w25q64.o(i.w25q64_init)
    i.w25q64_read_data                       0x08004b36   Section        0  w25q64.o(i.w25q64_read_data)
    i.w25q64_sector_erase_64k                0x08004b7a   Section        0  w25q64.o(i.w25q64_sector_erase_64k)
    i.w25q64_wait_busy                       0x08004bb4   Section        0  w25q64.o(i.w25q64_wait_busy)
    i.w25q64_write_enable                    0x08004be4   Section        0  w25q64.o(i.w25q64_write_enable)
    i.w25q64_write_page                      0x08004bf6   Section        0  w25q64.o(i.w25q64_write_page)
    i.xmodem_crc16                           0x08004c48   Section        0  bootloader.o(i.xmodem_crc16)
    i.xmodem_crc16_usart2                    0x08004c8c   Section        0  bootloader.o(i.xmodem_crc16_usart2)
    locale$$code                             0x08004cc8   Section       44  lc_numeric_c.o(locale$$code)
    locale$$code                             0x08004cf4   Section       44  lc_ctype_c.o(locale$$code)
    x$fpl$printf1                            0x08004d20   Section        4  printf1.o(x$fpl$printf1)
    x$fpl$printf2                            0x08004d24   Section        4  printf2.o(x$fpl$printf2)
    .constdata                               0x08004d28   Section       44  usart2.o(.constdata)
    x$fpl$usenofp                            0x08004d28   Section        0  usenofp.o(x$fpl$usenofp)
    .constdata                               0x08004d54   Section       44  usart3.o(.constdata)
    .constdata                               0x08004d80   Section        8  _printf_wctomb.o(.constdata)
    initial_mbstate                          0x08004d80   Data           8  _printf_wctomb.o(.constdata)
    .constdata                               0x08004d88   Section       40  _printf_hex_int_ll_ptr.o(.constdata)
    uc_hextab                                0x08004d88   Data          20  _printf_hex_int_ll_ptr.o(.constdata)
    lc_hextab                                0x08004d9c   Data          20  _printf_hex_int_ll_ptr.o(.constdata)
    .constdata                               0x08004db0   Section       17  __printf_flags_ss_wp.o(.constdata)
    maptable                                 0x08004db0   Data          17  __printf_flags_ss_wp.o(.constdata)
    .constdata                               0x08004dc1   Section       38  _printf_fp_hex.o(.constdata)
    lc_hextab                                0x08004dc1   Data          19  _printf_fp_hex.o(.constdata)
    uc_hextab                                0x08004dd4   Data          19  _printf_fp_hex.o(.constdata)
    .constdata                               0x08004de8   Section      148  bigflt0.o(.constdata)
    tenpwrs_x                                0x08004de8   Data          60  bigflt0.o(.constdata)
    tenpwrs_i                                0x08004e24   Data          64  bigflt0.o(.constdata)
    locale$$data                             0x08004e9c   Section       28  lc_numeric_c.o(locale$$data)
    __lcnum_c_name                           0x08004ea0   Data           2  lc_numeric_c.o(locale$$data)
    __lcnum_c_start                          0x08004ea8   Data           0  lc_numeric_c.o(locale$$data)
    __lcnum_c_point                          0x08004eb4   Data           0  lc_numeric_c.o(locale$$data)
    __lcnum_c_thousands                      0x08004eb6   Data           0  lc_numeric_c.o(locale$$data)
    __lcnum_c_grouping                       0x08004eb7   Data           0  lc_numeric_c.o(locale$$data)
    locale$$data                             0x08004eb8   Section      272  lc_ctype_c.o(locale$$data)
    __lcnum_c_end                            0x08004eb8   Data           0  lc_numeric_c.o(locale$$data)
    __lcctype_c_name                         0x08004ebc   Data           2  lc_ctype_c.o(locale$$data)
    __lcctype_c_start                        0x08004ec4   Data           0  lc_ctype_c.o(locale$$data)
    __lcctype_c_end                          0x08004fc8   Data           0  lc_ctype_c.o(locale$$data)
    .data                                    0x20000000   Section       20  system_stm32f10x.o(.data)
    .data                                    0x20000014   Section       20  stm32f10x_rcc.o(.data)
    APBAHBPrescTable                         0x20000014   Data          16  stm32f10x_rcc.o(.data)
    ADCPrescTable                            0x20000024   Data           4  stm32f10x_rcc.o(.data)
    .data                                    0x20000028   Section        4  delay.o(.data)
    fac_us                                   0x20000028   Data           1  delay.o(.data)
    fac_ms                                   0x2000002a   Data           2  delay.o(.data)
    .data                                    0x2000002c   Section        4  usart2.o(.data)
    .data                                    0x20000030   Section        4  usart3.o(.data)
    .data                                    0x20000034   Section        7  bootloader.o(.data)
    bootloader_current_event                 0x20000038   Data           1  bootloader.o(.data)
    progress                                 0x20000039   Data           1  bootloader.o(.data)
    print_counter                            0x2000003a   Data           1  bootloader.o(.data)
    .data                                    0x2000003c   Section        4  main.o(.data)
    .bss                                     0x20000040   Section      512  usart2.o(.bss)
    .bss                                     0x20000240   Section      512  usart3.o(.bss)
    .bss                                     0x20000440   Section       24  bootloader.o(.bss)
    .bss                                     0x20000458   Section     1092  main.o(.bss)
    .bss                                     0x2000089c   Section       96  libspace.o(.bss)
    HEAP                                     0x20000900   Section      512  startup_stm32f10x_md.o(HEAP)
    Heap_Mem                                 0x20000900   Data         512  startup_stm32f10x_md.o(HEAP)
    STACK                                    0x20000b00   Section     1024  startup_stm32f10x_md.o(STACK)
    Stack_Mem                                0x20000b00   Data        1024  startup_stm32f10x_md.o(STACK)
    __initial_sp                             0x20000f00   Data           0  startup_stm32f10x_md.o(STACK)

    Global Symbols

    Symbol Name                              Value     Ov Type        Size  Object(Section)

    BuildAttributes$$THM_ISAv4$P$D$K$B$S$PE$A:L22UL41UL21$X:L11$S22US41US21$IEEE1$IW$USESV6$~STKCKD$USESV7$~SHL$OTIME$ROPI$IEEEJ$EBA8$UX$STANDARDLIB$REQ8$PRES8$EABIv2 0x00000000   Number         0  anon$$obj.o ABSOLUTE
    __ARM_use_no_argv                        0x00000000   Number         0  main.o ABSOLUTE
    _printf_flags                            0x00000000   Number         0  printf_stubs.o ABSOLUTE
    _printf_return_value                     0x00000000   Number         0  printf_stubs.o ABSOLUTE
    _printf_sizespec                         0x00000000   Number         0  printf_stubs.o ABSOLUTE
    _printf_widthprec                        0x00000000   Number         0  printf_stubs.o ABSOLUTE
    __ARM_exceptions_init                     - Undefined Weak Reference
    __alloca_initialize                       - Undefined Weak Reference
    __arm_preinit_                            - Undefined Weak Reference
    __cpp_initialize__aeabi_                  - Undefined Weak Reference
    __cxa_finalize                            - Undefined Weak Reference
    __sigvec_lookup                           - Undefined Weak Reference
    _atexit_init                              - Undefined Weak Reference
    _call_atexit_fns                          - Undefined Weak Reference
    _clock_init                               - Undefined Weak Reference
    _fp_trap_init                             - Undefined Weak Reference
    _fp_trap_shutdown                         - Undefined Weak Reference
    _get_lc_collate                           - Undefined Weak Reference
    _get_lc_monetary                          - Undefined Weak Reference
    _get_lc_time                              - Undefined Weak Reference
    _getenv_init                              - Undefined Weak Reference
    _handle_redirection                       - Undefined Weak Reference
    _init_alloc                               - Undefined Weak Reference
    _init_user_alloc                          - Undefined Weak Reference
    _initio                                   - Undefined Weak Reference
    _printf_mbtowc                            - Undefined Weak Reference
    _printf_wc                                - Undefined Weak Reference
    _rand_init                                - Undefined Weak Reference
    _scanf_longlong                           - Undefined Weak Reference
    _scanf_mbtowc                             - Undefined Weak Reference
    _scanf_real                               - Undefined Weak Reference
    _scanf_string                             - Undefined Weak Reference
    _scanf_wctomb                             - Undefined Weak Reference
    _scanf_wstring                            - Undefined Weak Reference
    _signal_finish                            - Undefined Weak Reference
    _signal_init                              - Undefined Weak Reference
    _terminate_alloc                          - Undefined Weak Reference
    _terminate_user_alloc                     - Undefined Weak Reference
    _terminateio                              - Undefined Weak Reference
    __Vectors_Size                           0x000000ec   Number         0  startup_stm32f10x_md.o ABSOLUTE
    __Vectors                                0x08000000   Data           4  startup_stm32f10x_md.o(RESET)
    __Vectors_End                            0x080000ec   Data           0  startup_stm32f10x_md.o(RESET)
    __main                                   0x080000ed   Thumb Code     8  __main.o(!!!main)
    __scatterload                            0x080000f5   Thumb Code     0  __scatter.o(!!!scatter)
    __scatterload_rt2                        0x080000f5   Thumb Code    44  __scatter.o(!!!scatter)
    __scatterload_rt2_thumb_only             0x080000f5   Thumb Code     0  __scatter.o(!!!scatter)
    __scatterload_null                       0x08000103   Thumb Code     0  __scatter.o(!!!scatter)
    __scatterload_copy                       0x08000129   Thumb Code    26  __scatter_copy.o(!!handler_copy)
    __scatterload_zeroinit                   0x08000145   Thumb Code    28  __scatter_zi.o(!!handler_zi)
    _printf_n                                0x08000161   Thumb Code     0  _printf_n.o(.ARM.Collect$$_printf_percent$$00000001)
    _printf_percent                          0x08000161   Thumb Code     0  _printf_percent.o(.ARM.Collect$$_printf_percent$$00000000)
    _printf_p                                0x08000167   Thumb Code     0  _printf_p.o(.ARM.Collect$$_printf_percent$$00000002)
    _printf_f                                0x0800016d   Thumb Code     0  _printf_f.o(.ARM.Collect$$_printf_percent$$00000003)
    _printf_e                                0x08000173   Thumb Code     0  _printf_e.o(.ARM.Collect$$_printf_percent$$00000004)
    _printf_g                                0x08000179   Thumb Code     0  _printf_g.o(.ARM.Collect$$_printf_percent$$00000005)
    _printf_a                                0x0800017f   Thumb Code     0  _printf_a.o(.ARM.Collect$$_printf_percent$$00000006)
    _printf_ll                               0x08000185   Thumb Code     0  _printf_ll.o(.ARM.Collect$$_printf_percent$$00000007)
    _printf_i                                0x0800018f   Thumb Code     0  _printf_i.o(.ARM.Collect$$_printf_percent$$00000008)
    _printf_d                                0x08000195   Thumb Code     0  _printf_d.o(.ARM.Collect$$_printf_percent$$00000009)
    _printf_u                                0x0800019b   Thumb Code     0  _printf_u.o(.ARM.Collect$$_printf_percent$$0000000A)
    _printf_o                                0x080001a1   Thumb Code     0  _printf_o.o(.ARM.Collect$$_printf_percent$$0000000B)
    _printf_x                                0x080001a7   Thumb Code     0  _printf_x.o(.ARM.Collect$$_printf_percent$$0000000C)
    _printf_lli                              0x080001ad   Thumb Code     0  _printf_lli.o(.ARM.Collect$$_printf_percent$$0000000D)
    _printf_lld                              0x080001b3   Thumb Code     0  _printf_lld.o(.ARM.Collect$$_printf_percent$$0000000E)
    _printf_llu                              0x080001b9   Thumb Code     0  _printf_llu.o(.ARM.Collect$$_printf_percent$$0000000F)
    _printf_llo                              0x080001bf   Thumb Code     0  _printf_llo.o(.ARM.Collect$$_printf_percent$$00000010)
    _printf_llx                              0x080001c5   Thumb Code     0  _printf_llx.o(.ARM.Collect$$_printf_percent$$00000011)
    _printf_l                                0x080001cb   Thumb Code     0  _printf_l.o(.ARM.Collect$$_printf_percent$$00000012)
    _printf_c                                0x080001d5   Thumb Code     0  _printf_c.o(.ARM.Collect$$_printf_percent$$00000013)
    _printf_s                                0x080001db   Thumb Code     0  _printf_s.o(.ARM.Collect$$_printf_percent$$00000014)
    _printf_lc                               0x080001e1   Thumb Code     0  _printf_lc.o(.ARM.Collect$$_printf_percent$$00000015)
    _printf_ls                               0x080001e7   Thumb Code     0  _printf_ls.o(.ARM.Collect$$_printf_percent$$00000016)
    _printf_percent_end                      0x080001ed   Thumb Code     0  _printf_percent_end.o(.ARM.Collect$$_printf_percent$$00000017)
    __rt_lib_init                            0x080001f1   Thumb Code     0  libinit.o(.ARM.Collect$$libinit$$00000000)
    __rt_lib_init_fp_1                       0x080001f3   Thumb Code     0  libinit2.o(.ARM.Collect$$libinit$$00000002)
    __rt_lib_init_heap_1                     0x080001f3   Thumb Code     0  libinit2.o(.ARM.Collect$$libinit$$0000000A)
    __rt_lib_init_lc_common                  0x080001f3   Thumb Code     0  libinit2.o(.ARM.Collect$$libinit$$0000000F)
    __rt_lib_init_preinit_1                  0x080001f3   Thumb Code     0  libinit2.o(.ARM.Collect$$libinit$$00000004)
    __rt_lib_init_rand_1                     0x080001f3   Thumb Code     0  libinit2.o(.ARM.Collect$$libinit$$0000000E)
    __rt_lib_init_user_alloc_1               0x080001f3   Thumb Code     0  libinit2.o(.ARM.Collect$$libinit$$0000000C)
    __rt_lib_init_lc_collate_1               0x080001f9   Thumb Code     0  libinit2.o(.ARM.Collect$$libinit$$00000011)
    __rt_lib_init_lc_ctype_2                 0x080001f9   Thumb Code     0  libinit2.o(.ARM.Collect$$libinit$$00000012)
    __rt_lib_init_lc_ctype_1                 0x08000205   Thumb Code     0  libinit2.o(.ARM.Collect$$libinit$$00000013)
    __rt_lib_init_lc_monetary_1              0x08000205   Thumb Code     0  libinit2.o(.ARM.Collect$$libinit$$00000015)
    __rt_lib_init_lc_numeric_2               0x08000205   Thumb Code     0  libinit2.o(.ARM.Collect$$libinit$$00000016)
    __rt_lib_init_alloca_1                   0x0800020f   Thumb Code     0  libinit2.o(.ARM.Collect$$libinit$$0000002E)
    __rt_lib_init_argv_1                     0x0800020f   Thumb Code     0  libinit2.o(.ARM.Collect$$libinit$$0000002C)
    __rt_lib_init_atexit_1                   0x0800020f   Thumb Code     0  libinit2.o(.ARM.Collect$$libinit$$0000001B)
    __rt_lib_init_clock_1                    0x0800020f   Thumb Code     0  libinit2.o(.ARM.Collect$$libinit$$00000021)
    __rt_lib_init_cpp_1                      0x0800020f   Thumb Code     0  libinit2.o(.ARM.Collect$$libinit$$00000032)
    __rt_lib_init_exceptions_1               0x0800020f   Thumb Code     0  libinit2.o(.ARM.Collect$$libinit$$00000030)
    __rt_lib_init_fp_trap_1                  0x0800020f   Thumb Code     0  libinit2.o(.ARM.Collect$$libinit$$0000001F)
    __rt_lib_init_getenv_1                   0x0800020f   Thumb Code     0  libinit2.o(.ARM.Collect$$libinit$$00000023)
    __rt_lib_init_lc_numeric_1               0x0800020f   Thumb Code     0  libinit2.o(.ARM.Collect$$libinit$$00000017)
    __rt_lib_init_lc_time_1                  0x0800020f   Thumb Code     0  libinit2.o(.ARM.Collect$$libinit$$00000019)
    __rt_lib_init_return                     0x0800020f   Thumb Code     0  libinit2.o(.ARM.Collect$$libinit$$00000033)
    __rt_lib_init_signal_1                   0x0800020f   Thumb Code     0  libinit2.o(.ARM.Collect$$libinit$$0000001D)
    __rt_lib_init_stdio_1                    0x0800020f   Thumb Code     0  libinit2.o(.ARM.Collect$$libinit$$00000025)
    __rt_lib_shutdown                        0x08000211   Thumb Code     0  libshutdown.o(.ARM.Collect$$libshutdown$$00000000)
    __rt_lib_shutdown_cpp_1                  0x08000213   Thumb Code     0  libshutdown2.o(.ARM.Collect$$libshutdown$$00000002)
    __rt_lib_shutdown_fp_trap_1              0x08000213   Thumb Code     0  libshutdown2.o(.ARM.Collect$$libshutdown$$00000007)
    __rt_lib_shutdown_heap_1                 0x08000213   Thumb Code     0  libshutdown2.o(.ARM.Collect$$libshutdown$$0000000F)
    __rt_lib_shutdown_return                 0x08000213   Thumb Code     0  libshutdown2.o(.ARM.Collect$$libshutdown$$00000010)
    __rt_lib_shutdown_signal_1               0x08000213   Thumb Code     0  libshutdown2.o(.ARM.Collect$$libshutdown$$0000000A)
    __rt_lib_shutdown_stdio_1                0x08000213   Thumb Code     0  libshutdown2.o(.ARM.Collect$$libshutdown$$00000004)
    __rt_lib_shutdown_user_alloc_1           0x08000213   Thumb Code     0  libshutdown2.o(.ARM.Collect$$libshutdown$$0000000C)
    __rt_entry                               0x08000215   Thumb Code     0  __rtentry.o(.ARM.Collect$$rtentry$$00000000)
    __rt_entry_presh_1                       0x08000215   Thumb Code     0  __rtentry2.o(.ARM.Collect$$rtentry$$00000002)
    __rt_entry_sh                            0x08000215   Thumb Code     0  __rtentry4.o(.ARM.Collect$$rtentry$$00000004)
    __rt_entry_li                            0x0800021b   Thumb Code     0  __rtentry2.o(.ARM.Collect$$rtentry$$0000000A)
    __rt_entry_postsh_1                      0x0800021b   Thumb Code     0  __rtentry2.o(.ARM.Collect$$rtentry$$00000009)
    __rt_entry_main                          0x0800021f   Thumb Code     0  __rtentry2.o(.ARM.Collect$$rtentry$$0000000D)
    __rt_entry_postli_1                      0x0800021f   Thumb Code     0  __rtentry2.o(.ARM.Collect$$rtentry$$0000000C)
    __rt_exit                                0x08000227   Thumb Code     0  rtexit.o(.ARM.Collect$$rtexit$$00000000)
    __rt_exit_ls                             0x08000229   Thumb Code     0  rtexit2.o(.ARM.Collect$$rtexit$$00000003)
    __rt_exit_prels_1                        0x08000229   Thumb Code     0  rtexit2.o(.ARM.Collect$$rtexit$$00000002)
    __rt_exit_exit                           0x0800022d   Thumb Code     0  rtexit2.o(.ARM.Collect$$rtexit$$00000004)
    SET_SP                                   0x08000235   Thumb Code     6  bootloader.o(.emb_text)
    Reset_Handler                            0x0800023d   Thumb Code     8  startup_stm32f10x_md.o(.text)
    SysTick_Handler                          0x08000255   Thumb Code     2  startup_stm32f10x_md.o(.text)
    ADC1_2_IRQHandler                        0x08000257   Thumb Code     0  startup_stm32f10x_md.o(.text)
    CAN1_RX1_IRQHandler                      0x08000257   Thumb Code     0  startup_stm32f10x_md.o(.text)
    CAN1_SCE_IRQHandler                      0x08000257   Thumb Code     0  startup_stm32f10x_md.o(.text)
    DMA1_Channel1_IRQHandler                 0x08000257   Thumb Code     0  startup_stm32f10x_md.o(.text)
    DMA1_Channel2_IRQHandler                 0x08000257   Thumb Code     0  startup_stm32f10x_md.o(.text)
    DMA1_Channel3_IRQHandler                 0x08000257   Thumb Code     0  startup_stm32f10x_md.o(.text)
    DMA1_Channel4_IRQHandler                 0x08000257   Thumb Code     0  startup_stm32f10x_md.o(.text)
    DMA1_Channel5_IRQHandler                 0x08000257   Thumb Code     0  startup_stm32f10x_md.o(.text)
    DMA1_Channel6_IRQHandler                 0x08000257   Thumb Code     0  startup_stm32f10x_md.o(.text)
    DMA1_Channel7_IRQHandler                 0x08000257   Thumb Code     0  startup_stm32f10x_md.o(.text)
    EXTI0_IRQHandler                         0x08000257   Thumb Code     0  startup_stm32f10x_md.o(.text)
    EXTI15_10_IRQHandler                     0x08000257   Thumb Code     0  startup_stm32f10x_md.o(.text)
    EXTI1_IRQHandler                         0x08000257   Thumb Code     0  startup_stm32f10x_md.o(.text)
    EXTI2_IRQHandler                         0x08000257   Thumb Code     0  startup_stm32f10x_md.o(.text)
    EXTI3_IRQHandler                         0x08000257   Thumb Code     0  startup_stm32f10x_md.o(.text)
    EXTI4_IRQHandler                         0x08000257   Thumb Code     0  startup_stm32f10x_md.o(.text)
    EXTI9_5_IRQHandler                       0x08000257   Thumb Code     0  startup_stm32f10x_md.o(.text)
    FLASH_IRQHandler                         0x08000257   Thumb Code     0  startup_stm32f10x_md.o(.text)
    I2C1_ER_IRQHandler                       0x08000257   Thumb Code     0  startup_stm32f10x_md.o(.text)
    I2C1_EV_IRQHandler                       0x08000257   Thumb Code     0  startup_stm32f10x_md.o(.text)
    I2C2_ER_IRQHandler                       0x08000257   Thumb Code     0  startup_stm32f10x_md.o(.text)
    I2C2_EV_IRQHandler                       0x08000257   Thumb Code     0  startup_stm32f10x_md.o(.text)
    PVD_IRQHandler                           0x08000257   Thumb Code     0  startup_stm32f10x_md.o(.text)
    RCC_IRQHandler                           0x08000257   Thumb Code     0  startup_stm32f10x_md.o(.text)
    RTCAlarm_IRQHandler                      0x08000257   Thumb Code     0  startup_stm32f10x_md.o(.text)
    RTC_IRQHandler                           0x08000257   Thumb Code     0  startup_stm32f10x_md.o(.text)
    SPI1_IRQHandler                          0x08000257   Thumb Code     0  startup_stm32f10x_md.o(.text)
    SPI2_IRQHandler                          0x08000257   Thumb Code     0  startup_stm32f10x_md.o(.text)
    TAMPER_IRQHandler                        0x08000257   Thumb Code     0  startup_stm32f10x_md.o(.text)
    TIM1_BRK_IRQHandler                      0x08000257   Thumb Code     0  startup_stm32f10x_md.o(.text)
    TIM1_CC_IRQHandler                       0x08000257   Thumb Code     0  startup_stm32f10x_md.o(.text)
    TIM1_TRG_COM_IRQHandler                  0x08000257   Thumb Code     0  startup_stm32f10x_md.o(.text)
    TIM1_UP_IRQHandler                       0x08000257   Thumb Code     0  startup_stm32f10x_md.o(.text)
    TIM2_IRQHandler                          0x08000257   Thumb Code     0  startup_stm32f10x_md.o(.text)
    TIM4_IRQHandler                          0x08000257   Thumb Code     0  startup_stm32f10x_md.o(.text)
    USBWakeUp_IRQHandler                     0x08000257   Thumb Code     0  startup_stm32f10x_md.o(.text)
    USB_HP_CAN1_TX_IRQHandler                0x08000257   Thumb Code     0  startup_stm32f10x_md.o(.text)
    USB_LP_CAN1_RX0_IRQHandler               0x08000257   Thumb Code     0  startup_stm32f10x_md.o(.text)
    WWDG_IRQHandler                          0x08000257   Thumb Code     0  startup_stm32f10x_md.o(.text)
    __user_initial_stackheap                 0x08000259   Thumb Code     0  startup_stm32f10x_md.o(.text)
    vsprintf                                 0x0800027d   Thumb Code    32  vsprintf.o(.text)
    __0sscanf                                0x080002a1   Thumb Code    52  __0sscanf.o(.text)
    _scanf_int                               0x080002dd   Thumb Code   332  _scanf_int.o(.text)
    __aeabi_memcpy                           0x08000429   Thumb Code     0  rt_memcpy_v6.o(.text)
    __rt_memcpy                              0x08000429   Thumb Code   138  rt_memcpy_v6.o(.text)
    _memcpy_lastbytes                        0x0800048f   Thumb Code     0  rt_memcpy_v6.o(.text)
    __aeabi_memcpy4                          0x080004b3   Thumb Code     0  rt_memcpy_w.o(.text)
    __aeabi_memcpy8                          0x080004b3   Thumb Code     0  rt_memcpy_w.o(.text)
    __rt_memcpy_w                            0x080004b3   Thumb Code   100  rt_memcpy_w.o(.text)
    _memcpy_lastbytes_aligned                0x080004fb   Thumb Code     0  rt_memcpy_w.o(.text)
    __aeabi_memclr                           0x08000517   Thumb Code     0  rt_memclr.o(.text)
    __rt_memclr                              0x08000517   Thumb Code    68  rt_memclr.o(.text)
    _memset                                  0x0800051b   Thumb Code     0  rt_memclr.o(.text)
    __aeabi_memclr4                          0x0800055b   Thumb Code     0  rt_memclr_w.o(.text)
    __aeabi_memclr8                          0x0800055b   Thumb Code     0  rt_memclr_w.o(.text)
    __rt_memclr_w                            0x0800055b   Thumb Code    78  rt_memclr_w.o(.text)
    _memset_w                                0x0800055f   Thumb Code     0  rt_memclr_w.o(.text)
    __use_two_region_memory                  0x080005a9   Thumb Code     2  heapauxi.o(.text)
    __rt_heap_escrow$2region                 0x080005ab   Thumb Code     2  heapauxi.o(.text)
    __rt_heap_expand$2region                 0x080005ad   Thumb Code     2  heapauxi.o(.text)
    _printf_pre_padding                      0x080005af   Thumb Code    44  _printf_pad.o(.text)
    _printf_post_padding                     0x080005db   Thumb Code    34  _printf_pad.o(.text)
    _printf_truncate_signed                  0x080005fd   Thumb Code    18  _printf_truncate.o(.text)
    _printf_truncate_unsigned                0x0800060f   Thumb Code    18  _printf_truncate.o(.text)
    _printf_str                              0x08000621   Thumb Code    82  _printf_str.o(.text)
    _printf_int_dec                          0x08000675   Thumb Code   104  _printf_dec.o(.text)
    _printf_charcount                        0x080006ed   Thumb Code    40  _printf_charcount.o(.text)
    _printf_char_common                      0x0800071f   Thumb Code    32  _printf_char_common.o(.text)
    _sputc                                   0x08000745   Thumb Code    10  _sputc.o(.text)
    _printf_wctomb                           0x08000751   Thumb Code   182  _printf_wctomb.o(.text)
    _printf_longlong_dec                     0x0800080d   Thumb Code   108  _printf_longlong_dec.o(.text)
    _printf_longlong_oct                     0x08000889   Thumb Code    66  _printf_oct_int_ll.o(.text)
    _printf_int_oct                          0x080008cb   Thumb Code    24  _printf_oct_int_ll.o(.text)
    _printf_ll_oct                           0x080008e3   Thumb Code    12  _printf_oct_int_ll.o(.text)
    _printf_longlong_hex                     0x080008f9   Thumb Code    86  _printf_hex_int_ll_ptr.o(.text)
    _printf_int_hex                          0x0800094f   Thumb Code    28  _printf_hex_int_ll_ptr.o(.text)
    _printf_ll_hex                           0x0800096b   Thumb Code    12  _printf_hex_int_ll_ptr.o(.text)
    _printf_hex_ptr                          0x08000977   Thumb Code    18  _printf_hex_int_ll_ptr.o(.text)
    __printf                                 0x0800098d   Thumb Code   388  __printf_flags_ss_wp.o(.text)
    _chval                                   0x08000b15   Thumb Code    28  _chval.o(.text)
    __vfscanf_char                           0x08000b3d   Thumb Code    24  scanf_char.o(.text)
    _sgetc                                   0x08000b5d   Thumb Code    30  _sgetc.o(.text)
    _sbackspace                              0x08000b7b   Thumb Code    34  _sgetc.o(.text)
    _ll_udiv10                               0x08000b9d   Thumb Code   138  lludiv10.o(.text)
    isspace                                  0x08000c27   Thumb Code    18  isspace.o(.text)
    _printf_int_common                       0x08000c39   Thumb Code   178  _printf_intcommon.o(.text)
    __lib_sel_fp_printf                      0x08000ceb   Thumb Code     2  _printf_fp_dec.o(.text)
    _printf_fp_dec_real                      0x08000e9d   Thumb Code   620  _printf_fp_dec.o(.text)
    _printf_fp_hex_real                      0x08001109   Thumb Code   756  _printf_fp_hex.o(.text)
    _printf_cs_common                        0x08001405   Thumb Code    20  _printf_char.o(.text)
    _printf_char                             0x08001419   Thumb Code    16  _printf_char.o(.text)
    _printf_string                           0x08001429   Thumb Code     8  _printf_char.o(.text)
    _printf_lcs_common                       0x08001431   Thumb Code    20  _printf_wchar.o(.text)
    _printf_wchar                            0x08001445   Thumb Code    16  _printf_wchar.o(.text)
    _printf_wstring                          0x08001455   Thumb Code     8  _printf_wchar.o(.text)
    __vfscanf                                0x0800145d   Thumb Code   878  _scanf.o(.text)
    _wcrtomb                                 0x080017d1   Thumb Code    64  _wcrtomb.o(.text)
    __user_setup_stackheap                   0x08001811   Thumb Code    74  sys_stackheap_outer.o(.text)
    __rt_ctype_table                         0x0800185d   Thumb Code    16  rt_ctype_table.o(.text)
    __rt_locale                              0x0800186d   Thumb Code     8  rt_locale_intlibspace.o(.text)
    _printf_fp_infnan                        0x08001875   Thumb Code   112  _printf_fp_infnan.o(.text)
    _btod_etento                             0x080018f5   Thumb Code   224  bigflt0.o(.text)
    exit                                     0x080019d9   Thumb Code    18  exit.o(.text)
    __user_libspace                          0x080019ed   Thumb Code     8  libspace.o(.text)
    __user_perproc_libspace                  0x080019ed   Thumb Code     0  libspace.o(.text)
    __user_perthread_libspace                0x080019ed   Thumb Code     0  libspace.o(.text)
    strcmp                                   0x080019f5   Thumb Code   128  strcmpv7m.o(.text)
    _sys_exit                                0x08001a75   Thumb Code     8  sys_exit.o(.text)
    __I$use$semihosting                      0x08001a81   Thumb Code     0  use_no_semi.o(.text)
    __use_no_semihosting_swi                 0x08001a81   Thumb Code     2  use_no_semi.o(.text)
    __semihosting_library_function           0x08001a83   Thumb Code     0  indicate_semi.o(.text)
    _btod_d2e                                0x08001a83   Thumb Code    62  btod.o(CL$$btod_d2e)
    _d2e_denorm_low                          0x08001ac1   Thumb Code    70  btod.o(CL$$btod_d2e_denorm_low)
    _d2e_norm_op1                            0x08001b07   Thumb Code    96  btod.o(CL$$btod_d2e_norm_op1)
    __btod_div_common                        0x08001b67   Thumb Code   696  btod.o(CL$$btod_div_common)
    _e2e                                     0x08001e9f   Thumb Code   220  btod.o(CL$$btod_e2e)
    _btod_ediv                               0x08001f7b   Thumb Code    42  btod.o(CL$$btod_ediv)
    _btod_emul                               0x08001fa5   Thumb Code    42  btod.o(CL$$btod_emul)
    __btod_mult_common                       0x08001fcf   Thumb Code   580  btod.o(CL$$btod_mult_common)
    BusFault_Handler                         0x08002213   Thumb Code     4  stm32f10x_it.o(i.BusFault_Handler)
    DMA_Cmd                                  0x08002217   Thumb Code    24  stm32f10x_dma.o(i.DMA_Cmd)
    DMA_DeInit                               0x08002231   Thumb Code   324  stm32f10x_dma.o(i.DMA_DeInit)
    DMA_GetCurrDataCounter                   0x0800237d   Thumb Code     8  stm32f10x_dma.o(i.DMA_GetCurrDataCounter)
    DMA_Init                                 0x08002385   Thumb Code    60  stm32f10x_dma.o(i.DMA_Init)
    DMA_SetCurrDataCounter                   0x080023c1   Thumb Code     4  stm32f10x_dma.o(i.DMA_SetCurrDataCounter)
    DebugMon_Handler                         0x080023c5   Thumb Code     2  stm32f10x_it.o(i.DebugMon_Handler)
    FLASH_ErasePage                          0x080023c9   Thumb Code    72  stm32f10x_flash.o(i.FLASH_ErasePage)
    FLASH_GetBank1Status                     0x08002415   Thumb Code    48  stm32f10x_flash.o(i.FLASH_GetBank1Status)
    FLASH_Lock                               0x08002449   Thumb Code    14  stm32f10x_flash.o(i.FLASH_Lock)
    FLASH_ProgramWord                        0x0800245d   Thumb Code   102  stm32f10x_flash.o(i.FLASH_ProgramWord)
    FLASH_Unlock                             0x080024c9   Thumb Code    12  stm32f10x_flash.o(i.FLASH_Unlock)
    FLASH_WaitForLastOperation               0x080024e1   Thumb Code    38  stm32f10x_flash.o(i.FLASH_WaitForLastOperation)
    GPIO_DeInit                              0x08002509   Thumb Code   172  stm32f10x_gpio.o(i.GPIO_DeInit)
    GPIO_Init                                0x080025d1   Thumb Code   278  stm32f10x_gpio.o(i.GPIO_Init)
    GPIO_WriteBit                            0x080026e7   Thumb Code    10  stm32f10x_gpio.o(i.GPIO_WriteBit)
    HardFault_Handler                        0x080026f1   Thumb Code     4  stm32f10x_it.o(i.HardFault_Handler)
    I2C_AcknowledgeConfig                    0x080026f5   Thumb Code    24  stm32f10x_i2c.o(i.I2C_AcknowledgeConfig)
    I2C_CheckEvent                           0x0800270d   Thumb Code    42  stm32f10x_i2c.o(i.I2C_CheckEvent)
    I2C_Cmd                                  0x08002737   Thumb Code    24  stm32f10x_i2c.o(i.I2C_Cmd)
    I2C_DeInit                               0x08002751   Thumb Code    50  stm32f10x_i2c.o(i.I2C_DeInit)
    I2C_GenerateSTART                        0x08002789   Thumb Code    24  stm32f10x_i2c.o(i.I2C_GenerateSTART)
    I2C_GenerateSTOP                         0x080027a1   Thumb Code    24  stm32f10x_i2c.o(i.I2C_GenerateSTOP)
    I2C_Init                                 0x080027b9   Thumb Code   222  stm32f10x_i2c.o(i.I2C_Init)
    I2C_ReceiveData                          0x080028a5   Thumb Code     8  stm32f10x_i2c.o(i.I2C_ReceiveData)
    I2C_Send7bitAddress                      0x080028ad   Thumb Code    18  stm32f10x_i2c.o(i.I2C_Send7bitAddress)
    I2C_SendData                             0x080028bf   Thumb Code     4  stm32f10x_i2c.o(i.I2C_SendData)
    MemManage_Handler                        0x080028ed   Thumb Code     4  stm32f10x_it.o(i.MemManage_Handler)
    NMI_Handler                              0x080028f1   Thumb Code     2  stm32f10x_it.o(i.NMI_Handler)
    NVIC_Init                                0x080028f5   Thumb Code   100  misc.o(i.NVIC_Init)
    NVIC_PriorityGroupConfig                 0x08002965   Thumb Code    10  misc.o(i.NVIC_PriorityGroupConfig)
    PendSV_Handler                           0x0800299d   Thumb Code     2  stm32f10x_it.o(i.PendSV_Handler)
    RCC_AHBPeriphClockCmd                    0x080029a1   Thumb Code    26  stm32f10x_rcc.o(i.RCC_AHBPeriphClockCmd)
    RCC_APB1PeriphClockCmd                   0x080029c1   Thumb Code    26  stm32f10x_rcc.o(i.RCC_APB1PeriphClockCmd)
    RCC_APB1PeriphResetCmd                   0x080029e1   Thumb Code    26  stm32f10x_rcc.o(i.RCC_APB1PeriphResetCmd)
    RCC_APB2PeriphClockCmd                   0x08002a01   Thumb Code    26  stm32f10x_rcc.o(i.RCC_APB2PeriphClockCmd)
    RCC_APB2PeriphResetCmd                   0x08002a21   Thumb Code    26  stm32f10x_rcc.o(i.RCC_APB2PeriphResetCmd)
    RCC_GetClocksFreq                        0x08002a41   Thumb Code   192  stm32f10x_rcc.o(i.RCC_GetClocksFreq)
    SPI_Cmd                                  0x08002b15   Thumb Code    24  stm32f10x_spi.o(i.SPI_Cmd)
    SPI_I2S_GetFlagStatus                    0x08002b2d   Thumb Code    18  stm32f10x_spi.o(i.SPI_I2S_GetFlagStatus)
    SPI_I2S_ReceiveData                      0x08002b3f   Thumb Code     6  stm32f10x_spi.o(i.SPI_I2S_ReceiveData)
    SPI_I2S_SendData                         0x08002b45   Thumb Code     4  stm32f10x_spi.o(i.SPI_I2S_SendData)
    SPI_Init                                 0x08002b49   Thumb Code    60  stm32f10x_spi.o(i.SPI_Init)
    SVC_Handler                              0x08002b85   Thumb Code     2  stm32f10x_it.o(i.SVC_Handler)
    SysTick_CLKSourceConfig                  0x08002c71   Thumb Code    40  misc.o(i.SysTick_CLKSourceConfig)
    SystemInit                               0x08002c99   Thumb Code    78  system_stm32f10x.o(i.SystemInit)
    TIM3_IRQHandler                          0x08002cf9   Thumb Code    22  timer.o(i.TIM3_IRQHandler)
    TIM_ClearITPendingBit                    0x08002d15   Thumb Code     6  stm32f10x_tim.o(i.TIM_ClearITPendingBit)
    TIM_GetITStatus                          0x08002d1b   Thumb Code    34  stm32f10x_tim.o(i.TIM_GetITStatus)
    USART1_IRQHandler                        0x08002d3d   Thumb Code    14  usart.o(i.USART1_IRQHandler)
    USART2_IRQHandler                        0x08002d51   Thumb Code    92  usart2.o(i.USART2_IRQHandler)
    USART3_IRQHandler                        0x08002dc1   Thumb Code    92  usart3.o(i.USART3_IRQHandler)
    USART_ClearFlag                          0x08002e31   Thumb Code    18  stm32f10x_usart.o(i.USART_ClearFlag)
    USART_ClearITPendingBit                  0x08002e43   Thumb Code    30  stm32f10x_usart.o(i.USART_ClearITPendingBit)
    USART_Cmd                                0x08002e61   Thumb Code    24  stm32f10x_usart.o(i.USART_Cmd)
    USART_DMACmd                             0x08002e79   Thumb Code    18  stm32f10x_usart.o(i.USART_DMACmd)
    USART_DeInit                             0x08002e8d   Thumb Code   134  stm32f10x_usart.o(i.USART_DeInit)
    USART_GetFlagStatus                      0x08002f29   Thumb Code    26  stm32f10x_usart.o(i.USART_GetFlagStatus)
    USART_GetITStatus                        0x08002f43   Thumb Code    84  stm32f10x_usart.o(i.USART_GetITStatus)
    USART_ITConfig                           0x08002f97   Thumb Code    74  stm32f10x_usart.o(i.USART_ITConfig)
    USART_Init                               0x08002fe1   Thumb Code   210  stm32f10x_usart.o(i.USART_Init)
    USART_SendData                           0x080030b9   Thumb Code     8  stm32f10x_usart.o(i.USART_SendData)
    UsageFault_Handler                       0x080030c1   Thumb Code     4  stm32f10x_it.o(i.UsageFault_Handler)
    __ARM_fpclassify                         0x080030c5   Thumb Code    40  fpclassify.o(i.__ARM_fpclassify)
    _is_digit                                0x080030ed   Thumb Code    14  __printf_wp.o(i._is_digit)
    at24c256_init                            0x080030fd   Thumb Code   104  at24c256.o(i.at24c256_init)
    at24c256_read_buffer                     0x08003171   Thumb Code   210  at24c256.o(i.at24c256_read_buffer)
    at24c256_read_ota_data                   0x08003251   Thumb Code    22  at24c256.o(i.at24c256_read_ota_data)
    at24c256_write_ota_data                  0x0800326d   Thumb Code    36  at24c256.o(i.at24c256_write_ota_data)
    at24c256_write_page                      0x08003295   Thumb Code   170  at24c256.o(i.at24c256_write_page)
    bootloader_branch                        0x0800334d   Thumb Code    66  bootloader.o(i.bootloader_branch)
    bootloader_deinit_periph                 0x080033e1   Thumb Code    46  bootloader.o(i.bootloader_deinit_periph)
    bootloader_enter_detect                  0x0800342d   Thumb Code    58  bootloader.o(i.bootloader_enter_detect)
    bootloader_enter_info_printf             0x080034a1   Thumb Code    64  bootloader.o(i.bootloader_enter_info_printf)
    bootloader_erase_a_block                 0x08003621   Thumb Code    30  bootloader.o(i.bootloader_erase_a_block)
    bootloader_event_detect                  0x08003655   Thumb Code   440  bootloader.o(i.bootloader_event_detect)
    bootloader_event_handle                  0x0800397d   Thumb Code   188  bootloader.o(i.bootloader_event_handle)
    bootloader_get_ota_version               0x08003a3d   Thumb Code    28  bootloader.o(i.bootloader_get_ota_version)
    bootloader_get_size_of_external_flash    0x08003a75   Thumb Code    46  bootloader.o(i.bootloader_get_size_of_external_flash)
    bootloader_iap_end                       0x08003ad1   Thumb Code   268  bootloader.o(i.bootloader_iap_end)
    bootloader_iap_ready                     0x08003c21   Thumb Code    76  bootloader.o(i.bootloader_iap_ready)
    bootloader_iap_receive                   0x08003c79   Thumb Code   550  bootloader.o(i.bootloader_iap_receive)
    bootloader_iap_receive_timeout_detect    0x08003f09   Thumb Code   112  bootloader.o(i.bootloader_iap_receive_timeout_detect)
    bootloader_iap_start                     0x08003fe1   Thumb Code   152  bootloader.o(i.bootloader_iap_start)
    bootloader_load_a_block                  0x08004135   Thumb Code    52  bootloader.o(i.bootloader_load_a_block)
    bootloader_ota_a_block                   0x08004189   Thumb Code   252  bootloader.o(i.bootloader_ota_a_block)
    bootloader_select_flash_block            0x08004315   Thumb Code   126  bootloader.o(i.bootloader_select_flash_block)
    bootloader_set_ota_version               0x08004419   Thumb Code   124  bootloader.o(i.bootloader_set_ota_version)
    bootloader_system_reset                  0x08004525   Thumb Code    12  bootloader.o(i.bootloader_system_reset)
    delay_init                               0x08004531   Thumb Code    50  delay.o(i.delay_init)
    delay_ms                                 0x08004575   Thumb Code    72  delay.o(i.delay_ms)
    flash_erase                              0x080045c1   Thumb Code    48  flash.o(i.flash_erase)
    flash_write                              0x080045f1   Thumb Code    38  flash.o(i.flash_write)
    get_usart2_receive_flag                  0x08004619   Thumb Code    22  usart2.o(i.get_usart2_receive_flag)
    get_usart3_receive_flag                  0x08004635   Thumb Code    22  usart3.o(i.get_usart3_receive_flag)
    main                                     0x08004651   Thumb Code    66  main.o(i.main)
    spi_init                                 0x080046a9   Thumb Code   174  spi.o(i.spi_init)
    spi_set_ss                               0x08004761   Thumb Code    16  spi.o(i.spi_set_ss)
    spi_start                                0x08004775   Thumb Code    10  spi.o(i.spi_start)
    spi_stop                                 0x0800477f   Thumb Code    10  spi.o(i.spi_stop)
    spi_write_read_byte                      0x08004789   Thumb Code    50  spi.o(i.spi_write_read_byte)
    usart1_init                              0x080047c1   Thumb Code   152  usart.o(i.usart1_init)
    usart2_init                              0x0800489d   Thumb Code    20  usart2.o(i.usart2_init)
    usart2_send_byte                         0x08004989   Thumb Code    28  usart2.o(i.usart2_send_byte)
    usart3_init                              0x080049e5   Thumb Code    20  usart3.o(i.usart3_init)
    usart3_printf                            0x08004a89   Thumb Code    36  usart3.o(i.usart3_printf)
    usart3_send_byte                         0x08004af5   Thumb Code    28  usart3.o(i.usart3_send_byte)
    usart3_send_string                       0x08004b15   Thumb Code    26  usart3.o(i.usart3_send_string)
    w25q64_init                              0x08004b2f   Thumb Code     8  w25q64.o(i.w25q64_init)
    w25q64_read_data                         0x08004b37   Thumb Code    68  w25q64.o(i.w25q64_read_data)
    w25q64_sector_erase_64k                  0x08004b7b   Thumb Code    56  w25q64.o(i.w25q64_sector_erase_64k)
    w25q64_wait_busy                         0x08004bb5   Thumb Code    44  w25q64.o(i.w25q64_wait_busy)
    w25q64_write_enable                      0x08004be5   Thumb Code    18  w25q64.o(i.w25q64_write_enable)
    w25q64_write_page                        0x08004bf7   Thumb Code    82  w25q64.o(i.w25q64_write_page)
    xmodem_crc16                             0x08004c49   Thumb Code    68  bootloader.o(i.xmodem_crc16)
    xmodem_crc16_usart2                      0x08004c8d   Thumb Code    58  bootloader.o(i.xmodem_crc16_usart2)
    _get_lc_numeric                          0x08004cc9   Thumb Code    44  lc_numeric_c.o(locale$$code)
    _get_lc_ctype                            0x08004cf5   Thumb Code    44  lc_ctype_c.o(locale$$code)
    _printf_fp_dec                           0x08004d21   Thumb Code     4  printf1.o(x$fpl$printf1)
    _printf_fp_hex                           0x08004d25   Thumb Code     4  printf2.o(x$fpl$printf2)
    __I$use$fp                               0x08004d28   Number         0  usenofp.o(x$fpl$usenofp)
    Region$$Table$$Base                      0x08004e7c   Number         0  anon$$obj.o(Region$$Table)
    Region$$Table$$Limit                     0x08004e9c   Number         0  anon$$obj.o(Region$$Table)
    __ctype                                  0x08004ec5   Data           0  lc_ctype_c.o(locale$$data)
    SystemCoreClock                          0x20000000   Data           4  system_stm32f10x.o(.data)
    AHBPrescTable                            0x20000004   Data          16  system_stm32f10x.o(.data)
    usart2_receive_flag                      0x2000002c   Data           1  usart2.o(.data)
    usart2_rx_len                            0x2000002e   Data           2  usart2.o(.data)
    usart3_receive_flag                      0x20000030   Data           1  usart3.o(.data)
    usart3_rx_buffer_len                     0x20000032   Data           2  usart3.o(.data)
    SET_PC                                   0x20000034   Data           4  bootloader.o(.data)
    system_tick                              0x2000003c   Data           4  main.o(.data)
    usart2_rx_buffer                         0x20000040   Data         256  usart2.o(.bss)
    usart2_tx_buffer                         0x20000140   Data         256  usart2.o(.bss)
    usart3_rx_buffer                         0x20000240   Data         256  usart3.o(.bss)
    usart3_tx_buffer                         0x20000340   Data         256  usart3.o(.bss)
    xmodem_protocol_struct                   0x20000440   Data          24  bootloader.o(.bss)
    ota_info_struct                          0x20000458   Data          64  main.o(.bss)
    update_a_struct                          0x20000498   Data        1028  main.o(.bss)
    __libspace_start                         0x2000089c   Data          96  libspace.o(.bss)
    __temporary_stack_top$libspace           0x200008fc   Data           0  libspace.o(.bss)



==============================================================================

Memory Map of the image

  Image Entry point : 0x080000ed

  Load Region LR_IROM1 (Base: 0x08000000, Size: 0x00005008, Max: 0x00010000, ABSOLUTE)

    Execution Region ER_IROM1 (Exec base: 0x08000000, Load base: 0x08000000, Size: 0x00004fc8, Max: 0x00010000, ABSOLUTE)

    Exec Addr    Load Addr    Size         Type   Attr      Idx    E Section Name        Object

    0x08000000   0x08000000   0x000000ec   Data   RO            3    RESET               startup_stm32f10x_md.o
    0x080000ec   0x080000ec   0x00000008   Code   RO         4271  * !!!main             c_w.l(__main.o)
    0x080000f4   0x080000f4   0x00000034   Code   RO         4602    !!!scatter          c_w.l(__scatter.o)
    0x08000128   0x08000128   0x0000001a   Code   RO         4604    !!handler_copy      c_w.l(__scatter_copy.o)
    0x08000142   0x08000142   0x00000002   PAD
    0x08000144   0x08000144   0x0000001c   Code   RO         4606    !!handler_zi        c_w.l(__scatter_zi.o)
    0x08000160   0x08000160   0x00000000   Code   RO         4355    .ARM.Collect$$_printf_percent$$00000000  c_w.l(_printf_percent.o)
    0x08000160   0x08000160   0x00000006   Code   RO         4344    .ARM.Collect$$_printf_percent$$00000001  c_w.l(_printf_n.o)
    0x08000166   0x08000166   0x00000006   Code   RO         4346    .ARM.Collect$$_printf_percent$$00000002  c_w.l(_printf_p.o)
    0x0800016c   0x0800016c   0x00000006   Code   RO         4351    .ARM.Collect$$_printf_percent$$00000003  c_w.l(_printf_f.o)
    0x08000172   0x08000172   0x00000006   Code   RO         4352    .ARM.Collect$$_printf_percent$$00000004  c_w.l(_printf_e.o)
    0x08000178   0x08000178   0x00000006   Code   RO         4353    .ARM.Collect$$_printf_percent$$00000005  c_w.l(_printf_g.o)
    0x0800017e   0x0800017e   0x00000006   Code   RO         4354    .ARM.Collect$$_printf_percent$$00000006  c_w.l(_printf_a.o)
    0x08000184   0x08000184   0x0000000a   Code   RO         4359    .ARM.Collect$$_printf_percent$$00000007  c_w.l(_printf_ll.o)
    0x0800018e   0x0800018e   0x00000006   Code   RO         4348    .ARM.Collect$$_printf_percent$$00000008  c_w.l(_printf_i.o)
    0x08000194   0x08000194   0x00000006   Code   RO         4349    .ARM.Collect$$_printf_percent$$00000009  c_w.l(_printf_d.o)
    0x0800019a   0x0800019a   0x00000006   Code   RO         4350    .ARM.Collect$$_printf_percent$$0000000A  c_w.l(_printf_u.o)
    0x080001a0   0x080001a0   0x00000006   Code   RO         4347    .ARM.Collect$$_printf_percent$$0000000B  c_w.l(_printf_o.o)
    0x080001a6   0x080001a6   0x00000006   Code   RO         4345    .ARM.Collect$$_printf_percent$$0000000C  c_w.l(_printf_x.o)
    0x080001ac   0x080001ac   0x00000006   Code   RO         4356    .ARM.Collect$$_printf_percent$$0000000D  c_w.l(_printf_lli.o)
    0x080001b2   0x080001b2   0x00000006   Code   RO         4357    .ARM.Collect$$_printf_percent$$0000000E  c_w.l(_printf_lld.o)
    0x080001b8   0x080001b8   0x00000006   Code   RO         4358    .ARM.Collect$$_printf_percent$$0000000F  c_w.l(_printf_llu.o)
    0x080001be   0x080001be   0x00000006   Code   RO         4363    .ARM.Collect$$_printf_percent$$00000010  c_w.l(_printf_llo.o)
    0x080001c4   0x080001c4   0x00000006   Code   RO         4364    .ARM.Collect$$_printf_percent$$00000011  c_w.l(_printf_llx.o)
    0x080001ca   0x080001ca   0x0000000a   Code   RO         4360    .ARM.Collect$$_printf_percent$$00000012  c_w.l(_printf_l.o)
    0x080001d4   0x080001d4   0x00000006   Code   RO         4342    .ARM.Collect$$_printf_percent$$00000013  c_w.l(_printf_c.o)
    0x080001da   0x080001da   0x00000006   Code   RO         4343    .ARM.Collect$$_printf_percent$$00000014  c_w.l(_printf_s.o)
    0x080001e0   0x080001e0   0x00000006   Code   RO         4361    .ARM.Collect$$_printf_percent$$00000015  c_w.l(_printf_lc.o)
    0x080001e6   0x080001e6   0x00000006   Code   RO         4362    .ARM.Collect$$_printf_percent$$00000016  c_w.l(_printf_ls.o)
    0x080001ec   0x080001ec   0x00000004   Code   RO         4411    .ARM.Collect$$_printf_percent$$00000017  c_w.l(_printf_percent_end.o)
    0x080001f0   0x080001f0   0x00000002   Code   RO         4462    .ARM.Collect$$libinit$$00000000  c_w.l(libinit.o)
    0x080001f2   0x080001f2   0x00000000   Code   RO         4479    .ARM.Collect$$libinit$$00000002  c_w.l(libinit2.o)
    0x080001f2   0x080001f2   0x00000000   Code   RO         4481    .ARM.Collect$$libinit$$00000004  c_w.l(libinit2.o)
    0x080001f2   0x080001f2   0x00000000   Code   RO         4484    .ARM.Collect$$libinit$$0000000A  c_w.l(libinit2.o)
    0x080001f2   0x080001f2   0x00000000   Code   RO         4486    .ARM.Collect$$libinit$$0000000C  c_w.l(libinit2.o)
    0x080001f2   0x080001f2   0x00000000   Code   RO         4488    .ARM.Collect$$libinit$$0000000E  c_w.l(libinit2.o)
    0x080001f2   0x080001f2   0x00000006   Code   RO         4489    .ARM.Collect$$libinit$$0000000F  c_w.l(libinit2.o)
    0x080001f8   0x080001f8   0x00000000   Code   RO         4491    .ARM.Collect$$libinit$$00000011  c_w.l(libinit2.o)
    0x080001f8   0x080001f8   0x0000000c   Code   RO         4492    .ARM.Collect$$libinit$$00000012  c_w.l(libinit2.o)
    0x08000204   0x08000204   0x00000000   Code   RO         4493    .ARM.Collect$$libinit$$00000013  c_w.l(libinit2.o)
    0x08000204   0x08000204   0x00000000   Code   RO         4495    .ARM.Collect$$libinit$$00000015  c_w.l(libinit2.o)
    0x08000204   0x08000204   0x0000000a   Code   RO         4496    .ARM.Collect$$libinit$$00000016  c_w.l(libinit2.o)
    0x0800020e   0x0800020e   0x00000000   Code   RO         4497    .ARM.Collect$$libinit$$00000017  c_w.l(libinit2.o)
    0x0800020e   0x0800020e   0x00000000   Code   RO         4499    .ARM.Collect$$libinit$$00000019  c_w.l(libinit2.o)
    0x0800020e   0x0800020e   0x00000000   Code   RO         4501    .ARM.Collect$$libinit$$0000001B  c_w.l(libinit2.o)
    0x0800020e   0x0800020e   0x00000000   Code   RO         4503    .ARM.Collect$$libinit$$0000001D  c_w.l(libinit2.o)
    0x0800020e   0x0800020e   0x00000000   Code   RO         4505    .ARM.Collect$$libinit$$0000001F  c_w.l(libinit2.o)
    0x0800020e   0x0800020e   0x00000000   Code   RO         4507    .ARM.Collect$$libinit$$00000021  c_w.l(libinit2.o)
    0x0800020e   0x0800020e   0x00000000   Code   RO         4509    .ARM.Collect$$libinit$$00000023  c_w.l(libinit2.o)
    0x0800020e   0x0800020e   0x00000000   Code   RO         4511    .ARM.Collect$$libinit$$00000025  c_w.l(libinit2.o)
    0x0800020e   0x0800020e   0x00000000   Code   RO         4515    .ARM.Collect$$libinit$$0000002C  c_w.l(libinit2.o)
    0x0800020e   0x0800020e   0x00000000   Code   RO         4517    .ARM.Collect$$libinit$$0000002E  c_w.l(libinit2.o)
    0x0800020e   0x0800020e   0x00000000   Code   RO         4519    .ARM.Collect$$libinit$$00000030  c_w.l(libinit2.o)
    0x0800020e   0x0800020e   0x00000000   Code   RO         4521    .ARM.Collect$$libinit$$00000032  c_w.l(libinit2.o)
    0x0800020e   0x0800020e   0x00000002   Code   RO         4522    .ARM.Collect$$libinit$$00000033  c_w.l(libinit2.o)
    0x08000210   0x08000210   0x00000002   Code   RO         4542    .ARM.Collect$$libshutdown$$00000000  c_w.l(libshutdown.o)
    0x08000212   0x08000212   0x00000000   Code   RO         4555    .ARM.Collect$$libshutdown$$00000002  c_w.l(libshutdown2.o)
    0x08000212   0x08000212   0x00000000   Code   RO         4557    .ARM.Collect$$libshutdown$$00000004  c_w.l(libshutdown2.o)
    0x08000212   0x08000212   0x00000000   Code   RO         4560    .ARM.Collect$$libshutdown$$00000007  c_w.l(libshutdown2.o)
    0x08000212   0x08000212   0x00000000   Code   RO         4563    .ARM.Collect$$libshutdown$$0000000A  c_w.l(libshutdown2.o)
    0x08000212   0x08000212   0x00000000   Code   RO         4565    .ARM.Collect$$libshutdown$$0000000C  c_w.l(libshutdown2.o)
    0x08000212   0x08000212   0x00000000   Code   RO         4568    .ARM.Collect$$libshutdown$$0000000F  c_w.l(libshutdown2.o)
    0x08000212   0x08000212   0x00000002   Code   RO         4569    .ARM.Collect$$libshutdown$$00000010  c_w.l(libshutdown2.o)
    0x08000214   0x08000214   0x00000000   Code   RO         4273    .ARM.Collect$$rtentry$$00000000  c_w.l(__rtentry.o)
    0x08000214   0x08000214   0x00000000   Code   RO         4380    .ARM.Collect$$rtentry$$00000002  c_w.l(__rtentry2.o)
    0x08000214   0x08000214   0x00000006   Code   RO         4392    .ARM.Collect$$rtentry$$00000004  c_w.l(__rtentry4.o)
    0x0800021a   0x0800021a   0x00000000   Code   RO         4382    .ARM.Collect$$rtentry$$00000009  c_w.l(__rtentry2.o)
    0x0800021a   0x0800021a   0x00000004   Code   RO         4383    .ARM.Collect$$rtentry$$0000000A  c_w.l(__rtentry2.o)
    0x0800021e   0x0800021e   0x00000000   Code   RO         4385    .ARM.Collect$$rtentry$$0000000C  c_w.l(__rtentry2.o)
    0x0800021e   0x0800021e   0x00000008   Code   RO         4386    .ARM.Collect$$rtentry$$0000000D  c_w.l(__rtentry2.o)
    0x08000226   0x08000226   0x00000002   Code   RO         4471    .ARM.Collect$$rtexit$$00000000  c_w.l(rtexit.o)
    0x08000228   0x08000228   0x00000000   Code   RO         4524    .ARM.Collect$$rtexit$$00000002  c_w.l(rtexit2.o)
    0x08000228   0x08000228   0x00000004   Code   RO         4525    .ARM.Collect$$rtexit$$00000003  c_w.l(rtexit2.o)
    0x0800022c   0x0800022c   0x00000006   Code   RO         4526    .ARM.Collect$$rtexit$$00000004  c_w.l(rtexit2.o)
    0x08000232   0x08000232   0x00000002   PAD
    0x08000234   0x08000234   0x00000006   Code   RO         3997    .emb_text           bootloader.o
    0x0800023a   0x0800023a   0x00000002   PAD
    0x0800023c   0x0800023c   0x00000040   Code   RO            4    .text               startup_stm32f10x_md.o
    0x0800027c   0x0800027c   0x00000024   Code   RO         4255    .text               c_w.l(vsprintf.o)
    0x080002a0   0x080002a0   0x0000003c   Code   RO         4257    .text               c_w.l(__0sscanf.o)
    0x080002dc   0x080002dc   0x0000014c   Code   RO         4259    .text               c_w.l(_scanf_int.o)
    0x08000428   0x08000428   0x0000008a   Code   RO         4261    .text               c_w.l(rt_memcpy_v6.o)
    0x080004b2   0x080004b2   0x00000064   Code   RO         4263    .text               c_w.l(rt_memcpy_w.o)
    0x08000516   0x08000516   0x00000044   Code   RO         4265    .text               c_w.l(rt_memclr.o)
    0x0800055a   0x0800055a   0x0000004e   Code   RO         4267    .text               c_w.l(rt_memclr_w.o)
    0x080005a8   0x080005a8   0x00000006   Code   RO         4269    .text               c_w.l(heapauxi.o)
    0x080005ae   0x080005ae   0x0000004e   Code   RO         4276    .text               c_w.l(_printf_pad.o)
    0x080005fc   0x080005fc   0x00000024   Code   RO         4278    .text               c_w.l(_printf_truncate.o)
    0x08000620   0x08000620   0x00000052   Code   RO         4280    .text               c_w.l(_printf_str.o)
    0x08000672   0x08000672   0x00000002   PAD
    0x08000674   0x08000674   0x00000078   Code   RO         4282    .text               c_w.l(_printf_dec.o)
    0x080006ec   0x080006ec   0x00000028   Code   RO         4284    .text               c_w.l(_printf_charcount.o)
    0x08000714   0x08000714   0x00000030   Code   RO         4286    .text               c_w.l(_printf_char_common.o)
    0x08000744   0x08000744   0x0000000a   Code   RO         4288    .text               c_w.l(_sputc.o)
    0x0800074e   0x0800074e   0x00000002   PAD
    0x08000750   0x08000750   0x000000bc   Code   RO         4290    .text               c_w.l(_printf_wctomb.o)
    0x0800080c   0x0800080c   0x0000007c   Code   RO         4293    .text               c_w.l(_printf_longlong_dec.o)
    0x08000888   0x08000888   0x00000070   Code   RO         4299    .text               c_w.l(_printf_oct_int_ll.o)
    0x080008f8   0x080008f8   0x00000094   Code   RO         4319    .text               c_w.l(_printf_hex_int_ll_ptr.o)
    0x0800098c   0x0800098c   0x00000188   Code   RO         4339    .text               c_w.l(__printf_flags_ss_wp.o)
    0x08000b14   0x08000b14   0x0000001c   Code   RO         4365    .text               c_w.l(_chval.o)
    0x08000b30   0x08000b30   0x0000002c   Code   RO         4367    .text               c_w.l(scanf_char.o)
    0x08000b5c   0x08000b5c   0x00000040   Code   RO         4369    .text               c_w.l(_sgetc.o)
    0x08000b9c   0x08000b9c   0x0000008a   Code   RO         4394    .text               c_w.l(lludiv10.o)
    0x08000c26   0x08000c26   0x00000012   Code   RO         4396    .text               c_w.l(isspace.o)
    0x08000c38   0x08000c38   0x000000b2   Code   RO         4398    .text               c_w.l(_printf_intcommon.o)
    0x08000cea   0x08000cea   0x0000041e   Code   RO         4400    .text               c_w.l(_printf_fp_dec.o)
    0x08001108   0x08001108   0x000002fc   Code   RO         4402    .text               c_w.l(_printf_fp_hex.o)
    0x08001404   0x08001404   0x0000002c   Code   RO         4407    .text               c_w.l(_printf_char.o)
    0x08001430   0x08001430   0x0000002c   Code   RO         4409    .text               c_w.l(_printf_wchar.o)
    0x0800145c   0x0800145c   0x00000374   Code   RO         4412    .text               c_w.l(_scanf.o)
    0x080017d0   0x080017d0   0x00000040   Code   RO         4414    .text               c_w.l(_wcrtomb.o)
    0x08001810   0x08001810   0x0000004a   Code   RO         4416    .text               c_w.l(sys_stackheap_outer.o)
    0x0800185a   0x0800185a   0x00000002   PAD
    0x0800185c   0x0800185c   0x00000010   Code   RO         4418    .text               c_w.l(rt_ctype_table.o)
    0x0800186c   0x0800186c   0x00000008   Code   RO         4423    .text               c_w.l(rt_locale_intlibspace.o)
    0x08001874   0x08001874   0x00000080   Code   RO         4425    .text               c_w.l(_printf_fp_infnan.o)
    0x080018f4   0x080018f4   0x000000e4   Code   RO         4427    .text               c_w.l(bigflt0.o)
    0x080019d8   0x080019d8   0x00000012   Code   RO         4455    .text               c_w.l(exit.o)
    0x080019ea   0x080019ea   0x00000002   PAD
    0x080019ec   0x080019ec   0x00000008   Code   RO         4468    .text               c_w.l(libspace.o)
    0x080019f4   0x080019f4   0x00000080   Code   RO         4476    .text               c_w.l(strcmpv7m.o)
    0x08001a74   0x08001a74   0x0000000c   Code   RO         4534    .text               c_w.l(sys_exit.o)
    0x08001a80   0x08001a80   0x00000002   Code   RO         4545    .text               c_w.l(use_no_semi.o)
    0x08001a82   0x08001a82   0x00000000   Code   RO         4547    .text               c_w.l(indicate_semi.o)
    0x08001a82   0x08001a82   0x0000003e   Code   RO         4430    CL$$btod_d2e        c_w.l(btod.o)
    0x08001ac0   0x08001ac0   0x00000046   Code   RO         4432    CL$$btod_d2e_denorm_low  c_w.l(btod.o)
    0x08001b06   0x08001b06   0x00000060   Code   RO         4431    CL$$btod_d2e_norm_op1  c_w.l(btod.o)
    0x08001b66   0x08001b66   0x00000338   Code   RO         4440    CL$$btod_div_common  c_w.l(btod.o)
    0x08001e9e   0x08001e9e   0x000000dc   Code   RO         4437    CL$$btod_e2e        c_w.l(btod.o)
    0x08001f7a   0x08001f7a   0x0000002a   Code   RO         4434    CL$$btod_ediv       c_w.l(btod.o)
    0x08001fa4   0x08001fa4   0x0000002a   Code   RO         4433    CL$$btod_emul       c_w.l(btod.o)
    0x08001fce   0x08001fce   0x00000244   Code   RO         4439    CL$$btod_mult_common  c_w.l(btod.o)
    0x08002212   0x08002212   0x00000004   Code   RO         4196    i.BusFault_Handler  stm32f10x_it.o
    0x08002216   0x08002216   0x00000018   Code   RO          911    i.DMA_Cmd           stm32f10x_dma.o
    0x0800222e   0x0800222e   0x00000002   PAD
    0x08002230   0x08002230   0x0000014c   Code   RO          912    i.DMA_DeInit        stm32f10x_dma.o
    0x0800237c   0x0800237c   0x00000008   Code   RO          913    i.DMA_GetCurrDataCounter  stm32f10x_dma.o
    0x08002384   0x08002384   0x0000003c   Code   RO          917    i.DMA_Init          stm32f10x_dma.o
    0x080023c0   0x080023c0   0x00000004   Code   RO          918    i.DMA_SetCurrDataCounter  stm32f10x_dma.o
    0x080023c4   0x080023c4   0x00000002   Code   RO         4197    i.DebugMon_Handler  stm32f10x_it.o
    0x080023c6   0x080023c6   0x00000002   PAD
    0x080023c8   0x080023c8   0x0000004c   Code   RO         1046    i.FLASH_ErasePage   stm32f10x_flash.o
    0x08002414   0x08002414   0x00000034   Code   RO         1047    i.FLASH_GetBank1Status  stm32f10x_flash.o
    0x08002448   0x08002448   0x00000014   Code   RO         1056    i.FLASH_Lock        stm32f10x_flash.o
    0x0800245c   0x0800245c   0x0000006c   Code   RO         1061    i.FLASH_ProgramWord  stm32f10x_flash.o
    0x080024c8   0x080024c8   0x00000018   Code   RO         1064    i.FLASH_Unlock      stm32f10x_flash.o
    0x080024e0   0x080024e0   0x00000026   Code   RO         1068    i.FLASH_WaitForLastOperation  stm32f10x_flash.o
    0x08002506   0x08002506   0x00000002   PAD
    0x08002508   0x08002508   0x000000c8   Code   RO         1342    i.GPIO_DeInit       stm32f10x_gpio.o
    0x080025d0   0x080025d0   0x00000116   Code   RO         1347    i.GPIO_Init         stm32f10x_gpio.o
    0x080026e6   0x080026e6   0x0000000a   Code   RO         1358    i.GPIO_WriteBit     stm32f10x_gpio.o
    0x080026f0   0x080026f0   0x00000004   Code   RO         4198    i.HardFault_Handler  stm32f10x_it.o
    0x080026f4   0x080026f4   0x00000018   Code   RO         1459    i.I2C_AcknowledgeConfig  stm32f10x_i2c.o
    0x0800270c   0x0800270c   0x0000002a   Code   RO         1461    i.I2C_CheckEvent    stm32f10x_i2c.o
    0x08002736   0x08002736   0x00000018   Code   RO         1464    i.I2C_Cmd           stm32f10x_i2c.o
    0x0800274e   0x0800274e   0x00000002   PAD
    0x08002750   0x08002750   0x00000038   Code   RO         1467    i.I2C_DeInit        stm32f10x_i2c.o
    0x08002788   0x08002788   0x00000018   Code   RO         1471    i.I2C_GenerateSTART  stm32f10x_i2c.o
    0x080027a0   0x080027a0   0x00000018   Code   RO         1472    i.I2C_GenerateSTOP  stm32f10x_i2c.o
    0x080027b8   0x080027b8   0x000000ec   Code   RO         1478    i.I2C_Init          stm32f10x_i2c.o
    0x080028a4   0x080028a4   0x00000008   Code   RO         1483    i.I2C_ReceiveData   stm32f10x_i2c.o
    0x080028ac   0x080028ac   0x00000012   Code   RO         1485    i.I2C_Send7bitAddress  stm32f10x_i2c.o
    0x080028be   0x080028be   0x00000004   Code   RO         1486    i.I2C_SendData      stm32f10x_i2c.o
    0x080028c2   0x080028c2   0x00000002   PAD
    0x080028c4   0x080028c4   0x00000028   Code   RO         3865    i.I2C_WaitEvent     at24c256.o
    0x080028ec   0x080028ec   0x00000004   Code   RO         4199    i.MemManage_Handler  stm32f10x_it.o
    0x080028f0   0x080028f0   0x00000002   Code   RO         4200    i.NMI_Handler       stm32f10x_it.o
    0x080028f2   0x080028f2   0x00000002   PAD
    0x080028f4   0x080028f4   0x00000070   Code   RO          137    i.NVIC_Init         misc.o
    0x08002964   0x08002964   0x00000014   Code   RO          138    i.NVIC_PriorityGroupConfig  misc.o
    0x08002978   0x08002978   0x00000024   Code   RO         3998    i.NVIC_SystemReset  bootloader.o
    0x0800299c   0x0800299c   0x00000002   Code   RO         4201    i.PendSV_Handler    stm32f10x_it.o
    0x0800299e   0x0800299e   0x00000002   PAD
    0x080029a0   0x080029a0   0x00000020   Code   RO         1774    i.RCC_AHBPeriphClockCmd  stm32f10x_rcc.o
    0x080029c0   0x080029c0   0x00000020   Code   RO         1775    i.RCC_APB1PeriphClockCmd  stm32f10x_rcc.o
    0x080029e0   0x080029e0   0x00000020   Code   RO         1776    i.RCC_APB1PeriphResetCmd  stm32f10x_rcc.o
    0x08002a00   0x08002a00   0x00000020   Code   RO         1777    i.RCC_APB2PeriphClockCmd  stm32f10x_rcc.o
    0x08002a20   0x08002a20   0x00000020   Code   RO         1778    i.RCC_APB2PeriphResetCmd  stm32f10x_rcc.o
    0x08002a40   0x08002a40   0x000000d4   Code   RO         1785    i.RCC_GetClocksFreq  stm32f10x_rcc.o
    0x08002b14   0x08002b14   0x00000018   Code   RO         2263    i.SPI_Cmd           stm32f10x_spi.o
    0x08002b2c   0x08002b2c   0x00000012   Code   RO         2271    i.SPI_I2S_GetFlagStatus  stm32f10x_spi.o
    0x08002b3e   0x08002b3e   0x00000006   Code   RO         2274    i.SPI_I2S_ReceiveData  stm32f10x_spi.o
    0x08002b44   0x08002b44   0x00000004   Code   RO         2275    i.SPI_I2S_SendData  stm32f10x_spi.o
    0x08002b48   0x08002b48   0x0000003c   Code   RO         2276    i.SPI_Init          stm32f10x_spi.o
    0x08002b84   0x08002b84   0x00000002   Code   RO         4202    i.SVC_Handler       stm32f10x_it.o
    0x08002b86   0x08002b86   0x00000008   Code   RO           24    i.SetSysClock       system_stm32f10x.o
    0x08002b8e   0x08002b8e   0x00000002   PAD
    0x08002b90   0x08002b90   0x000000e0   Code   RO           25    i.SetSysClockTo72   system_stm32f10x.o
    0x08002c70   0x08002c70   0x00000028   Code   RO          141    i.SysTick_CLKSourceConfig  misc.o
    0x08002c98   0x08002c98   0x00000060   Code   RO           27    i.SystemInit        system_stm32f10x.o
    0x08002cf8   0x08002cf8   0x0000001c   Code   RO         3273    i.TIM3_IRQHandler   timer.o
    0x08002d14   0x08002d14   0x00000006   Code   RO         2416    i.TIM_ClearITPendingBit  stm32f10x_tim.o
    0x08002d1a   0x08002d1a   0x00000022   Code   RO         2442    i.TIM_GetITStatus   stm32f10x_tim.o
    0x08002d3c   0x08002d3c   0x00000014   Code   RO         3294    i.USART1_IRQHandler  usart.o
    0x08002d50   0x08002d50   0x00000070   Code   RO         3345    i.USART2_IRQHandler  usart2.o
    0x08002dc0   0x08002dc0   0x00000070   Code   RO         3445    i.USART3_IRQHandler  usart3.o
    0x08002e30   0x08002e30   0x00000012   Code   RO         2956    i.USART_ClearFlag   stm32f10x_usart.o
    0x08002e42   0x08002e42   0x0000001e   Code   RO         2957    i.USART_ClearITPendingBit  stm32f10x_usart.o
    0x08002e60   0x08002e60   0x00000018   Code   RO         2960    i.USART_Cmd         stm32f10x_usart.o
    0x08002e78   0x08002e78   0x00000012   Code   RO         2961    i.USART_DMACmd      stm32f10x_usart.o
    0x08002e8a   0x08002e8a   0x00000002   PAD
    0x08002e8c   0x08002e8c   0x0000009c   Code   RO         2962    i.USART_DeInit      stm32f10x_usart.o
    0x08002f28   0x08002f28   0x0000001a   Code   RO         2963    i.USART_GetFlagStatus  stm32f10x_usart.o
    0x08002f42   0x08002f42   0x00000054   Code   RO         2964    i.USART_GetITStatus  stm32f10x_usart.o
    0x08002f96   0x08002f96   0x0000004a   Code   RO         2966    i.USART_ITConfig    stm32f10x_usart.o
    0x08002fe0   0x08002fe0   0x000000d8   Code   RO         2967    i.USART_Init        stm32f10x_usart.o
    0x080030b8   0x080030b8   0x00000008   Code   RO         2977    i.USART_SendData    stm32f10x_usart.o
    0x080030c0   0x080030c0   0x00000004   Code   RO         4203    i.UsageFault_Handler  stm32f10x_it.o
    0x080030c4   0x080030c4   0x00000028   Code   RO         4466    i.__ARM_fpclassify  m_ws.l(fpclassify.o)
    0x080030ec   0x080030ec   0x0000000e   Code   RO         4332    i._is_digit         c_w.l(__printf_wp.o)
    0x080030fa   0x080030fa   0x00000002   PAD
    0x080030fc   0x080030fc   0x00000074   Code   RO         3866    i.at24c256_init     at24c256.o
    0x08003170   0x08003170   0x000000e0   Code   RO         3867    i.at24c256_read_buffer  at24c256.o
    0x08003250   0x08003250   0x0000001c   Code   RO         3869    i.at24c256_read_ota_data  at24c256.o
    0x0800326c   0x0800326c   0x00000028   Code   RO         3871    i.at24c256_write_ota_data  at24c256.o
    0x08003294   0x08003294   0x000000b8   Code   RO         3872    i.at24c256_write_page  at24c256.o
    0x0800334c   0x0800334c   0x00000094   Code   RO         3999    i.bootloader_branch  bootloader.o
    0x080033e0   0x080033e0   0x0000004c   Code   RO         4000    i.bootloader_deinit_periph  bootloader.o
    0x0800342c   0x0800342c   0x00000074   Code   RO         4001    i.bootloader_enter_detect  bootloader.o
    0x080034a0   0x080034a0   0x00000180   Code   RO         4002    i.bootloader_enter_info_printf  bootloader.o
    0x08003620   0x08003620   0x00000034   Code   RO         4003    i.bootloader_erase_a_block  bootloader.o
    0x08003654   0x08003654   0x00000328   Code   RO         4004    i.bootloader_event_detect  bootloader.o
    0x0800397c   0x0800397c   0x000000c0   Code   RO         4005    i.bootloader_event_handle  bootloader.o
    0x08003a3c   0x08003a3c   0x00000038   Code   RO         4006    i.bootloader_get_ota_version  bootloader.o
    0x08003a74   0x08003a74   0x0000005c   Code   RO         4007    i.bootloader_get_size_of_external_flash  bootloader.o
    0x08003ad0   0x08003ad0   0x00000150   Code   RO         4008    i.bootloader_iap_end  bootloader.o
    0x08003c20   0x08003c20   0x00000058   Code   RO         4009    i.bootloader_iap_ready  bootloader.o
    0x08003c78   0x08003c78   0x00000290   Code   RO         4010    i.bootloader_iap_receive  bootloader.o
    0x08003f08   0x08003f08   0x000000d8   Code   RO         4011    i.bootloader_iap_receive_timeout_detect  bootloader.o
    0x08003fe0   0x08003fe0   0x00000154   Code   RO         4012    i.bootloader_iap_start  bootloader.o
    0x08004134   0x08004134   0x00000054   Code   RO         4013    i.bootloader_load_a_block  bootloader.o
    0x08004188   0x08004188   0x0000018c   Code   RO         4014    i.bootloader_ota_a_block  bootloader.o
    0x08004314   0x08004314   0x00000104   Code   RO         4015    i.bootloader_select_flash_block  bootloader.o
    0x08004418   0x08004418   0x0000010c   Code   RO         4016    i.bootloader_set_ota_version  bootloader.o
    0x08004524   0x08004524   0x0000000c   Code   RO         4017    i.bootloader_system_reset  bootloader.o
    0x08004530   0x08004530   0x00000044   Code   RO         3196    i.delay_init        delay.o
    0x08004574   0x08004574   0x0000004c   Code   RO         3197    i.delay_ms          delay.o
    0x080045c0   0x080045c0   0x00000030   Code   RO         3976    i.flash_erase       flash.o
    0x080045f0   0x080045f0   0x00000026   Code   RO         3977    i.flash_write       flash.o
    0x08004616   0x08004616   0x00000002   PAD
    0x08004618   0x08004618   0x0000001c   Code   RO         3347    i.get_usart2_receive_flag  usart2.o
    0x08004634   0x08004634   0x0000001c   Code   RO         3448    i.get_usart3_receive_flag  usart3.o
    0x08004650   0x08004650   0x00000058   Code   RO         4159    i.main              main.o
    0x080046a8   0x080046a8   0x000000b8   Code   RO         3769    i.spi_init          spi.o
    0x08004760   0x08004760   0x00000014   Code   RO         3770    i.spi_set_ss        spi.o
    0x08004774   0x08004774   0x0000000a   Code   RO         3771    i.spi_start         spi.o
    0x0800477e   0x0800477e   0x0000000a   Code   RO         3772    i.spi_stop          spi.o
    0x08004788   0x08004788   0x00000038   Code   RO         3773    i.spi_write_read_byte  spi.o
    0x080047c0   0x080047c0   0x000000a0   Code   RO         3296    i.usart1_init       usart.o
    0x08004860   0x08004860   0x0000003c   Code   RO         3350    i.usart2_idle_interrupt_init  usart2.o
    0x0800489c   0x0800489c   0x00000014   Code   RO         3351    i.usart2_init       usart2.o
    0x080048b0   0x080048b0   0x00000090   Code   RO         3352    i.usart2_periph_init  usart2.o
    0x08004940   0x08004940   0x00000048   Code   RO         3354    i.usart2_rx_dma_init  usart2.o
    0x08004988   0x08004988   0x00000020   Code   RO         3355    i.usart2_send_byte  usart2.o
    0x080049a8   0x080049a8   0x0000003c   Code   RO         3451    i.usart3_idle_interrupt_init  usart3.o
    0x080049e4   0x080049e4   0x00000014   Code   RO         3452    i.usart3_init       usart3.o
    0x080049f8   0x080049f8   0x00000090   Code   RO         3453    i.usart3_periph_init  usart3.o
    0x08004a88   0x08004a88   0x00000024   Code   RO         3454    i.usart3_printf     usart3.o
    0x08004aac   0x08004aac   0x00000048   Code   RO         3455    i.usart3_rx_dma_init  usart3.o
    0x08004af4   0x08004af4   0x00000020   Code   RO         3456    i.usart3_send_byte  usart3.o
    0x08004b14   0x08004b14   0x0000001a   Code   RO         3457    i.usart3_send_string  usart3.o
    0x08004b2e   0x08004b2e   0x00000008   Code   RO         3925    i.w25q64_init       w25q64.o
    0x08004b36   0x08004b36   0x00000044   Code   RO         3926    i.w25q64_read_data  w25q64.o
    0x08004b7a   0x08004b7a   0x00000038   Code   RO         3928    i.w25q64_sector_erase_64k  w25q64.o
    0x08004bb2   0x08004bb2   0x00000002   PAD
    0x08004bb4   0x08004bb4   0x00000030   Code   RO         3929    i.w25q64_wait_busy  w25q64.o
    0x08004be4   0x08004be4   0x00000012   Code   RO         3930    i.w25q64_write_enable  w25q64.o
    0x08004bf6   0x08004bf6   0x00000052   Code   RO         3931    i.w25q64_write_page  w25q64.o
    0x08004c48   0x08004c48   0x00000044   Code   RO         4018    i.xmodem_crc16      bootloader.o
    0x08004c8c   0x08004c8c   0x0000003a   Code   RO         4019    i.xmodem_crc16_usart2  bootloader.o
    0x08004cc6   0x08004cc6   0x00000002   PAD
    0x08004cc8   0x08004cc8   0x0000002c   Code   RO         4453    locale$$code        c_w.l(lc_numeric_c.o)
    0x08004cf4   0x08004cf4   0x0000002c   Code   RO         4474    locale$$code        c_w.l(lc_ctype_c.o)
    0x08004d20   0x08004d20   0x00000004   Code   RO         4371    x$fpl$printf1       fz_ws.l(printf1.o)
    0x08004d24   0x08004d24   0x00000004   Code   RO         4373    x$fpl$printf2       fz_ws.l(printf2.o)
    0x08004d28   0x08004d28   0x00000000   Code   RO         4465    x$fpl$usenofp       fz_ws.l(usenofp.o)
    0x08004d28   0x08004d28   0x0000002c   Data   RO         3359    .constdata          usart2.o
    0x08004d54   0x08004d54   0x0000002c   Data   RO         3459    .constdata          usart3.o
    0x08004d80   0x08004d80   0x00000008   Data   RO         4291    .constdata          c_w.l(_printf_wctomb.o)
    0x08004d88   0x08004d88   0x00000028   Data   RO         4320    .constdata          c_w.l(_printf_hex_int_ll_ptr.o)
    0x08004db0   0x08004db0   0x00000011   Data   RO         4340    .constdata          c_w.l(__printf_flags_ss_wp.o)
    0x08004dc1   0x08004dc1   0x00000026   Data   RO         4403    .constdata          c_w.l(_printf_fp_hex.o)
    0x08004de7   0x08004de7   0x00000001   PAD
    0x08004de8   0x08004de8   0x00000094   Data   RO         4428    .constdata          c_w.l(bigflt0.o)
    0x08004e7c   0x08004e7c   0x00000020   Data   RO         4600    Region$$Table       anon$$obj.o
    0x08004e9c   0x08004e9c   0x0000001c   Data   RO         4452    locale$$data        c_w.l(lc_numeric_c.o)
    0x08004eb8   0x08004eb8   0x00000110   Data   RO         4473    locale$$data        c_w.l(lc_ctype_c.o)


    Execution Region RW_IRAM1 (Exec base: 0x20000000, Load base: 0x08004fc8, Size: 0x00000f00, Max: 0x00005000, ABSOLUTE)

    Exec Addr    Load Addr    Size         Type   Attr      Idx    E Section Name        Object

    0x20000000   0x08004fc8   0x00000014   Data   RW           28    .data               system_stm32f10x.o
    0x20000014   0x08004fdc   0x00000014   Data   RW         1805    .data               stm32f10x_rcc.o
    0x20000028   0x08004ff0   0x00000004   Data   RW         3199    .data               delay.o
    0x2000002c   0x08004ff4   0x00000004   Data   RW         3360    .data               usart2.o
    0x20000030   0x08004ff8   0x00000004   Data   RW         3460    .data               usart3.o
    0x20000034   0x08004ffc   0x00000007   Data   RW         4021    .data               bootloader.o
    0x2000003b   0x08005003   0x00000001   PAD
    0x2000003c   0x08005004   0x00000004   Data   RW         4161    .data               main.o
    0x20000040        -       0x00000200   Zero   RW         3358    .bss                usart2.o
    0x20000240        -       0x00000200   Zero   RW         3458    .bss                usart3.o
    0x20000440        -       0x00000018   Zero   RW         4020    .bss                bootloader.o
    0x20000458        -       0x00000444   Zero   RW         4160    .bss                main.o
    0x2000089c        -       0x00000060   Zero   RW         4469    .bss                c_w.l(libspace.o)
    0x200008fc   0x08005008   0x00000004   PAD
    0x20000900        -       0x00000200   Zero   RW            2    HEAP                startup_stm32f10x_md.o
    0x20000b00        -       0x00000400   Zero   RW            1    STACK               startup_stm32f10x_md.o


==============================================================================

Image component sizes


      Code (inc. data)   RO Data    RW Data    ZI Data      Debug   Object Name

       632         54          0          0          0       3868   at24c256.o
      4748       1916          0          7         24      29298   bootloader.o
         0          0          0          0          0       4500   core_cm3.o
       144         22          0          4          0       1076   delay.o
        86          0          0          0          0       1420   flash.o
        88         22          0          4       1092       1561   main.o
       172         22          0          0          0     205133   misc.o
       280         20          0          0          0       2377   spi.o
        64         26        236          0       1536        808   startup_stm32f10x_md.o
         0          0          0          0          0       1640   stm32f10x_adc.o
       428          8          0          0          0      14000   stm32f10x_dma.o
       318         32          0          0          0      10770   stm32f10x_flash.o
       488         28          0          0          0      11266   stm32f10x_gpio.o
       460         20          0          0          0      14869   stm32f10x_i2c.o
        24          0          0          0          0       3192   stm32f10x_it.o
       372         50          0         20          0      14432   stm32f10x_rcc.o
       112          0          0          0          0      10370   stm32f10x_spi.o
        40          0          0          0          0      21878   stm32f10x_tim.o
       654         28          0          0          0      13415   stm32f10x_usart.o
       328         28          0         20          0      49609   system_stm32f10x.o
        28          6          0          0          0        422   timer.o
       180         14          0          0          0       1106   usart.o
       468         60         44          4        512       4221   usart2.o
       530         56         44          4        512       5845   usart3.o
       280          4          0          0          0       3384   w25q64.o

    ----------------------------------------------------------------------
     10950       2416        356         64       3676     430460   Object Totals
         0          0         32          0          0          0   (incl. Generated)
        26          0          0          1          0          0   (incl. Padding)

    ----------------------------------------------------------------------

      Code (inc. data)   RO Data    RW Data    ZI Data      Debug   Library Member Name

        60          8          0          0          0         84   __0sscanf.o
         8          0          0          0          0         68   __main.o
       392          4         17          0          0         92   __printf_flags_ss_wp.o
        14          0          0          0          0         68   __printf_wp.o
         0          0          0          0          0          0   __rtentry.o
        12          0          0          0          0          0   __rtentry2.o
         6          0          0          0          0          0   __rtentry4.o
        52          8          0          0          0          0   __scatter.o
        26          0          0          0          0          0   __scatter_copy.o
        28          0          0          0          0          0   __scatter_zi.o
        28          0          0          0          0         68   _chval.o
         6          0          0          0          0          0   _printf_a.o
         6          0          0          0          0          0   _printf_c.o
        44          0          0          0          0        108   _printf_char.o
        48          6          0          0          0         96   _printf_char_common.o
        40          0          0          0          0         68   _printf_charcount.o
         6          0          0          0          0          0   _printf_d.o
       120         16          0          0          0         92   _printf_dec.o
         6          0          0          0          0          0   _printf_e.o
         6          0          0          0          0          0   _printf_f.o
      1054          0          0          0          0        216   _printf_fp_dec.o
       764          8         38          0          0        100   _printf_fp_hex.o
       128         16          0          0          0         84   _printf_fp_infnan.o
         6          0          0          0          0          0   _printf_g.o
       148          4         40          0          0        160   _printf_hex_int_ll_ptr.o
         6          0          0          0          0          0   _printf_i.o
       178          0          0          0          0         88   _printf_intcommon.o
        10          0          0          0          0          0   _printf_l.o
         6          0          0          0          0          0   _printf_lc.o
        10          0          0          0          0          0   _printf_ll.o
         6          0          0          0          0          0   _printf_lld.o
         6          0          0          0          0          0   _printf_lli.o
         6          0          0          0          0          0   _printf_llo.o
         6          0          0          0          0          0   _printf_llu.o
         6          0          0          0          0          0   _printf_llx.o
       124         16          0          0          0         92   _printf_longlong_dec.o
         6          0          0          0          0          0   _printf_ls.o
         6          0          0          0          0          0   _printf_n.o
         6          0          0          0          0          0   _printf_o.o
       112         10          0          0          0        124   _printf_oct_int_ll.o
         6          0          0          0          0          0   _printf_p.o
        78          0          0          0          0        108   _printf_pad.o
         0          0          0          0          0          0   _printf_percent.o
         4          0          0          0          0          0   _printf_percent_end.o
         6          0          0          0          0          0   _printf_s.o
        82          0          0          0          0         80   _printf_str.o
        36          0          0          0          0         84   _printf_truncate.o
         6          0          0          0          0          0   _printf_u.o
        44          0          0          0          0        108   _printf_wchar.o
       188          6          8          0          0         92   _printf_wctomb.o
         6          0          0          0          0          0   _printf_x.o
       884          6          0          0          0        100   _scanf.o
       332          0          0          0          0         96   _scanf_int.o
        64          0          0          0          0         84   _sgetc.o
        10          0          0          0          0         68   _sputc.o
        64          0          0          0          0         92   _wcrtomb.o
       228          4        148          0          0         96   bigflt0.o
      1936        128          0          0          0        672   btod.o
        18          0          0          0          0         80   exit.o
         6          0          0          0          0        152   heapauxi.o
         0          0          0          0          0          0   indicate_semi.o
        18          0          0          0          0         76   isspace.o
        44         10        272          0          0         76   lc_ctype_c.o
        44         10         28          0          0         76   lc_numeric_c.o
         2          0          0          0          0          0   libinit.o
        30          0          0          0          0          0   libinit2.o
         2          0          0          0          0          0   libshutdown.o
         2          0          0          0          0          0   libshutdown2.o
         8          4          0          0         96         68   libspace.o
       138          0          0          0          0         80   lludiv10.o
        16          4          0          0          0         76   rt_ctype_table.o
         8          4          0          0          0         68   rt_locale_intlibspace.o
        68          0          0          0          0         68   rt_memclr.o
        78          0          0          0          0         80   rt_memclr_w.o
       138          0          0          0          0         68   rt_memcpy_v6.o
       100          0          0          0          0         80   rt_memcpy_w.o
         2          0          0          0          0          0   rtexit.o
        10          0          0          0          0          0   rtexit2.o
        44          8          0          0          0         84   scanf_char.o
       128          0          0          0          0         68   strcmpv7m.o
        12          4          0          0          0         68   sys_exit.o
        74          0          0          0          0         80   sys_stackheap_outer.o
         2          0          0          0          0         68   use_no_semi.o
        36          4          0          0          0         76   vsprintf.o
         4          0          0          0          0         68   printf1.o
         4          0          0          0          0         68   printf2.o
         0          0          0          0          0          0   usenofp.o
        40          0          0          0          0         68   fpclassify.o

    ----------------------------------------------------------------------
      8566        288        552          0        100       4984   Library Totals
        14          0          1          0          4          0   (incl. Padding)

    ----------------------------------------------------------------------

      Code (inc. data)   RO Data    RW Data    ZI Data      Debug   Library Name

      8504        288        551          0         96       4780   c_w.l
         8          0          0          0          0        136   fz_ws.l
        40          0          0          0          0         68   m_ws.l

    ----------------------------------------------------------------------
      8566        288        552          0        100       4984   Library Totals

    ----------------------------------------------------------------------

==============================================================================


      Code (inc. data)   RO Data    RW Data    ZI Data      Debug   

     19516       2704        908         64       3776     426340   Grand Totals
     19516       2704        908         64       3776     426340   ELF Image Totals
     19516       2704        908         64          0          0   ROM Totals

==============================================================================

    Total RO  Size (Code + RO Data)                20424 (  19.95kB)
    Total RW  Size (RW Data + ZI Data)              3840 (   3.75kB)
    Total ROM Size (Code + RO Data + RW Data)      20488 (  20.01kB)

==============================================================================

