Component: ARM Compiler 5.06 update 5 (build 528) Tool: armlink [4d35e2]

==============================================================================

Section Cross References

    startup_stm32f10x_md.o(STACK) refers (Special) to heapauxi.o(.text) for __use_two_region_memory
    startup_stm32f10x_md.o(HEAP) refers (Special) to heapauxi.o(.text) for __use_two_region_memory
    startup_stm32f10x_md.o(RESET) refers (Special) to heapauxi.o(.text) for __use_two_region_memory
    startup_stm32f10x_md.o(RESET) refers to startup_stm32f10x_md.o(STACK) for __initial_sp
    startup_stm32f10x_md.o(RESET) refers to startup_stm32f10x_md.o(.text) for Reset_Handler
    startup_stm32f10x_md.o(RESET) refers to stm32f10x_it.o(i.NMI_Handler) for NMI_Handler
    startup_stm32f10x_md.o(RESET) refers to stm32f10x_it.o(i.HardFault_Handler) for HardFault_Handler
    startup_stm32f10x_md.o(RESET) refers to stm32f10x_it.o(i.MemManage_Handler) for MemManage_Handler
    startup_stm32f10x_md.o(RESET) refers to stm32f10x_it.o(i.BusFault_Handler) for BusFault_Handler
    startup_stm32f10x_md.o(RESET) refers to stm32f10x_it.o(i.UsageFault_Handler) for UsageFault_Handler
    startup_stm32f10x_md.o(RESET) refers to stm32f10x_it.o(i.SVC_Handler) for SVC_Handler
    startup_stm32f10x_md.o(RESET) refers to stm32f10x_it.o(i.DebugMon_Handler) for DebugMon_Handler
    startup_stm32f10x_md.o(RESET) refers to stm32f10x_it.o(i.PendSV_Handler) for PendSV_Handler
    startup_stm32f10x_md.o(RESET) refers to stm32f10x_it.o(i.SysTick_Handler) for SysTick_Handler
    startup_stm32f10x_md.o(RESET) refers to timer.o(i.TIM4_IRQHandler) for TIM4_IRQHandler
    startup_stm32f10x_md.o(RESET) refers to usart.o(i.USART1_IRQHandler) for USART1_IRQHandler
    startup_stm32f10x_md.o(RESET) refers to usart3.o(i.USART3_IRQHandler) for USART3_IRQHandler
    startup_stm32f10x_md.o(.text) refers (Special) to heapauxi.o(.text) for __use_two_region_memory
    startup_stm32f10x_md.o(.text) refers to system_stm32f10x.o(i.SystemInit) for SystemInit
    startup_stm32f10x_md.o(.text) refers to __main.o(!!!main) for __main
    startup_stm32f10x_md.o(.text) refers to startup_stm32f10x_md.o(HEAP) for Heap_Mem
    startup_stm32f10x_md.o(.text) refers to startup_stm32f10x_md.o(STACK) for Stack_Mem
    system_stm32f10x.o(i.SetSysClock) refers to system_stm32f10x.o(i.SetSysClockTo72) for SetSysClockTo72
    system_stm32f10x.o(i.SystemCoreClockUpdate) refers to system_stm32f10x.o(.data) for SystemCoreClock
    system_stm32f10x.o(i.SystemInit) refers to system_stm32f10x.o(i.SetSysClock) for SetSysClock
    stm32f10x_adc.o(i.ADC_DeInit) refers to stm32f10x_rcc.o(i.RCC_APB2PeriphResetCmd) for RCC_APB2PeriphResetCmd
    stm32f10x_bkp.o(i.BKP_DeInit) refers to stm32f10x_rcc.o(i.RCC_BackupResetCmd) for RCC_BackupResetCmd
    stm32f10x_can.o(i.CAN_DeInit) refers to stm32f10x_rcc.o(i.RCC_APB1PeriphResetCmd) for RCC_APB1PeriphResetCmd
    stm32f10x_can.o(i.CAN_GetITStatus) refers to stm32f10x_can.o(i.CheckITStatus) for CheckITStatus
    stm32f10x_cec.o(i.CEC_DeInit) refers to stm32f10x_rcc.o(i.RCC_APB1PeriphResetCmd) for RCC_APB1PeriphResetCmd
    stm32f10x_dac.o(i.DAC_DeInit) refers to stm32f10x_rcc.o(i.RCC_APB1PeriphResetCmd) for RCC_APB1PeriphResetCmd
    stm32f10x_flash.o(i.FLASH_EnableWriteProtection) refers to stm32f10x_flash.o(i.FLASH_WaitForLastOperation) for FLASH_WaitForLastOperation
    stm32f10x_flash.o(i.FLASH_EraseAllBank1Pages) refers to stm32f10x_flash.o(i.FLASH_WaitForLastBank1Operation) for FLASH_WaitForLastBank1Operation
    stm32f10x_flash.o(i.FLASH_EraseAllPages) refers to stm32f10x_flash.o(i.FLASH_WaitForLastOperation) for FLASH_WaitForLastOperation
    stm32f10x_flash.o(i.FLASH_EraseOptionBytes) refers to stm32f10x_flash.o(i.FLASH_GetReadOutProtectionStatus) for FLASH_GetReadOutProtectionStatus
    stm32f10x_flash.o(i.FLASH_EraseOptionBytes) refers to stm32f10x_flash.o(i.FLASH_WaitForLastOperation) for FLASH_WaitForLastOperation
    stm32f10x_flash.o(i.FLASH_ErasePage) refers to stm32f10x_flash.o(i.FLASH_WaitForLastOperation) for FLASH_WaitForLastOperation
    stm32f10x_flash.o(i.FLASH_ProgramHalfWord) refers to stm32f10x_flash.o(i.FLASH_WaitForLastOperation) for FLASH_WaitForLastOperation
    stm32f10x_flash.o(i.FLASH_ProgramOptionByteData) refers to stm32f10x_flash.o(i.FLASH_WaitForLastOperation) for FLASH_WaitForLastOperation
    stm32f10x_flash.o(i.FLASH_ProgramWord) refers to stm32f10x_flash.o(i.FLASH_WaitForLastOperation) for FLASH_WaitForLastOperation
    stm32f10x_flash.o(i.FLASH_ReadOutProtection) refers to stm32f10x_flash.o(i.FLASH_WaitForLastOperation) for FLASH_WaitForLastOperation
    stm32f10x_flash.o(i.FLASH_UserOptionByteConfig) refers to stm32f10x_flash.o(i.FLASH_WaitForLastOperation) for FLASH_WaitForLastOperation
    stm32f10x_flash.o(i.FLASH_WaitForLastBank1Operation) refers to stm32f10x_flash.o(i.FLASH_GetBank1Status) for FLASH_GetBank1Status
[...]
    i.I2C_SendData                           0x080028a6   Section        0  stm32f10x_i2c.o(i.I2C_SendData)
    i.I2C_WaitEvent                          0x080028ac   Section        0  at24c256.o(i.I2C_WaitEvent)
    I2C_WaitEvent                            0x080028ad   Thumb Code    36  at24c256.o(i.I2C_WaitEvent)
    i.MemManage_Handler                      0x080028d4   Section        0  stm32f10x_it.o(i.MemManage_Handler)
    i.NMI_Handler                            0x080028d8   Section        0  stm32f10x_it.o(i.NMI_Handler)
    i.NVIC_Init                              0x080028dc   Section        0  misc.o(i.NVIC_Init)
    i.NVIC_PriorityGroupConfig               0x0800294c   Section        0  misc.o(i.NVIC_PriorityGroupConfig)
    i.NVIC_SystemReset                       0x08002960   Section        0  bootloader.o(i.NVIC_SystemReset)
    NVIC_SystemReset                         0x08002961   Thumb Code    26  bootloader.o(i.NVIC_SystemReset)
    i.PendSV_Handler                         0x08002984   Section        0  stm32f10x_it.o(i.PendSV_Handler)
    i.RCC_AHBPeriphClockCmd                  0x08002988   Section        0  stm32f10x_rcc.o(i.RCC_AHBPeriphClockCmd)
    i.RCC_APB1PeriphClockCmd                 0x080029a8   Section        0  stm32f10x_rcc.o(i.RCC_APB1PeriphClockCmd)
    i.RCC_APB1PeriphResetCmd                 0x080029c8   Section        0  stm32f10x_rcc.o(i.RCC_APB1PeriphResetCmd)
    i.RCC_APB2PeriphClockCmd                 0x080029e8   Section        0  stm32f10x_rcc.o(i.RCC_APB2PeriphClockCmd)
    i.RCC_APB2PeriphResetCmd                 0x08002a08   Section        0  stm32f10x_rcc.o(i.RCC_APB2PeriphResetCmd)
    i.RCC_GetClocksFreq                      0x08002a28   Section        0  stm32f10x_rcc.o(i.RCC_GetClocksFreq)
    i.SPI_Cmd                                0x08002afc   Section        0  stm32f10x_spi.o(i.SPI_Cmd)
    i.SPI_I2S_GetFlagStatus                  0x08002b14   Section        0  stm32f10x_spi.o(i.SPI_I2S_GetFlagStatus)
    i.SPI_I2S_ReceiveData                    0x08002b26   Section        0  stm32f10x_spi.o(i.SPI_I2S_ReceiveData)
    i.SPI_I2S_SendData                       0x08002b2c   Section        0  stm32f10x_spi.o(i.SPI_I2S_SendData)
    i.SPI_Init                               0x08002b30   Section        0  stm32f10x_spi.o(i.SPI_Init)
    i.SVC_Handler                            0x08002b6c   Section        0  stm32f10x_it.o(i.SVC_Handler)
    i.SetSysClock                            0x08002b6e   Section        0  system_stm32f10x.o(i.SetSysClock)
    SetSysClock                              0x08002b6f   Thumb Code     8  system_stm32f10x.o(i.SetSysClock)
    i.SetSysClockTo72                        0x08002b78   Section        0  system_stm32f10x.o(i.SetSysClockTo72)
    SetSysClockTo72                          0x08002b79   Thumb Code   214  system_stm32f10x.o(i.SetSysClockTo72)
    i.SysTick_CLKSourceConfig                0x08002c58   Section        0  misc.o(i.SysTick_CLKSourceConfig)
    i.SysTick_Handler                        0x08002c80   Section        0  stm32f10x_it.o(i.SysTick_Handler)
    i.SystemInit                             0x08002c84   Section        0  system_stm32f10x.o(i.SystemInit)
    i.TIM4_IRQHandler                        0x08002ce4   Section        0  timer.o(i.TIM4_IRQHandler)
    i.TIM_ClearITPendingBit                  0x08002d30   Section        0  stm32f10x_tim.o(i.TIM_ClearITPendingBit)
    i.TIM_GetITStatus                        0x08002d36   Section        0  stm32f10x_tim.o(i.TIM_GetITStatus)
    i.USART1_IRQHandler                      0x08002d58   Section        0  usart.o(i.USART1_IRQHandler)
    i.USART3_IRQHandler                      0x08002d6c   Section        0  usart3.o(i.USART3_IRQHandler)
    i.USART_ClearFlag                        0x08002ddc   Section        0  stm32f10x_usart.o(i.USART_ClearFlag)
    i.USART_ClearITPendingBit                0x08002dee   Section        0  stm32f10x_usart.o(i.USART_ClearITPendingBit)
    i.USART_Cmd                              0x08002e0c   Section        0  stm32f10x_usart.o(i.USART_Cmd)
    i.USART_DMACmd                           0x08002e24   Section        0  stm32f10x_usart.o(i.USART_DMACmd)
    i.USART_DeInit                           0x08002e38   Section        0  stm32f10x_usart.o(i.USART_DeInit)
    i.USART_GetFlagStatus                    0x08002ed4   Section        0  stm32f10x_usart.o(i.USART_GetFlagStatus)
    i.USART_GetITStatus                      0x08002eee   Section        0  stm32f10x_usart.o(i.USART_GetITStatus)
    i.USART_ITConfig                         0x08002f42   Section        0  stm32f10x_usart.o(i.USART_ITConfig)
    i.USART_Init                             0x08002f8c   Section        0  stm32f10x_usart.o(i.USART_Init)
    i.USART_SendData                         0x08003064   Section        0  stm32f10x_usart.o(i.USART_SendData)
    i.UsageFault_Handler                     0x0800306c   Section        0  stm32f10x_it.o(i.UsageFault_Handler)
    i.__ARM_fpclassify                       0x08003070   Section        0  fpclassify.o(i.__ARM_fpclassify)
    i._is_digit                              0x08003098   Section        0  __printf_wp.o(i._is_digit)
    i._sys_exit                              0x080030a6   Section        0  usart.o(i._sys_exit)
    i.at24c256_init                          0x080030ac   Section        0  at24c256.o(i.at24c256_init)
    i.at24c256_write_ota_data                0x08003120   Section        0  at24c256.o(i.at24c256_write_ota_data)
    i.at24c256_write_page                    0x08003148   Section        0  at24c256.o(i.at24c256_write_page)
    i.bootloader_branch                      0x08003200   Section        0  bootloader.o(i.bootloader_branch)
    i.bootloader_deinit_periph               0x080032a0   Section        0  bootloader.o(i.bootloader_deinit_periph)
    i.bootloader_enter_detect                0x080032d8   Section        0  bootloader.o(i.bootloader_enter_detect)
    i.bootloader_enter_info_printf           0x0800334c   Section        0  bootloader.o(i.bootloader_enter_info_printf)
    i.bootloader_event_detect                0x08003460   Section        0  bootloader.o(i.bootloader_event_detect)
    i.bootloader_event_handle                0x08003578   Section        0  bootloader.o(i.bootloader_event_handle)
    i.bootloader_get_ota_version             0x0800360c   Section        0  bootloader.o(i.bootloader_get_ota_version)
    i.bootloader_load_a_block                0x080036d0   Section        0  bootloader.o(i.bootloader_load_a_block)
    i.bootloader_ota_a_block                 0x08003744   Section        0  bootloader.o(i.bootloader_ota_a_block)
    i.delay_init                             0x08003854   Section        0  delay.o(i.delay_init)
    i.delay_ms                               0x08003898   Section        0  delay.o(i.delay_ms)
    i.flash_erase                            0x080038e4   Section        0  flash.o(i.flash_erase)
    i.flash_write                            0x08003914   Section        0  flash.o(i.flash_write)
    i.get_usart3_receive_flag                0x0800393c   Section        0  usart3.o(i.get_usart3_receive_flag)
    i.get_usart3_rx_buffer                   0x08003958   Section        0  usart3.o(i.get_usart3_rx_buffer)
    i.get_usart3_rx_len                      0x0800397c   Section        0  usart3.o(i.get_usart3_rx_len)
    i.led1_toggle                            0x08003988   Section        0  led.o(i.led1_toggle)
    i.main                                   0x080039b4   Section        0  main.o(i.main)
    i.spi_init                               0x08003a04   Section        0  spi.o(i.spi_init)
    i.spi_set_ss                             0x08003abc   Section        0  spi.o(i.spi_set_ss)
    i.spi_start                              0x08003ad0   Section        0  spi.o(i.spi_start)
    i.spi_stop                               0x08003ada   Section        0  spi.o(i.spi_stop)
    i.spi_write_read_byte                    0x08003ae4   Section        0  spi.o(i.spi_write_read_byte)
    i.usart1_init                            0x08003b1c   Section        0  usart.o(i.usart1_init)
    i.usart3_idle_interrupt_init             0x08003bbc   Section        0  usart3.o(i.usart3_idle_interrupt_init)
    usart3_idle_interrupt_init               0x08003bbd   Thumb Code    54  usart3.o(i.usart3_idle_interrupt_init)
    i.usart3_init                            0x08003bf8   Section        0  usart3.o(i.usart3_init)
    i.usart3_periph_init                     0x08003c0c   Section        0  usart3.o(i.usart3_periph_init)
    usart3_periph_init                       0x08003c0d   Thumb Code   130  usart3.o(i.usart3_periph_init)
    i.usart3_printf                          0x08003c98   Section        0  usart3.o(i.usart3_printf)
    i.usart3_rx_dma_init                     0x08003cd4   Section        0  usart3.o(i.usart3_rx_dma_init)
    usart3_rx_dma_init                       0x08003cd5   Thumb Code    58  usart3.o(i.usart3_rx_dma_init)
    i.usart3_send_byte_blocking              0x08003d1c   Section        0  usart3.o(i.usart3_send_byte_blocking)
    i.w25q64_init                            0x08003d3c   Section        0  w25q64.o(i.w25q64_init)
    i.w25q64_read_data                       0x08003d44   Section        0  w25q64.o(i.w25q64_read_data)
    i.xmodem_crc16                           0x08003d88   Section        0  bootloader.o(i.xmodem_crc16)
    i.xmodem_protocol_handle                 0x08003dcc   Section        0  bootloader.o(i.xmodem_protocol_handle)
    locale$$code                             0x08003f54   Section       44  lc_numeric_c.o(locale$$code)
    locale$$code                             0x08003f80   Section       44  lc_ctype_c.o(locale$$code)
    x$fpl$printf1                            0x08003fac   Section        4  printf1.o(x$fpl$printf1)
    x$fpl$printf2                            0x08003fb0   Section        4  printf2.o(x$fpl$printf2)
    .constdata                               0x08003fb4   Section       44  usart3.o(.constdata)
    x$fpl$usenofp                            0x08003fb4   Section        0  usenofp.o(x$fpl$usenofp)
    .constdata                               0x08003fe0   Section        8  _printf_wctomb.o(.constdata)
    initial_mbstate                          0x08003fe0   Data           8  _printf_wctomb.o(.constdata)
    .constdata                               0x08003fe8   Section       40  _printf_hex_int_ll_ptr.o(.constdata)
    uc_hextab                                0x08003fe8   Data          20  _printf_hex_int_ll_ptr.o(.constdata)
    lc_hextab                                0x08003ffc   Data          20  _printf_hex_int_ll_ptr.o(.constdata)
    .constdata                               0x08004010   Section       17  __printf_flags_ss_wp.o(.constdata)
    maptable                                 0x08004010   Data          17  __printf_flags_ss_wp.o(.constdata)
    .constdata                               0x08004021   Section       38  _printf_fp_hex.o(.constdata)
    lc_hextab                                0x08004021   Data          19  _printf_fp_hex.o(.constdata)
    uc_hextab                                0x08004034   Data          19  _printf_fp_hex.o(.constdata)
    .constdata                               0x08004048   Section      148  bigflt0.o(.constdata)
    tenpwrs_x                                0x08004048   Data          60  bigflt0.o(.constdata)
    tenpwrs_i                                0x08004084   Data          64  bigflt0.o(.constdata)
    .conststring                             0x080040dc   Section       74  bootloader.o(.conststring)
    locale$$data                             0x08004148   Section       28  lc_numeric_c.o(locale$$data)
    __lcnum_c_name                           0x0800414c   Data           2  lc_numeric_c.o(locale$$data)
    __lcnum_c_start                          0x08004154   Data           0  lc_numeric_c.o(locale$$data)
    __lcnum_c_point                          0x08004160   Data           0  lc_numeric_c.o(locale$$data)
    __lcnum_c_thousands                      0x08004162   Data           0  lc_numeric_c.o(locale$$data)
    __lcnum_c_grouping                       0x08004163   Data           0  lc_numeric_c.o(locale$$data)
    locale$$data                             0x08004164   Section      272  lc_ctype_c.o(locale$$data)
    __lcnum_c_end                            0x08004164   Data           0  lc_numeric_c.o(locale$$data)
    __lcctype_c_name                         0x08004168   Data           2  lc_ctype_c.o(locale$$data)
    __lcctype_c_start                        0x08004170   Data           0  lc_ctype_c.o(locale$$data)
    __lcctype_c_end                          0x08004274   Data           0  lc_ctype_c.o(locale$$data)
    .data                                    0x20000000   Section       20  system_stm32f10x.o(.data)
    .data                                    0x20000014   Section       20  stm32f10x_rcc.o(.data)
    APBAHBPrescTable                         0x20000014   Data          16  stm32f10x_rcc.o(.data)
    ADCPrescTable                            0x20000024   Data           4  stm32f10x_rcc.o(.data)
    .data                                    0x20000028   Section        4  delay.o(.data)
    fac_us                                   0x20000028   Data           1  delay.o(.data)
    fac_ms                                   0x2000002a   Data           2  delay.o(.data)
    .data                                    0x2000002c   Section       10  timer.o(.data)
    .data                                    0x20000036   Section        4  usart3.o(.data)
    .data                                    0x2000003c   Section        6  bootloader.o(.data)
    bootloader_current_event                 0x20000040   Data           1  bootloader.o(.data)
    xmodem_protocol_current_state            0x20000041   Data           1  bootloader.o(.data)
    .bss                                     0x20000044   Section     1280  usart3.o(.bss)
    .bss                                     0x20000544   Section       16  bootloader.o(.bss)
    .bss                                     0x20000554   Section     1092  main.o(.bss)
    .bss                                     0x20000998   Section       96  libspace.o(.bss)
    HEAP                                     0x200009f8   Section      512  startup_stm32f10x_md.o(HEAP)
    Heap_Mem                                 0x200009f8   Data         512  startup_stm32f10x_md.o(HEAP)
    STACK                                    0x20000bf8   Section     1536  startup_stm32f10x_md.o(STACK)
    Stack_Mem                                0x20000bf8   Data        1536  startup_stm32f10x_md.o(STACK)
    __initial_sp                             0x200011f8   Data           0  startup_stm32f10x_md.o(STACK)

    Global Symbols

    Symbol Name                              Value     Ov Type        Size  Object(Section)

    BuildAttributes$$THM_ISAv4$P$D$K$B$S$PE$A:L22UL41UL21$X:L11$S22US41US21$IEEE1$IW$USESV6$~STKCKD$USESV7$~SHL$OTIME$ROPI$IEEEJ$EBA8$UX$STANDARDLIB$REQ8$PRES8$EABIv2 0x00000000   Number         0  anon$$obj.o ABSOLUTE
    __ARM_use_no_argv                        0x00000000   Number         0  main.o ABSOLUTE
    _printf_flags                            0x00000000   Number         0  printf_stubs.o ABSOLUTE
    _printf_return_value                     0x00000000   Number         0  printf_stubs.o ABSOLUTE
    _printf_sizespec                         0x00000000   Number         0  printf_stubs.o ABSOLUTE
    _printf_widthprec                        0x00000000   Number         0  printf_stubs.o ABSOLUTE
    __ARM_exceptions_init                     - Undefined Weak Reference
    __alloca_initialize                       - Undefined Weak Reference
    __arm_preinit_                            - Undefined Weak Reference
    __cpp_initialize__aeabi_                  - Undefined Weak Reference
    __cxa_finalize                            - Undefined Weak Reference
    __sigvec_lookup                           - Undefined Weak Reference
    _atexit_init                              - Undefined Weak Reference
    _call_atexit_fns                          - Undefined Weak Reference
    _clock_init                               - Undefined Weak Reference
    _fp_trap_init                             - Undefined Weak Reference
    _fp_trap_shutdown                         - Undefined Weak Reference
    _get_lc_collate                           - Undefined Weak Reference
    _get_lc_monetary                          - Undefined Weak Reference
    _get_lc_time                              - Undefined Weak Reference
    _getenv_init                              - Undefined Weak Reference
    _handle_redirection                       - Undefined Weak Reference
    _init_alloc                               - Undefined Weak Reference
    _init_user_alloc                          - Undefined Weak Reference
    _initio                                   - Undefined Weak Reference
    _printf_mbtowc                            - Undefined Weak Reference
    _printf_wc                                - Undefined Weak Reference
    _rand_init                                - Undefined Weak Reference
    _scanf_longlong                           - Undefined Weak Reference
    _scanf_mbtowc                             - Undefined Weak Reference
    _scanf_real                               - Undefined Weak Reference
    _scanf_string                             - Undefined Weak Reference
    _scanf_wctomb                             - Undefined Weak Reference
    _scanf_wstring                            - Undefined Weak Reference
    _signal_finish                            - Undefined Weak Reference
    _signal_init                              - Undefined Weak Reference
    _terminate_alloc                          - Undefined Weak Reference
    _terminate_user_alloc                     - Undefined Weak Reference
    _terminateio                              - Undefined Weak Reference
    __Vectors_Size                           0x000000ec   Number         0  startup_stm32f10x_md.o ABSOLUTE
    __Vectors                                0x08000000   Data           4  startup_stm32f10x_md.o(RESET)
    __Vectors_End                            0x080000ec   Data           0  startup_stm32f10x_md.o(RESET)
    __main                                   0x080000ed   Thumb Code     8  __main.o(!!!main)
    __scatterload                            0x080000f5   Thumb Code     0  __scatter.o(!!!scatter)
    __scatterload_rt2                        0x080000f5   Thumb Code    44  __scatter.o(!!!scatter)
    __scatterload_rt2_thumb_only             0x080000f5   Thumb Code     0  __scatter.o(!!!scatter)
    __scatterload_null                       0x08000103   Thumb Code     0  __scatter.o(!!!scatter)
    __scatterload_copy                       0x08000129   Thumb Code    26  __scatter_copy.o(!!handler_copy)
    __scatterload_zeroinit                   0x08000145   Thumb Code    28  __scatter_zi.o(!!handler_zi)
    _printf_n                                0x08000161   Thumb Code     0  _printf_n.o(.ARM.Collect$$_printf_percent$$00000001)
    _printf_percent                          0x08000161   Thumb Code     0  _printf_percent.o(.ARM.Collect$$_printf_percent$$00000000)
    _printf_p                                0x08000167   Thumb Code     0  _printf_p.o(.ARM.Collect$$_printf_percent$$00000002)
    _printf_f                                0x0800016d   Thumb Code     0  _printf_f.o(.ARM.Collect$$_printf_percent$$00000003)
    _printf_e                                0x08000173   Thumb Code     0  _printf_e.o(.ARM.Collect$$_printf_percent$$00000004)
    _printf_g                                0x08000179   Thumb Code     0  _printf_g.o(.ARM.Collect$$_printf_percent$$00000005)
    _printf_a                                0x0800017f   Thumb Code     0  _printf_a.o(.ARM.Collect$$_printf_percent$$00000006)
    _printf_ll                               0x08000185   Thumb Code     0  _printf_ll.o(.ARM.Collect$$_printf_percent$$00000007)
    _printf_i                                0x0800018f   Thumb Code     0  _printf_i.o(.ARM.Collect$$_printf_percent$$00000008)
    _printf_d                                0x08000195   Thumb Code     0  _printf_d.o(.ARM.Collect$$_printf_percent$$00000009)
    _printf_u                                0x0800019b   Thumb Code     0  _printf_u.o(.ARM.Collect$$_printf_percent$$0000000A)
    _printf_o                                0x080001a1   Thumb Code     0  _printf_o.o(.ARM.Collect$$_printf_percent$$0000000B)
    _printf_x                                0x080001a7   Thumb Code     0  _printf_x.o(.ARM.Collect$$_printf_percent$$0000000C)
    _printf_lli                              0x080001ad   Thumb Code     0  _printf_lli.o(.ARM.Collect$$_printf_percent$$0000000D)
    _printf_lld                              0x080001b3   Thumb Code     0  _printf_lld.o(.ARM.Collect$$_printf_percent$$0000000E)
    _printf_llu                              0x080001b9   Thumb Code     0  _printf_llu.o(.ARM.Collect$$_printf_percent$$0000000F)
    _printf_llo                              0x080001bf   Thumb Code     0  _printf_llo.o(.ARM.Collect$$_printf_percent$$00000010)
    _printf_llx                              0x080001c5   Thumb Code     0  _printf_llx.o(.ARM.Collect$$_printf_percent$$00000011)
    _printf_l                                0x080001cb   Thumb Code     0  _printf_l.o(.ARM.Collect$$_printf_percent$$00000012)
    _printf_c                                0x080001d5   Thumb Code     0  _printf_c.o(.ARM.Collect$$_printf_percent$$00000013)
    _printf_s                                0x080001db   Thumb Code     0  _printf_s.o(.ARM.Collect$$_printf_percent$$00000014)
    _printf_lc                               0x080001e1   Thumb Code     0  _printf_lc.o(.ARM.Collect$$_printf_percent$$00000015)
    _printf_ls                               0x080001e7   Thumb Code     0  _printf_ls.o(.ARM.Collect$$_printf_percent$$00000016)
    _printf_percent_end                      0x080001ed   Thumb Code     0  _printf_percent_end.o(.ARM.Collect$$_printf_percent$$00000017)
    __rt_lib_init                            0x080001f1   Thumb Code     0  libinit.o(.ARM.Collect$$libinit$$00000000)
    __rt_lib_init_fp_1                       0x080001f3   Thumb Code     0  libinit2.o(.ARM.Collect$$libinit$$00000002)
    __rt_lib_init_heap_1                     0x080001f3   Thumb Code     0  libinit2.o(.ARM.Collect$$libinit$$0000000A)
    __rt_lib_init_lc_common                  0x080001f3   Thumb Code     0  libinit2.o(.ARM.Collect$$libinit$$0000000F)
    __rt_lib_init_preinit_1                  0x080001f3   Thumb Code     0  libinit2.o(.ARM.Collect$$libinit$$00000004)
    __rt_lib_init_rand_1                     0x080001f3   Thumb Code     0  libinit2.o(.ARM.Collect$$libinit$$0000000E)
    __rt_lib_init_user_alloc_1               0x080001f3   Thumb Code     0  libinit2.o(.ARM.Collect$$libinit$$0000000C)
    __rt_lib_init_lc_collate_1               0x080001f9   Thumb Code     0  libinit2.o(.ARM.Collect$$libinit$$00000011)
    __rt_lib_init_lc_ctype_2                 0x080001f9   Thumb Code     0  libinit2.o(.ARM.Collect$$libinit$$00000012)
    __rt_lib_init_lc_ctype_1                 0x08000205   Thumb Code     0  libinit2.o(.ARM.Collect$$libinit$$00000013)
    __rt_lib_init_lc_monetary_1              0x08000205   Thumb Code     0  libinit2.o(.ARM.Collect$$libinit$$00000015)
    __rt_lib_init_lc_numeric_2               0x08000205   Thumb Code     0  libinit2.o(.ARM.Collect$$libinit$$00000016)
    __rt_lib_init_alloca_1                   0x0800020f   Thumb Code     0  libinit2.o(.ARM.Collect$$libinit$$0000002E)
    __rt_lib_init_argv_1                     0x0800020f   Thumb Code     0  libinit2.o(.ARM.Collect$$libinit$$0000002C)
    __rt_lib_init_atexit_1                   0x0800020f   Thumb Code     0  libinit2.o(.ARM.Collect$$libinit$$0000001B)
    __rt_lib_init_clock_1                    0x0800020f   Thumb Code     0  libinit2.o(.ARM.Collect$$libinit$$00000021)
    __rt_lib_init_cpp_1                      0x0800020f   Thumb Code     0  libinit2.o(.ARM.Collect$$libinit$$00000032)
    __rt_lib_init_exceptions_1               0x0800020f   Thumb Code     0  libinit2.o(.ARM.Collect$$libinit$$00000030)
    __rt_lib_init_fp_trap_1                  0x0800020f   Thumb Code     0  libinit2.o(.ARM.Collect$$libinit$$0000001F)
    __rt_lib_init_getenv_1                   0x0800020f   Thumb Code     0  libinit2.o(.ARM.Collect$$libinit$$00000023)
    __rt_lib_init_lc_numeric_1               0x0800020f   Thumb Code     0  libinit2.o(.ARM.Collect$$libinit$$00000017)
    __rt_lib_init_lc_time_1                  0x0800020f   Thumb Code     0  libinit2.o(.ARM.Collect$$libinit$$00000019)
    __rt_lib_init_return                     0x0800020f   Thumb Code     0  libinit2.o(.ARM.Collect$$libinit$$00000033)
    __rt_lib_init_signal_1                   0x0800020f   Thumb Code     0  libinit2.o(.ARM.Collect$$libinit$$0000001D)
    __rt_lib_init_stdio_1                    0x0800020f   Thumb Code     0  libinit2.o(.ARM.Collect$$libinit$$00000025)
    __rt_lib_shutdown                        0x08000211   Thumb Code     0  libshutdown.o(.ARM.Collect$$libshutdown$$00000000)
    __rt_lib_shutdown_cpp_1                  0x08000213   Thumb Code     0  libshutdown2.o(.ARM.Collect$$libshutdown$$00000002)
    __rt_lib_shutdown_fp_trap_1              0x08000213   Thumb Code     0  libshutdown2.o(.ARM.Collect$$libshutdown$$00000007)
    __rt_lib_shutdown_heap_1                 0x08000213   Thumb Code     0  libshutdown2.o(.ARM.Collect$$libshutdown$$0000000F)
    __rt_lib_shutdown_return                 0x08000213   Thumb Code     0  libshutdown2.o(.ARM.Collect$$libshutdown$$00000010)
    __rt_lib_shutdown_signal_1               0x08000213   Thumb Code     0  libshutdown2.o(.ARM.Collect$$libshutdown$$0000000A)
    __rt_lib_shutdown_stdio_1                0x08000213   Thumb Code     0  libshutdown2.o(.ARM.Collect$$libshutdown$$00000004)
    __rt_lib_shutdown_user_alloc_1           0x08000213   Thumb Code     0  libshutdown2.o(.ARM.Collect$$libshutdown$$0000000C)
    __rt_entry                               0x08000215   Thumb Code     0  __rtentry.o(.ARM.Collect$$rtentry$$00000000)
    __rt_entry_presh_1                       0x08000215   Thumb Code     0  __rtentry2.o(.ARM.Collect$$rtentry$$00000002)
    __rt_entry_sh                            0x08000215   Thumb Code     0  __rtentry4.o(.ARM.Collect$$rtentry$$00000004)
    __rt_entry_li                            0x0800021b   Thumb Code     0  __rtentry2.o(.ARM.Collect$$rtentry$$0000000A)
    __rt_entry_postsh_1                      0x0800021b   Thumb Code     0  __rtentry2.o(.ARM.Collect$$rtentry$$00000009)
    __rt_entry_main                          0x0800021f   Thumb Code     0  __rtentry2.o(.ARM.Collect$$rtentry$$0000000D)
    __rt_entry_postli_1                      0x0800021f   Thumb Code     0  __rtentry2.o(.ARM.Collect$$rtentry$$0000000C)
    __rt_exit                                0x08000227   Thumb Code     0  rtexit.o(.ARM.Collect$$rtexit$$00000000)
    __rt_exit_ls                             0x08000229   Thumb Code     0  rtexit2.o(.ARM.Collect$$rtexit$$00000003)
    __rt_exit_prels_1                        0x08000229   Thumb Code     0  rtexit2.o(.ARM.Collect$$rtexit$$00000002)
    __rt_exit_exit                           0x0800022d   Thumb Code     0  rtexit2.o(.ARM.Collect$$rtexit$$00000004)
    SET_SP                                   0x08000235   Thumb Code     6  bootloader.o(.emb_text)
    Reset_Handler                            0x0800023d   Thumb Code     8  startup_stm32f10x_md.o(.text)
    ADC1_2_IRQHandler                        0x08000257   Thumb Code     0  startup_stm32f10x_md.o(.text)
    CAN1_RX1_IRQHandler                      0x08000257   Thumb Code     0  startup_stm32f10x_md.o(.text)
    CAN1_SCE_IRQHandler                      0x08000257   Thumb Code     0  startup_stm32f10x_md.o(.text)
    DMA1_Channel1_IRQHandler                 0x08000257   Thumb Code     0  startup_stm32f10x_md.o(.text)
    DMA1_Channel2_IRQHandler                 0x08000257   Thumb Code     0  startup_stm32f10x_md.o(.text)
    DMA1_Channel3_IRQHandler                 0x08000257   Thumb Code     0  startup_stm32f10x_md.o(.text)
    DMA1_Channel4_IRQHandler                 0x08000257   Thumb Code     0  startup_stm32f10x_md.o(.text)
    DMA1_Channel5_IRQHandler                 0x08000257   Thumb Code     0  startup_stm32f10x_md.o(.text)
    DMA1_Channel6_IRQHandler                 0x08000257   Thumb Code     0  startup_stm32f10x_md.o(.text)
    DMA1_Channel7_IRQHandler                 0x08000257   Thumb Code     0  startup_stm32f10x_md.o(.text)
    EXTI0_IRQHandler                         0x08000257   Thumb Code     0  startup_stm32f10x_md.o(.text)
    EXTI15_10_IRQHandler                     0x08000257   Thumb Code     0  startup_stm32f10x_md.o(.text)
    EXTI1_IRQHandler                         0x08000257   Thumb Code     0  startup_stm32f10x_md.o(.text)
    EXTI2_IRQHandler                         0x08000257   Thumb Code     0  startup_stm32f10x_md.o(.text)
    EXTI3_IRQHandler                         0x08000257   Thumb Code     0  startup_stm32f10x_md.o(.text)
    EXTI4_IRQHandler                         0x08000257   Thumb Code     0  startup_stm32f10x_md.o(.text)
    EXTI9_5_IRQHandler                       0x08000257   Thumb Code     0  startup_stm32f10x_md.o(.text)
    FLASH_IRQHandler                         0x08000257   Thumb Code     0  startup_stm32f10x_md.o(.text)
    I2C1_ER_IRQHandler                       0x08000257   Thumb Code     0  startup_stm32f10x_md.o(.text)
    I2C1_EV_IRQHandler                       0x08000257   Thumb Code     0  startup_stm32f10x_md.o(.text)
    I2C2_ER_IRQHandler                       0x08000257   Thumb Code     0  startup_stm32f10x_md.o(.text)
    I2C2_EV_IRQHandler                       0x08000257   Thumb Code     0  startup_stm32f10x_md.o(.text)
    PVD_IRQHandler                           0x08000257   Thumb Code     0  startup_stm32f10x_md.o(.text)
    RCC_IRQHandler                           0x08000257   Thumb Code     0  startup_stm32f10x_md.o(.text)
    RTCAlarm_IRQHandler                      0x08000257   Thumb Code     0  startup_stm32f10x_md.o(.text)
    RTC_IRQHandler                           0x08000257   Thumb Code     0  startup_stm32f10x_md.o(.text)
    SPI1_IRQHandler                          0x08000257   Thumb Code     0  startup_stm32f10x_md.o(.text)
    SPI2_IRQHandler                          0x08000257   Thumb Code     0  startup_stm32f10x_md.o(.text)
    TAMPER_IRQHandler                        0x08000257   Thumb Code     0  startup_stm32f10x_md.o(.text)
    TIM1_BRK_IRQHandler                      0x08000257   Thumb Code     0  startup_stm32f10x_md.o(.text)
    TIM1_CC_IRQHandler                       0x08000257   Thumb Code     0  startup_stm32f10x_md.o(.text)
    TIM1_TRG_COM_IRQHandler                  0x08000257   Thumb Code     0  startup_stm32f10x_md.o(.text)
    TIM1_UP_IRQHandler                       0x08000257   Thumb Code     0  startup_stm32f10x_md.o(.text)
    TIM2_IRQHandler                          0x08000257   Thumb Code     0  startup_stm32f10x_md.o(.text)
    TIM3_IRQHandler                          0x08000257   Thumb Code     0  startup_stm32f10x_md.o(.text)
    USART2_IRQHandler                        0x08000257   Thumb Code     0  startup_stm32f10x_md.o(.text)
    USBWakeUp_IRQHandler                     0x08000257   Thumb Code     0  startup_stm32f10x_md.o(.text)
    USB_HP_CAN1_TX_IRQHandler                0x08000257   Thumb Code     0  startup_stm32f10x_md.o(.text)
    USB_LP_CAN1_RX0_IRQHandler               0x08000257   Thumb Code     0  startup_stm32f10x_md.o(.text)
    WWDG_IRQHandler                          0x08000257   Thumb Code     0  startup_stm32f10x_md.o(.text)
    __user_initial_stackheap                 0x08000259   Thumb Code     0  startup_stm32f10x_md.o(.text)
    __use_no_semihosting                     0x0800027d   Thumb Code     2  use_no_semi_2.o(.text)
    vsprintf                                 0x08000281   Thumb Code    32  vsprintf.o(.text)
    __0sscanf                                0x080002a5   Thumb Code    52  __0sscanf.o(.text)
    _scanf_int                               0x080002e1   Thumb Code   332  _scanf_int.o(.text)
    strlen                                   0x0800042d   Thumb Code    62  strlen.o(.text)
    __aeabi_memcpy                           0x0800046b   Thumb Code     0  rt_memcpy_v6.o(.text)
    __rt_memcpy                              0x0800046b   Thumb Code   138  rt_memcpy_v6.o(.text)
    _memcpy_lastbytes                        0x080004d1   Thumb Code     0  rt_memcpy_v6.o(.text)
    __aeabi_memcpy4                          0x080004f5   Thumb Code     0  rt_memcpy_w.o(.text)
    __aeabi_memcpy8                          0x080004f5   Thumb Code     0  rt_memcpy_w.o(.text)
    __rt_memcpy_w                            0x080004f5   Thumb Code   100  rt_memcpy_w.o(.text)
    _memcpy_lastbytes_aligned                0x0800053d   Thumb Code     0  rt_memcpy_w.o(.text)
    __aeabi_memclr4                          0x08000559   Thumb Code     0  rt_memclr_w.o(.text)
    __aeabi_memclr8                          0x08000559   Thumb Code     0  rt_memclr_w.o(.text)
    __rt_memclr_w                            0x08000559   Thumb Code    78  rt_memclr_w.o(.text)
    _memset_w                                0x0800055d   Thumb Code     0  rt_memclr_w.o(.text)
    __use_two_region_memory                  0x080005a7   Thumb Code     2  heapauxi.o(.text)
    __rt_heap_escrow$2region                 0x080005a9   Thumb Code     2  heapauxi.o(.text)
    __rt_heap_expand$2region                 0x080005ab   Thumb Code     2  heapauxi.o(.text)
    __I$use$semihosting                      0x080005ad   Thumb Code     0  use_no_semi.o(.text)
    __use_no_semihosting_swi                 0x080005ad   Thumb Code     2  use_no_semi.o(.text)
    _printf_pre_padding                      0x080005af   Thumb Code    44  _printf_pad.o(.text)
    _printf_post_padding                     0x080005db   Thumb Code    34  _printf_pad.o(.text)
    _printf_truncate_signed                  0x080005fd   Thumb Code    18  _printf_truncate.o(.text)
    _printf_truncate_unsigned                0x0800060f   Thumb Code    18  _printf_truncate.o(.text)
    _printf_str                              0x08000621   Thumb Code    82  _printf_str.o(.text)
    _printf_int_dec                          0x08000675   Thumb Code   104  _printf_dec.o(.text)
    _printf_charcount                        0x080006ed   Thumb Code    40  _printf_charcount.o(.text)
    _printf_char_common                      0x0800071f   Thumb Code    32  _printf_char_common.o(.text)
    _sputc                                   0x08000745   Thumb Code    10  _sputc.o(.text)
    _printf_wctomb                           0x08000751   Thumb Code   182  _printf_wctomb.o(.text)
    _printf_longlong_dec                     0x0800080d   Thumb Code   108  _printf_longlong_dec.o(.text)
    _printf_longlong_oct                     0x08000889   Thumb Code    66  _printf_oct_int_ll.o(.text)
    _printf_int_oct                          0x080008cb   Thumb Code    24  _printf_oct_int_ll.o(.text)
    _printf_ll_oct                           0x080008e3   Thumb Code    12  _printf_oct_int_ll.o(.text)
    _printf_longlong_hex                     0x080008f9   Thumb Code    86  _printf_hex_int_ll_ptr.o(.text)
    _printf_int_hex                          0x0800094f   Thumb Code    28  _printf_hex_int_ll_ptr.o(.text)
    _printf_ll_hex                           0x0800096b   Thumb Code    12  _printf_hex_int_ll_ptr.o(.text)
    _printf_hex_ptr                          0x08000977   Thumb Code    18  _printf_hex_int_ll_ptr.o(.text)
    __printf                                 0x0800098d   Thumb Code   388  __printf_flags_ss_wp.o(.text)
    _chval                                   0x08000b15   Thumb Code    28  _chval.o(.text)
    __vfscanf_char                           0x08000b3d   Thumb Code    24  scanf_char.o(.text)
    _sgetc                                   0x08000b5d   Thumb Code    30  _sgetc.o(.text)
    _sbackspace                              0x08000b7b   Thumb Code    34  _sgetc.o(.text)
    _ll_udiv10                               0x08000b9d   Thumb Code   138  lludiv10.o(.text)
    isspace                                  0x08000c27   Thumb Code    18  isspace.o(.text)
    _printf_int_common                       0x08000c39   Thumb Code   178  _printf_intcommon.o(.text)
    __lib_sel_fp_printf                      0x08000ceb   Thumb Code     2  _printf_fp_dec.o(.text)
    _printf_fp_dec_real                      0x08000e9d   Thumb Code   620  _printf_fp_dec.o(.text)
    _printf_fp_hex_real                      0x08001109   Thumb Code   756  _printf_fp_hex.o(.text)
    _printf_cs_common                        0x08001405   Thumb Code    20  _printf_char.o(.text)
    _printf_char                             0x08001419   Thumb Code    16  _printf_char.o(.text)
    _printf_string                           0x08001429   Thumb Code     8  _printf_char.o(.text)
    _printf_lcs_common                       0x08001431   Thumb Code    20  _printf_wchar.o(.text)
    _printf_wchar                            0x08001445   Thumb Code    16  _printf_wchar.o(.text)
    _printf_wstring                          0x08001455   Thumb Code     8  _printf_wchar.o(.text)
    __vfscanf                                0x0800145d   Thumb Code   878  _scanf.o(.text)
    _wcrtomb                                 0x080017d1   Thumb Code    64  _wcrtomb.o(.text)
    __user_setup_stackheap                   0x08001811   Thumb Code    74  sys_stackheap_outer.o(.text)
    __rt_ctype_table                         0x0800185d   Thumb Code    16  rt_ctype_table.o(.text)
    __rt_locale                              0x0800186d   Thumb Code     8  rt_locale_intlibspace.o(.text)
    _printf_fp_infnan                        0x08001875   Thumb Code   112  _printf_fp_infnan.o(.text)
    _btod_etento                             0x080018f5   Thumb Code   224  bigflt0.o(.text)
    exit                                     0x080019d9   Thumb Code    18  exit.o(.text)
    __user_libspace                          0x080019ed   Thumb Code     8  libspace.o(.text)
    __user_perproc_libspace                  0x080019ed   Thumb Code     0  libspace.o(.text)
    __user_perthread_libspace                0x080019ed   Thumb Code     0  libspace.o(.text)
    strcmp                                   0x080019f5   Thumb Code   128  strcmpv7m.o(.text)
    _btod_d2e                                0x08001a75   Thumb Code    62  btod.o(CL$$btod_d2e)
    _d2e_denorm_low                          0x08001ab3   Thumb Code    70  btod.o(CL$$btod_d2e_denorm_low)
    _d2e_norm_op1                            0x08001af9   Thumb Code    96  btod.o(CL$$btod_d2e_norm_op1)
    __btod_div_common                        0x08001b59   Thumb Code   696  btod.o(CL$$btod_div_common)
    _e2e                                     0x08001e91   Thumb Code   220  btod.o(CL$$btod_e2e)
    _btod_ediv                               0x08001f6d   Thumb Code    42  btod.o(CL$$btod_ediv)
    _btod_emul                               0x08001f97   Thumb Code    42  btod.o(CL$$btod_emul)
    __btod_mult_common                       0x08001fc1   Thumb Code   580  btod.o(CL$$btod_mult_common)
    BusFault_Handler                         0x08002205   Thumb Code     4  stm32f10x_it.o(i.BusFault_Handler)
    DMA_Cmd                                  0x08002209   Thumb Code    24  stm32f10x_dma.o(i.DMA_Cmd)
    DMA_DeInit                               0x08002221   Thumb Code   324  stm32f10x_dma.o(i.DMA_DeInit)
    DMA_GetCurrDataCounter                   0x0800236d   Thumb Code     8  stm32f10x_dma.o(i.DMA_GetCurrDataCounter)
    DMA_Init                                 0x08002375   Thumb Code    60  stm32f10x_dma.o(i.DMA_Init)
    DMA_SetCurrDataCounter                   0x080023b1   Thumb Code     4  stm32f10x_dma.o(i.DMA_SetCurrDataCounter)
    DebugMon_Handler                         0x080023b5   Thumb Code     2  stm32f10x_it.o(i.DebugMon_Handler)
    FLASH_ErasePage                          0x080023b9   Thumb Code    72  stm32f10x_flash.o(i.FLASH_ErasePage)
    FLASH_GetBank1Status                     0x08002405   Thumb Code    48  stm32f10x_flash.o(i.FLASH_GetBank1Status)
    FLASH_Lock                               0x08002439   Thumb Code    14  stm32f10x_flash.o(i.FLASH_Lock)
    FLASH_ProgramWord                        0x0800244d   Thumb Code   102  stm32f10x_flash.o(i.FLASH_ProgramWord)
    FLASH_Unlock                             0x080024b9   Thumb Code    12  stm32f10x_flash.o(i.FLASH_Unlock)
    FLASH_WaitForLastOperation               0x080024d1   Thumb Code    38  stm32f10x_flash.o(i.FLASH_WaitForLastOperation)
    GPIO_DeInit                              0x080024f9   Thumb Code   172  stm32f10x_gpio.o(i.GPIO_DeInit)
    GPIO_Init                                0x080025c1   Thumb Code   278  stm32f10x_gpio.o(i.GPIO_Init)
    GPIO_ReadOutputDataBit                   0x080026d7   Thumb Code    18  stm32f10x_gpio.o(i.GPIO_ReadOutputDataBit)
    GPIO_ResetBits                           0x080026e9   Thumb Code     4  stm32f10x_gpio.o(i.GPIO_ResetBits)
    GPIO_SetBits                             0x080026ed   Thumb Code     4  stm32f10x_gpio.o(i.GPIO_SetBits)
    GPIO_WriteBit                            0x080026f1   Thumb Code    10  stm32f10x_gpio.o(i.GPIO_WriteBit)
    HardFault_Handler                        0x080026fb   Thumb Code     4  stm32f10x_it.o(i.HardFault_Handler)
    I2C_CheckEvent                           0x080026ff   Thumb Code    42  stm32f10x_i2c.o(i.I2C_CheckEvent)
    I2C_Cmd                                  0x08002729   Thumb Code    24  stm32f10x_i2c.o(i.I2C_Cmd)
    I2C_DeInit                               0x08002741   Thumb Code    50  stm32f10x_i2c.o(i.I2C_DeInit)
    I2C_GenerateSTART                        0x08002779   Thumb Code    24  stm32f10x_i2c.o(i.I2C_GenerateSTART)
    I2C_GenerateSTOP                         0x08002791   Thumb Code    24  stm32f10x_i2c.o(i.I2C_GenerateSTOP)
    I2C_Init                                 0x080027a9   Thumb Code   222  stm32f10x_i2c.o(i.I2C_Init)
    I2C_Send7bitAddress                      0x08002895   Thumb Code    18  stm32f10x_i2c.o(i.I2C_Send7bitAddress)
    I2C_SendData                             0x080028a7   Thumb Code     4  stm32f10x_i2c.o(i.I2C_SendData)
    MemManage_Handler                        0x080028d5   Thumb Code     4  stm32f10x_it.o(i.MemManage_Handler)
    NMI_Handler                              0x080028d9   Thumb Code     2  stm32f10x_it.o(i.NMI_Handler)
    NVIC_Init                                0x080028dd   Thumb Code   100  misc.o(i.NVIC_Init)
    NVIC_PriorityGroupConfig                 0x0800294d   Thumb Code    10  misc.o(i.NVIC_PriorityGroupConfig)
    PendSV_Handler                           0x08002985   Thumb Code     2  stm32f10x_it.o(i.PendSV_Handler)
    RCC_AHBPeriphClockCmd                    0x08002989   Thumb Code    26  stm32f10x_rcc.o(i.RCC_AHBPeriphClockCmd)
    RCC_APB1PeriphClockCmd                   0x080029a9   Thumb Code    26  stm32f10x_rcc.o(i.RCC_APB1PeriphClockCmd)
    RCC_APB1PeriphResetCmd                   0x080029c9   Thumb Code    26  stm32f10x_rcc.o(i.RCC_APB1PeriphResetCmd)
    RCC_APB2PeriphClockCmd                   0x080029e9   Thumb Code    26  stm32f10x_rcc.o(i.RCC_APB2PeriphClockCmd)
    RCC_APB2PeriphResetCmd                   0x08002a09   Thumb Code    26  stm32f10x_rcc.o(i.RCC_APB2PeriphResetCmd)
    RCC_GetClocksFreq                        0x08002a29   Thumb Code   192  stm32f10x_rcc.o(i.RCC_GetClocksFreq)
    SPI_Cmd                                  0x08002afd   Thumb Code    24  stm32f10x_spi.o(i.SPI_Cmd)
    SPI_I2S_GetFlagStatus                    0x08002b15   Thumb Code    18  stm32f10x_spi.o(i.SPI_I2S_GetFlagStatus)
    SPI_I2S_ReceiveData                      0x08002b27   Thumb Code     6  stm32f10x_spi.o(i.SPI_I2S_ReceiveData)
    SPI_I2S_SendData                         0x08002b2d   Thumb Code     4  stm32f10x_spi.o(i.SPI_I2S_SendData)
    SPI_Init                                 0x08002b31   Thumb Code    60  stm32f10x_spi.o(i.SPI_Init)
    SVC_Handler                              0x08002b6d   Thumb Code     2  stm32f10x_it.o(i.SVC_Handler)
    SysTick_CLKSourceConfig                  0x08002c59   Thumb Code    40  misc.o(i.SysTick_CLKSourceConfig)
    SysTick_Handler                          0x08002c81   Thumb Code     2  stm32f10x_it.o(i.SysTick_Handler)
    SystemInit                               0x08002c85   Thumb Code    78  system_stm32f10x.o(i.SystemInit)
    TIM4_IRQHandler                          0x08002ce5   Thumb Code    58  timer.o(i.TIM4_IRQHandler)
    TIM_ClearITPendingBit                    0x08002d31   Thumb Code     6  stm32f10x_tim.o(i.TIM_ClearITPendingBit)
    TIM_GetITStatus                          0x08002d37   Thumb Code    34  stm32f10x_tim.o(i.TIM_GetITStatus)
    USART1_IRQHandler                        0x08002d59   Thumb Code    14  usart.o(i.USART1_IRQHandler)
    USART3_IRQHandler                        0x08002d6d   Thumb Code    92  usart3.o(i.USART3_IRQHandler)
    USART_ClearFlag                          0x08002ddd   Thumb Code    18  stm32f10x_usart.o(i.USART_ClearFlag)
    USART_ClearITPendingBit                  0x08002def   Thumb Code    30  stm32f10x_usart.o(i.USART_ClearITPendingBit)
    USART_Cmd                                0x08002e0d   Thumb Code    24  stm32f10x_usart.o(i.USART_Cmd)
    USART_DMACmd                             0x08002e25   Thumb Code    18  stm32f10x_usart.o(i.USART_DMACmd)
    USART_DeInit                             0x08002e39   Thumb Code   134  stm32f10x_usart.o(i.USART_DeInit)
    USART_GetFlagStatus                      0x08002ed5   Thumb Code    26  stm32f10x_usart.o(i.USART_GetFlagStatus)
    USART_GetITStatus                        0x08002eef   Thumb Code    84  stm32f10x_usart.o(i.USART_GetITStatus)
    USART_ITConfig                           0x08002f43   Thumb Code    74  stm32f10x_usart.o(i.USART_ITConfig)
    USART_Init                               0x08002f8d   Thumb Code   210  stm32f10x_usart.o(i.USART_Init)
    USART_SendData                           0x08003065   Thumb Code     8  stm32f10x_usart.o(i.USART_SendData)
    UsageFault_Handler                       0x0800306d   Thumb Code     4  stm32f10x_it.o(i.UsageFault_Handler)
    __ARM_fpclassify                         0x08003071   Thumb Code    40  fpclassify.o(i.__ARM_fpclassify)
    _is_digit                                0x08003099   Thumb Code    14  __printf_wp.o(i._is_digit)
    _sys_exit                                0x080030a7   Thumb Code     4  usart.o(i._sys_exit)
    at24c256_init                            0x080030ad   Thumb Code   104  at24c256.o(i.at24c256_init)
    at24c256_write_ota_data                  0x08003121   Thumb Code    36  at24c256.o(i.at24c256_write_ota_data)
    at24c256_write_page                      0x08003149   Thumb Code   170  at24c256.o(i.at24c256_write_page)
    bootloader_branch                        0x08003201   Thumb Code    66  bootloader.o(i.bootloader_branch)
    bootloader_deinit_periph                 0x080032a1   Thumb Code    34  bootloader.o(i.bootloader_deinit_periph)
    bootloader_enter_detect                  0x080032d9   Thumb Code    58  bootloader.o(i.bootloader_enter_detect)
    bootloader_enter_info_printf             0x0800334d   Thumb Code    52  bootloader.o(i.bootloader_enter_info_printf)
    bootloader_event_detect                  0x08003461   Thumb Code   212  bootloader.o(i.bootloader_event_detect)
    bootloader_event_handle                  0x08003579   Thumb Code   122  bootloader.o(i.bootloader_event_handle)
    bootloader_get_ota_version               0x0800360d   Thumb Code    76  bootloader.o(i.bootloader_get_ota_version)
    bootloader_load_a_block                  0x080036d1   Thumb Code    58  bootloader.o(i.bootloader_load_a_block)
    bootloader_ota_a_block                   0x08003745   Thumb Code   228  bootloader.o(i.bootloader_ota_a_block)
    delay_init                               0x08003855   Thumb Code    50  delay.o(i.delay_init)
    delay_ms                                 0x08003899   Thumb Code    72  delay.o(i.delay_ms)
    flash_erase                              0x080038e5   Thumb Code    48  flash.o(i.flash_erase)
    flash_write                              0x08003915   Thumb Code    38  flash.o(i.flash_write)
    get_usart3_receive_flag                  0x0800393d   Thumb Code    22  usart3.o(i.get_usart3_receive_flag)
    get_usart3_rx_buffer                     0x08003959   Thumb Code    30  usart3.o(i.get_usart3_rx_buffer)
    get_usart3_rx_len                        0x0800397d   Thumb Code     6  usart3.o(i.get_usart3_rx_len)
    led1_toggle                              0x08003989   Thumb Code    38  led.o(i.led1_toggle)
    main                                     0x080039b5   Thumb Code    58  main.o(i.main)
    spi_init                                 0x08003a05   Thumb Code   174  spi.o(i.spi_init)
    spi_set_ss                               0x08003abd   Thumb Code    16  spi.o(i.spi_set_ss)
    spi_start                                0x08003ad1   Thumb Code    10  spi.o(i.spi_start)
    spi_stop                                 0x08003adb   Thumb Code    10  spi.o(i.spi_stop)
    spi_write_read_byte                      0x08003ae5   Thumb Code    50  spi.o(i.spi_write_read_byte)
    usart1_init                              0x08003b1d   Thumb Code   152  usart.o(i.usart1_init)
    usart3_init                              0x08003bf9   Thumb Code    20  usart3.o(i.usart3_init)
    usart3_printf                            0x08003c99   Thumb Code    56  usart3.o(i.usart3_printf)
    usart3_send_byte_blocking                0x08003d1d   Thumb Code    28  usart3.o(i.usart3_send_byte_blocking)
    w25q64_init                              0x08003d3d   Thumb Code     8  w25q64.o(i.w25q64_init)
    w25q64_read_data                         0x08003d45   Thumb Code    68  w25q64.o(i.w25q64_read_data)
    xmodem_crc16                             0x08003d89   Thumb Code    68  bootloader.o(i.xmodem_crc16)
    xmodem_protocol_handle                   0x08003dcd   Thumb Code   334  bootloader.o(i.xmodem_protocol_handle)
    _get_lc_numeric                          0x08003f55   Thumb Code    44  lc_numeric_c.o(locale$$code)
    _get_lc_ctype                            0x08003f81   Thumb Code    44  lc_ctype_c.o(locale$$code)
    _printf_fp_dec                           0x08003fad   Thumb Code     4  printf1.o(x$fpl$printf1)
    _printf_fp_hex                           0x08003fb1   Thumb Code     4  printf2.o(x$fpl$printf2)
    __I$use$fp                               0x08003fb4   Number         0  usenofp.o(x$fpl$usenofp)
    Region$$Table$$Base                      0x08004128   Number         0  anon$$obj.o(Region$$Table)
    Region$$Table$$Limit                     0x08004148   Number         0  anon$$obj.o(Region$$Table)
    __ctype                                  0x08004171   Data           0  lc_ctype_c.o(locale$$data)
    SystemCoreClock                          0x20000000   Data           4  system_stm32f10x.o(.data)
    AHBPrescTable                            0x20000004   Data          16  system_stm32f10x.o(.data)
    time1_cntr                               0x2000002c   Data           4  timer.o(.data)
    time2_cntr                               0x20000030   Data           4  timer.o(.data)
    Study_time                               0x20000034   Data           2  timer.o(.data)
    usart3_receive_flag                      0x20000036   Data           1  usart3.o(.data)
    usart3_rx_bufferr_len                    0x20000038   Data           2  usart3.o(.data)
    SET_PC                                   0x2000003c   Data           4  bootloader.o(.data)
    usart3_rx_buffer                         0x20000044   Data        1024  usart3.o(.bss)
    usart3_tx_buffer                         0x20000444   Data         256  usart3.o(.bss)
    xmodem_protocol_struct                   0x20000544   Data          16  bootloader.o(.bss)
    ota_info_struct                          0x20000554   Data          64  main.o(.bss)
    update_a_struct                          0x20000594   Data        1028  main.o(.bss)
    __libspace_start                         0x20000998   Data          96  libspace.o(.bss)
    __temporary_stack_top$libspace           0x200009f8   Data           0  libspace.o(.bss)



==============================================================================

Memory Map of the image

  Image Entry point : 0x080000ed

  Load Region LR_IROM1 (Base: 0x08000000, Size: 0x000042b8, Max: 0x00010000, ABSOLUTE)

    Execution Region ER_IROM1 (Exec base: 0x08000000, Load base: 0x08000000, Size: 0x00004274, Max: 0x00010000, ABSOLUTE)

    Exec Addr    Load Addr    Size         Type   Attr      Idx    E Section Name        Object

    0x08000000   0x08000000   0x000000ec   Data   RO            3    RESET               startup_stm32f10x_md.o
    0x080000ec   0x080000ec   0x00000008   Code   RO         4169  * !!!main             c_w.l(__main.o)
    0x080000f4   0x080000f4   0x00000034   Code   RO         4498    !!!scatter          c_w.l(__scatter.o)
    0x08000128   0x08000128   0x0000001a   Code   RO         4500    !!handler_copy      c_w.l(__scatter_copy.o)
    0x08000142   0x08000142   0x00000002   PAD
    0x08000144   0x08000144   0x0000001c   Code   RO         4502    !!handler_zi        c_w.l(__scatter_zi.o)
    0x08000160   0x08000160   0x00000000   Code   RO         4255    .ARM.Collect$$_printf_percent$$00000000  c_w.l(_printf_percent.o)
    0x08000160   0x08000160   0x00000006   Code   RO         4244    .ARM.Collect$$_printf_percent$$00000001  c_w.l(_printf_n.o)
    0x08000166   0x08000166   0x00000006   Code   RO         4246    .ARM.Collect$$_printf_percent$$00000002  c_w.l(_printf_p.o)
    0x0800016c   0x0800016c   0x00000006   Code   RO         4251    .ARM.Collect$$_printf_percent$$00000003  c_w.l(_printf_f.o)
    0x08000172   0x08000172   0x00000006   Code   RO         4252    .ARM.Collect$$_printf_percent$$00000004  c_w.l(_printf_e.o)
    0x08000178   0x08000178   0x00000006   Code   RO         4253    .ARM.Collect$$_printf_percent$$00000005  c_w.l(_printf_g.o)
    0x0800017e   0x0800017e   0x00000006   Code   RO         4254    .ARM.Collect$$_printf_percent$$00000006  c_w.l(_printf_a.o)
    0x08000184   0x08000184   0x0000000a   Code   RO         4259    .ARM.Collect$$_printf_percent$$00000007  c_w.l(_printf_ll.o)
    0x0800018e   0x0800018e   0x00000006   Code   RO         4248    .ARM.Collect$$_printf_percent$$00000008  c_w.l(_printf_i.o)
    0x08000194   0x08000194   0x00000006   Code   RO         4249    .ARM.Collect$$_printf_percent$$00000009  c_w.l(_printf_d.o)
    0x0800019a   0x0800019a   0x00000006   Code   RO         4250    .ARM.Collect$$_printf_percent$$0000000A  c_w.l(_printf_u.o)
    0x080001a0   0x080001a0   0x00000006   Code   RO         4247    .ARM.Collect$$_printf_percent$$0000000B  c_w.l(_printf_o.o)
    0x080001a6   0x080001a6   0x00000006   Code   RO         4245    .ARM.Collect$$_printf_percent$$0000000C  c_w.l(_printf_x.o)
    0x080001ac   0x080001ac   0x00000006   Code   RO         4256    .ARM.Collect$$_printf_percent$$0000000D  c_w.l(_printf_lli.o)
    0x080001b2   0x080001b2   0x00000006   Code   RO         4257    .ARM.Collect$$_printf_percent$$0000000E  c_w.l(_printf_lld.o)
    0x080001b8   0x080001b8   0x00000006   Code   RO         4258    .ARM.Collect$$_printf_percent$$0000000F  c_w.l(_printf_llu.o)
    0x080001be   0x080001be   0x00000006   Code   RO         4263    .ARM.Collect$$_printf_percent$$00000010  c_w.l(_printf_llo.o)
    0x080001c4   0x080001c4   0x00000006   Code   RO         4264    .ARM.Collect$$_printf_percent$$00000011  c_w.l(_printf_llx.o)
    0x080001ca   0x080001ca   0x0000000a   Code   RO         4260    .ARM.Collect$$_printf_percent$$00000012  c_w.l(_printf_l.o)
    0x080001d4   0x080001d4   0x00000006   Code   RO         4242    .ARM.Collect$$_printf_percent$$00000013  c_w.l(_printf_c.o)
    0x080001da   0x080001da   0x00000006   Code   RO         4243    .ARM.Collect$$_printf_percent$$00000014  c_w.l(_printf_s.o)
    0x080001e0   0x080001e0   0x00000006   Code   RO         4261    .ARM.Collect$$_printf_percent$$00000015  c_w.l(_printf_lc.o)
    0x080001e6   0x080001e6   0x00000006   Code   RO         4262    .ARM.Collect$$_printf_percent$$00000016  c_w.l(_printf_ls.o)
    0x080001ec   0x080001ec   0x00000004   Code   RO         4311    .ARM.Collect$$_printf_percent$$00000017  c_w.l(_printf_percent_end.o)
    0x080001f0   0x080001f0   0x00000002   Code   RO         4362    .ARM.Collect$$libinit$$00000000  c_w.l(libinit.o)
    0x080001f2   0x080001f2   0x00000000   Code   RO         4379    .ARM.Collect$$libinit$$00000002  c_w.l(libinit2.o)
    0x080001f2   0x080001f2   0x00000000   Code   RO         4381    .ARM.Collect$$libinit$$00000004  c_w.l(libinit2.o)
    0x080001f2   0x080001f2   0x00000000   Code   RO         4384    .ARM.Collect$$libinit$$0000000A  c_w.l(libinit2.o)
    0x080001f2   0x080001f2   0x00000000   Code   RO         4386    .ARM.Collect$$libinit$$0000000C  c_w.l(libinit2.o)
    0x080001f2   0x080001f2   0x00000000   Code   RO         4388    .ARM.Collect$$libinit$$0000000E  c_w.l(libinit2.o)
    0x080001f2   0x080001f2   0x00000006   Code   RO         4389    .ARM.Collect$$libinit$$0000000F  c_w.l(libinit2.o)
    0x080001f8   0x080001f8   0x00000000   Code   RO         4391    .ARM.Collect$$libinit$$00000011  c_w.l(libinit2.o)
    0x080001f8   0x080001f8   0x0000000c   Code   RO         4392    .ARM.Collect$$libinit$$00000012  c_w.l(libinit2.o)
    0x08000204   0x08000204   0x00000000   Code   RO         4393    .ARM.Collect$$libinit$$00000013  c_w.l(libinit2.o)
    0x08000204   0x08000204   0x00000000   Code   RO         4395    .ARM.Collect$$libinit$$00000015  c_w.l(libinit2.o)
    0x08000204   0x08000204   0x0000000a   Code   RO         4396    .ARM.Collect$$libinit$$00000016  c_w.l(libinit2.o)
    0x0800020e   0x0800020e   0x00000000   Code   RO         4397    .ARM.Collect$$libinit$$00000017  c_w.l(libinit2.o)
    0x0800020e   0x0800020e   0x00000000   Code   RO         4399    .ARM.Collect$$libinit$$00000019  c_w.l(libinit2.o)
    0x0800020e   0x0800020e   0x00000000   Code   RO         4401    .ARM.Collect$$libinit$$0000001B  c_w.l(libinit2.o)
    0x0800020e   0x0800020e   0x00000000   Code   RO         4403    .ARM.Collect$$libinit$$0000001D  c_w.l(libinit2.o)
    0x0800020e   0x0800020e   0x00000000   Code   RO         4405    .ARM.Collect$$libinit$$0000001F  c_w.l(libinit2.o)
    0x0800020e   0x0800020e   0x00000000   Code   RO         4407    .ARM.Collect$$libinit$$00000021  c_w.l(libinit2.o)
    0x0800020e   0x0800020e   0x00000000   Code   RO         4409    .ARM.Collect$$libinit$$00000023  c_w.l(libinit2.o)
    0x0800020e   0x0800020e   0x00000000   Code   RO         4411    .ARM.Collect$$libinit$$00000025  c_w.l(libinit2.o)
    0x0800020e   0x0800020e   0x00000000   Code   RO         4415    .ARM.Collect$$libinit$$0000002C  c_w.l(libinit2.o)
    0x0800020e   0x0800020e   0x00000000   Code   RO         4417    .ARM.Collect$$libinit$$0000002E  c_w.l(libinit2.o)
    0x0800020e   0x0800020e   0x00000000   Code   RO         4419    .ARM.Collect$$libinit$$00000030  c_w.l(libinit2.o)
    0x0800020e   0x0800020e   0x00000000   Code   RO         4421    .ARM.Collect$$libinit$$00000032  c_w.l(libinit2.o)
    0x0800020e   0x0800020e   0x00000002   Code   RO         4422    .ARM.Collect$$libinit$$00000033  c_w.l(libinit2.o)
    0x08000210   0x08000210   0x00000002   Code   RO         4440    .ARM.Collect$$libshutdown$$00000000  c_w.l(libshutdown.o)
    0x08000212   0x08000212   0x00000000   Code   RO         4450    .ARM.Collect$$libshutdown$$00000002  c_w.l(libshutdown2.o)
    0x08000212   0x08000212   0x00000000   Code   RO         4452    .ARM.Collect$$libshutdown$$00000004  c_w.l(libshutdown2.o)
    0x08000212   0x08000212   0x00000000   Code   RO         4455    .ARM.Collect$$libshutdown$$00000007  c_w.l(libshutdown2.o)
    0x08000212   0x08000212   0x00000000   Code   RO         4458    .ARM.Collect$$libshutdown$$0000000A  c_w.l(libshutdown2.o)
    0x08000212   0x08000212   0x00000000   Code   RO         4460    .ARM.Collect$$libshutdown$$0000000C  c_w.l(libshutdown2.o)
    0x08000212   0x08000212   0x00000000   Code   RO         4463    .ARM.Collect$$libshutdown$$0000000F  c_w.l(libshutdown2.o)
    0x08000212   0x08000212   0x00000002   Code   RO         4464    .ARM.Collect$$libshutdown$$00000010  c_w.l(libshutdown2.o)
    0x08000214   0x08000214   0x00000000   Code   RO         4173    .ARM.Collect$$rtentry$$00000000  c_w.l(__rtentry.o)
    0x08000214   0x08000214   0x00000000   Code   RO         4280    .ARM.Collect$$rtentry$$00000002  c_w.l(__rtentry2.o)
    0x08000214   0x08000214   0x00000006   Code   RO         4292    .ARM.Collect$$rtentry$$00000004  c_w.l(__rtentry4.o)
    0x0800021a   0x0800021a   0x00000000   Code   RO         4282    .ARM.Collect$$rtentry$$00000009  c_w.l(__rtentry2.o)
    0x0800021a   0x0800021a   0x00000004   Code   RO         4283    .ARM.Collect$$rtentry$$0000000A  c_w.l(__rtentry2.o)
    0x0800021e   0x0800021e   0x00000000   Code   RO         4285    .ARM.Collect$$rtentry$$0000000C  c_w.l(__rtentry2.o)
    0x0800021e   0x0800021e   0x00000008   Code   RO         4286    .ARM.Collect$$rtentry$$0000000D  c_w.l(__rtentry2.o)
    0x08000226   0x08000226   0x00000002   Code   RO         4371    .ARM.Collect$$rtexit$$00000000  c_w.l(rtexit.o)
    0x08000228   0x08000228   0x00000000   Code   RO         4424    .ARM.Collect$$rtexit$$00000002  c_w.l(rtexit2.o)
    0x08000228   0x08000228   0x00000004   Code   RO         4425    .ARM.Collect$$rtexit$$00000003  c_w.l(rtexit2.o)
    0x0800022c   0x0800022c   0x00000006   Code   RO         4426    .ARM.Collect$$rtexit$$00000004  c_w.l(rtexit2.o)
    0x08000232   0x08000232   0x00000002   PAD
    0x08000234   0x08000234   0x00000006   Code   RO         3923    .emb_text           bootloader.o
    0x0800023a   0x0800023a   0x00000002   PAD
    0x0800023c   0x0800023c   0x00000040   Code   RO            4    .text               startup_stm32f10x_md.o
    0x0800027c   0x0800027c   0x00000002   Code   RO         4151    .text               c_w.l(use_no_semi_2.o)
    0x0800027e   0x0800027e   0x00000002   PAD
    0x08000280   0x08000280   0x00000024   Code   RO         4153    .text               c_w.l(vsprintf.o)
    0x080002a4   0x080002a4   0x0000003c   Code   RO         4155    .text               c_w.l(__0sscanf.o)
    0x080002e0   0x080002e0   0x0000014c   Code   RO         4157    .text               c_w.l(_scanf_int.o)
    0x0800042c   0x0800042c   0x0000003e   Code   RO         4159    .text               c_w.l(strlen.o)
    0x0800046a   0x0800046a   0x0000008a   Code   RO         4161    .text               c_w.l(rt_memcpy_v6.o)
    0x080004f4   0x080004f4   0x00000064   Code   RO         4163    .text               c_w.l(rt_memcpy_w.o)
    0x08000558   0x08000558   0x0000004e   Code   RO         4165    .text               c_w.l(rt_memclr_w.o)
    0x080005a6   0x080005a6   0x00000006   Code   RO         4167    .text               c_w.l(heapauxi.o)
    0x080005ac   0x080005ac   0x00000002   Code   RO         4171    .text               c_w.l(use_no_semi.o)
    0x080005ae   0x080005ae   0x0000004e   Code   RO         4176    .text               c_w.l(_printf_pad.o)
    0x080005fc   0x080005fc   0x00000024   Code   RO         4178    .text               c_w.l(_printf_truncate.o)
    0x08000620   0x08000620   0x00000052   Code   RO         4180    .text               c_w.l(_printf_str.o)
    0x08000672   0x08000672   0x00000002   PAD
    0x08000674   0x08000674   0x00000078   Code   RO         4182    .text               c_w.l(_printf_dec.o)
    0x080006ec   0x080006ec   0x00000028   Code   RO         4184    .text               c_w.l(_printf_charcount.o)
    0x08000714   0x08000714   0x00000030   Code   RO         4186    .text               c_w.l(_printf_char_common.o)
    0x08000744   0x08000744   0x0000000a   Code   RO         4188    .text               c_w.l(_sputc.o)
    0x0800074e   0x0800074e   0x00000002   PAD
    0x08000750   0x08000750   0x000000bc   Code   RO         4190    .text               c_w.l(_printf_wctomb.o)
    0x0800080c   0x0800080c   0x0000007c   Code   RO         4193    .text               c_w.l(_printf_longlong_dec.o)
    0x08000888   0x08000888   0x00000070   Code   RO         4199    .text               c_w.l(_printf_oct_int_ll.o)
    0x080008f8   0x080008f8   0x00000094   Code   RO         4219    .text               c_w.l(_printf_hex_int_ll_ptr.o)
    0x0800098c   0x0800098c   0x00000188   Code   RO         4239    .text               c_w.l(__printf_flags_ss_wp.o)
    0x08000b14   0x08000b14   0x0000001c   Code   RO         4265    .text               c_w.l(_chval.o)
    0x08000b30   0x08000b30   0x0000002c   Code   RO         4267    .text               c_w.l(scanf_char.o)
    0x08000b5c   0x08000b5c   0x00000040   Code   RO         4269    .text               c_w.l(_sgetc.o)
    0x08000b9c   0x08000b9c   0x0000008a   Code   RO         4294    .text               c_w.l(lludiv10.o)
    0x08000c26   0x08000c26   0x00000012   Code   RO         4296    .text               c_w.l(isspace.o)
    0x08000c38   0x08000c38   0x000000b2   Code   RO         4298    .text               c_w.l(_printf_intcommon.o)
    0x08000cea   0x08000cea   0x0000041e   Code   RO         4300    .text               c_w.l(_printf_fp_dec.o)
    0x08001108   0x08001108   0x000002fc   Code   RO         4302    .text               c_w.l(_printf_fp_hex.o)
    0x08001404   0x08001404   0x0000002c   Code   RO         4307    .text               c_w.l(_printf_char.o)
    0x08001430   0x08001430   0x0000002c   Code   RO         4309    .text               c_w.l(_printf_wchar.o)
    0x0800145c   0x0800145c   0x00000374   Code   RO         4312    .text               c_w.l(_scanf.o)
    0x080017d0   0x080017d0   0x00000040   Code   RO         4314    .text               c_w.l(_wcrtomb.o)
    0x08001810   0x08001810   0x0000004a   Code   RO         4316    .text               c_w.l(sys_stackheap_outer.o)
    0x0800185a   0x0800185a   0x00000002   PAD
    0x0800185c   0x0800185c   0x00000010   Code   RO         4318    .text               c_w.l(rt_ctype_table.o)
    0x0800186c   0x0800186c   0x00000008   Code   RO         4323    .text               c_w.l(rt_locale_intlibspace.o)
    0x08001874   0x08001874   0x00000080   Code   RO         4325    .text               c_w.l(_printf_fp_infnan.o)
    0x080018f4   0x080018f4   0x000000e4   Code   RO         4327    .text               c_w.l(bigflt0.o)
    0x080019d8   0x080019d8   0x00000012   Code   RO         4355    .text               c_w.l(exit.o)
    0x080019ea   0x080019ea   0x00000002   PAD
    0x080019ec   0x080019ec   0x00000008   Code   RO         4368    .text               c_w.l(libspace.o)
    0x080019f4   0x080019f4   0x00000080   Code   RO         4376    .text               c_w.l(strcmpv7m.o)
    0x08001a74   0x08001a74   0x0000003e   Code   RO         4330    CL$$btod_d2e        c_w.l(btod.o)
    0x08001ab2   0x08001ab2   0x00000046   Code   RO         4332    CL$$btod_d2e_denorm_low  c_w.l(btod.o)
    0x08001af8   0x08001af8   0x00000060   Code   RO         4331    CL$$btod_d2e_norm_op1  c_w.l(btod.o)
    0x08001b58   0x08001b58   0x00000338   Code   RO         4340    CL$$btod_div_common  c_w.l(btod.o)
    0x08001e90   0x08001e90   0x000000dc   Code   RO         4337    CL$$btod_e2e        c_w.l(btod.o)
    0x08001f6c   0x08001f6c   0x0000002a   Code   RO         4334    CL$$btod_ediv       c_w.l(btod.o)
    0x08001f96   0x08001f96   0x0000002a   Code   RO         4333    CL$$btod_emul       c_w.l(btod.o)
    0x08001fc0   0x08001fc0   0x00000244   Code   RO         4339    CL$$btod_mult_common  c_w.l(btod.o)
    0x08002204   0x08002204   0x00000004   Code   RO         4086    i.BusFault_Handler  stm32f10x_it.o
    0x08002208   0x08002208   0x00000018   Code   RO          911    i.DMA_Cmd           stm32f10x_dma.o
    0x08002220   0x08002220   0x0000014c   Code   RO          912    i.DMA_DeInit        stm32f10x_dma.o
    0x0800236c   0x0800236c   0x00000008   Code   RO          913    i.DMA_GetCurrDataCounter  stm32f10x_dma.o
    0x08002374   0x08002374   0x0000003c   Code   RO          917    i.DMA_Init          stm32f10x_dma.o
    0x080023b0   0x080023b0   0x00000004   Code   RO          918    i.DMA_SetCurrDataCounter  stm32f10x_dma.o
    0x080023b4   0x080023b4   0x00000002   Code   RO         4087    i.DebugMon_Handler  stm32f10x_it.o
    0x080023b6   0x080023b6   0x00000002   PAD
    0x080023b8   0x080023b8   0x0000004c   Code   RO         1046    i.FLASH_ErasePage   stm32f10x_flash.o
    0x08002404   0x08002404   0x00000034   Code   RO         1047    i.FLASH_GetBank1Status  stm32f10x_flash.o
    0x08002438   0x08002438   0x00000014   Code   RO         1056    i.FLASH_Lock        stm32f10x_flash.o
    0x0800244c   0x0800244c   0x0000006c   Code   RO         1061    i.FLASH_ProgramWord  stm32f10x_flash.o
    0x080024b8   0x080024b8   0x00000018   Code   RO         1064    i.FLASH_Unlock      stm32f10x_flash.o
    0x080024d0   0x080024d0   0x00000026   Code   RO         1068    i.FLASH_WaitForLastOperation  stm32f10x_flash.o
    0x080024f6   0x080024f6   0x00000002   PAD
    0x080024f8   0x080024f8   0x000000c8   Code   RO         1342    i.GPIO_DeInit       stm32f10x_gpio.o
    0x080025c0   0x080025c0   0x00000116   Code   RO         1347    i.GPIO_Init         stm32f10x_gpio.o
    0x080026d6   0x080026d6   0x00000012   Code   RO         1353    i.GPIO_ReadOutputDataBit  stm32f10x_gpio.o
    0x080026e8   0x080026e8   0x00000004   Code   RO         1354    i.GPIO_ResetBits    stm32f10x_gpio.o
    0x080026ec   0x080026ec   0x00000004   Code   RO         1355    i.GPIO_SetBits      stm32f10x_gpio.o
    0x080026f0   0x080026f0   0x0000000a   Code   RO         1358    i.GPIO_WriteBit     stm32f10x_gpio.o
    0x080026fa   0x080026fa   0x00000004   Code   RO         4088    i.HardFault_Handler  stm32f10x_it.o
    0x080026fe   0x080026fe   0x0000002a   Code   RO         1461    i.I2C_CheckEvent    stm32f10x_i2c.o
    0x08002728   0x08002728   0x00000018   Code   RO         1464    i.I2C_Cmd           stm32f10x_i2c.o
    0x08002740   0x08002740   0x00000038   Code   RO         1467    i.I2C_DeInit        stm32f10x_i2c.o
    0x08002778   0x08002778   0x00000018   Code   RO         1471    i.I2C_GenerateSTART  stm32f10x_i2c.o
    0x08002790   0x08002790   0x00000018   Code   RO         1472    i.I2C_GenerateSTOP  stm32f10x_i2c.o
    0x080027a8   0x080027a8   0x000000ec   Code   RO         1478    i.I2C_Init          stm32f10x_i2c.o
    0x08002894   0x08002894   0x00000012   Code   RO         1485    i.I2C_Send7bitAddress  stm32f10x_i2c.o
    0x080028a6   0x080028a6   0x00000004   Code   RO         1486    i.I2C_SendData      stm32f10x_i2c.o
    0x080028aa   0x080028aa   0x00000002   PAD
    0x080028ac   0x080028ac   0x00000028   Code   RO         3791    i.I2C_WaitEvent     at24c256.o
    0x080028d4   0x080028d4   0x00000004   Code   RO         4089    i.MemManage_Handler  stm32f10x_it.o
    0x080028d8   0x080028d8   0x00000002   Code   RO         4090    i.NMI_Handler       stm32f10x_it.o
    0x080028da   0x080028da   0x00000002   PAD
    0x080028dc   0x080028dc   0x00000070   Code   RO          137    i.NVIC_Init         misc.o
    0x0800294c   0x0800294c   0x00000014   Code   RO          138    i.NVIC_PriorityGroupConfig  misc.o
    0x08002960   0x08002960   0x00000024   Code   RO         3924    i.NVIC_SystemReset  bootloader.o
    0x08002984   0x08002984   0x00000002   Code   RO         4091    i.PendSV_Handler    stm32f10x_it.o
    0x08002986   0x08002986   0x00000002   PAD
    0x08002988   0x08002988   0x00000020   Code   RO         1774    i.RCC_AHBPeriphClockCmd  stm32f10x_rcc.o
    0x080029a8   0x080029a8   0x00000020   Code   RO         1775    i.RCC_APB1PeriphClockCmd  stm32f10x_rcc.o
    0x080029c8   0x080029c8   0x00000020   Code   RO         1776    i.RCC_APB1PeriphResetCmd  stm32f10x_rcc.o
    0x080029e8   0x080029e8   0x00000020   Code   RO         1777    i.RCC_APB2PeriphClockCmd  stm32f10x_rcc.o
    0x08002a08   0x08002a08   0x00000020   Code   RO         1778    i.RCC_APB2PeriphResetCmd  stm32f10x_rcc.o
    0x08002a28   0x08002a28   0x000000d4   Code   RO         1785    i.RCC_GetClocksFreq  stm32f10x_rcc.o
    0x08002afc   0x08002afc   0x00000018   Code   RO         2263    i.SPI_Cmd           stm32f10x_spi.o
    0x08002b14   0x08002b14   0x00000012   Code   RO         2271    i.SPI_I2S_GetFlagStatus  stm32f10x_spi.o
    0x08002b26   0x08002b26   0x00000006   Code   RO         2274    i.SPI_I2S_ReceiveData  stm32f10x_spi.o
    0x08002b2c   0x08002b2c   0x00000004   Code   RO         2275    i.SPI_I2S_SendData  stm32f10x_spi.o
    0x08002b30   0x08002b30   0x0000003c   Code   RO         2276    i.SPI_Init          stm32f10x_spi.o
    0x08002b6c   0x08002b6c   0x00000002   Code   RO         4092    i.SVC_Handler       stm32f10x_it.o
    0x08002b6e   0x08002b6e   0x00000008   Code   RO           24    i.SetSysClock       system_stm32f10x.o
    0x08002b76   0x08002b76   0x00000002   PAD
    0x08002b78   0x08002b78   0x000000e0   Code   RO           25    i.SetSysClockTo72   system_stm32f10x.o
    0x08002c58   0x08002c58   0x00000028   Code   RO          141    i.SysTick_CLKSourceConfig  misc.o
    0x08002c80   0x08002c80   0x00000002   Code   RO         4093    i.SysTick_Handler   stm32f10x_it.o
    0x08002c82   0x08002c82   0x00000002   PAD
    0x08002c84   0x08002c84   0x00000060   Code   RO           27    i.SystemInit        system_stm32f10x.o
    0x08002ce4   0x08002ce4   0x0000004c   Code   RO         3269    i.TIM4_IRQHandler   timer.o
    0x08002d30   0x08002d30   0x00000006   Code   RO         2416    i.TIM_ClearITPendingBit  stm32f10x_tim.o
    0x08002d36   0x08002d36   0x00000022   Code   RO         2442    i.TIM_GetITStatus   stm32f10x_tim.o
    0x08002d58   0x08002d58   0x00000014   Code   RO         3304    i.USART1_IRQHandler  usart.o
    0x08002d6c   0x08002d6c   0x00000070   Code   RO         3371    i.USART3_IRQHandler  usart3.o
    0x08002ddc   0x08002ddc   0x00000012   Code   RO         2956    i.USART_ClearFlag   stm32f10x_usart.o
    0x08002dee   0x08002dee   0x0000001e   Code   RO         2957    i.USART_ClearITPendingBit  stm32f10x_usart.o
    0x08002e0c   0x08002e0c   0x00000018   Code   RO         2960    i.USART_Cmd         stm32f10x_usart.o
    0x08002e24   0x08002e24   0x00000012   Code   RO         2961    i.USART_DMACmd      stm32f10x_usart.o
    0x08002e36   0x08002e36   0x00000002   PAD
    0x08002e38   0x08002e38   0x0000009c   Code   RO         2962    i.USART_DeInit      stm32f10x_usart.o
    0x08002ed4   0x08002ed4   0x0000001a   Code   RO         2963    i.USART_GetFlagStatus  stm32f10x_usart.o
    0x08002eee   0x08002eee   0x00000054   Code   RO         2964    i.USART_GetITStatus  stm32f10x_usart.o
    0x08002f42   0x08002f42   0x0000004a   Code   RO         2966    i.USART_ITConfig    stm32f10x_usart.o
    0x08002f8c   0x08002f8c   0x000000d8   Code   RO         2967    i.USART_Init        stm32f10x_usart.o
    0x08003064   0x08003064   0x00000008   Code   RO         2977    i.USART_SendData    stm32f10x_usart.o
    0x0800306c   0x0800306c   0x00000004   Code   RO         4094    i.UsageFault_Handler  stm32f10x_it.o
    0x08003070   0x08003070   0x00000028   Code   RO         4366    i.__ARM_fpclassify  m_ws.l(fpclassify.o)
    0x08003098   0x08003098   0x0000000e   Code   RO         4232    i._is_digit         c_w.l(__printf_wp.o)
    0x080030a6   0x080030a6   0x00000004   Code   RO         3305    i._sys_exit         usart.o
    0x080030aa   0x080030aa   0x00000002   PAD
    0x080030ac   0x080030ac   0x00000074   Code   RO         3792    i.at24c256_init     at24c256.o
    0x08003120   0x08003120   0x00000028   Code   RO         3797    i.at24c256_write_ota_data  at24c256.o
    0x08003148   0x08003148   0x000000b8   Code   RO         3798    i.at24c256_write_page  at24c256.o
    0x08003200   0x08003200   0x000000a0   Code   RO         3925    i.bootloader_branch  bootloader.o
    0x080032a0   0x080032a0   0x00000038   Code   RO         3926    i.bootloader_deinit_periph  bootloader.o
    0x080032d8   0x080032d8   0x00000074   Code   RO         3927    i.bootloader_enter_detect  bootloader.o
    0x0800334c   0x0800334c   0x00000114   Code   RO         3928    i.bootloader_enter_info_printf  bootloader.o
    0x08003460   0x08003460   0x00000118   Code   RO         3929    i.bootloader_event_detect  bootloader.o
    0x08003578   0x08003578   0x00000094   Code   RO         3930    i.bootloader_event_handle  bootloader.o
    0x0800360c   0x0800360c   0x000000c4   Code   RO         3931    i.bootloader_get_ota_version  bootloader.o
    0x080036d0   0x080036d0   0x00000074   Code   RO         3932    i.bootloader_load_a_block  bootloader.o
    0x08003744   0x08003744   0x00000110   Code   RO         3933    i.bootloader_ota_a_block  bootloader.o
    0x08003854   0x08003854   0x00000044   Code   RO         3196    i.delay_init        delay.o
    0x08003898   0x08003898   0x0000004c   Code   RO         3197    i.delay_ms          delay.o
    0x080038e4   0x080038e4   0x00000030   Code   RO         3902    i.flash_erase       flash.o
    0x08003914   0x08003914   0x00000026   Code   RO         3903    i.flash_write       flash.o
    0x0800393a   0x0800393a   0x00000002   PAD
    0x0800393c   0x0800393c   0x0000001c   Code   RO         3374    i.get_usart3_receive_flag  usart3.o
    0x08003958   0x08003958   0x00000024   Code   RO         3375    i.get_usart3_rx_buffer  usart3.o
    0x0800397c   0x0800397c   0x0000000c   Code   RO         3376    i.get_usart3_rx_len  usart3.o
    0x08003988   0x08003988   0x0000002c   Code   RO         3469    i.led1_toggle       led.o
    0x080039b4   0x080039b4   0x00000050   Code   RO         4025    i.main              main.o
    0x08003a04   0x08003a04   0x000000b8   Code   RO         3695    i.spi_init          spi.o
    0x08003abc   0x08003abc   0x00000014   Code   RO         3696    i.spi_set_ss        spi.o
    0x08003ad0   0x08003ad0   0x0000000a   Code   RO         3697    i.spi_start         spi.o
    0x08003ada   0x08003ada   0x0000000a   Code   RO         3698    i.spi_stop          spi.o
    0x08003ae4   0x08003ae4   0x00000038   Code   RO         3699    i.spi_write_read_byte  spi.o
    0x08003b1c   0x08003b1c   0x000000a0   Code   RO         3308    i.usart1_init       usart.o
    0x08003bbc   0x08003bbc   0x0000003c   Code   RO         3377    i.usart3_idle_interrupt_init  usart3.o
    0x08003bf8   0x08003bf8   0x00000014   Code   RO         3378    i.usart3_init       usart3.o
    0x08003c0c   0x08003c0c   0x0000008c   Code   RO         3379    i.usart3_periph_init  usart3.o
    0x08003c98   0x08003c98   0x0000003c   Code   RO         3380    i.usart3_printf     usart3.o
    0x08003cd4   0x08003cd4   0x00000048   Code   RO         3381    i.usart3_rx_dma_init  usart3.o
    0x08003d1c   0x08003d1c   0x00000020   Code   RO         3382    i.usart3_send_byte_blocking  usart3.o
    0x08003d3c   0x08003d3c   0x00000008   Code   RO         3851    i.w25q64_init       w25q64.o
    0x08003d44   0x08003d44   0x00000044   Code   RO         3852    i.w25q64_read_data  w25q64.o
    0x08003d88   0x08003d88   0x00000044   Code   RO         3934    i.xmodem_crc16      bootloader.o
    0x08003dcc   0x08003dcc   0x00000188   Code   RO         3935    i.xmodem_protocol_handle  bootloader.o
    0x08003f54   0x08003f54   0x0000002c   Code   RO         4353    locale$$code        c_w.l(lc_numeric_c.o)
    0x08003f80   0x08003f80   0x0000002c   Code   RO         4374    locale$$code        c_w.l(lc_ctype_c.o)
    0x08003fac   0x08003fac   0x00000004   Code   RO         4271    x$fpl$printf1       fz_ws.l(printf1.o)
    0x08003fb0   0x08003fb0   0x00000004   Code   RO         4273    x$fpl$printf2       fz_ws.l(printf2.o)
    0x08003fb4   0x08003fb4   0x00000000   Code   RO         4365    x$fpl$usenofp       fz_ws.l(usenofp.o)
    0x08003fb4   0x08003fb4   0x0000002c   Data   RO         3384    .constdata          usart3.o
    0x08003fe0   0x08003fe0   0x00000008   Data   RO         4191    .constdata          c_w.l(_printf_wctomb.o)
    0x08003fe8   0x08003fe8   0x00000028   Data   RO         4220    .constdata          c_w.l(_printf_hex_int_ll_ptr.o)
    0x08004010   0x08004010   0x00000011   Data   RO         4240    .constdata          c_w.l(__printf_flags_ss_wp.o)
    0x08004021   0x08004021   0x00000026   Data   RO         4303    .constdata          c_w.l(_printf_fp_hex.o)
    0x08004047   0x08004047   0x00000001   PAD
    0x08004048   0x08004048   0x00000094   Data   RO         4328    .constdata          c_w.l(bigflt0.o)
    0x080040dc   0x080040dc   0x0000004a   Data   RO         3937    .conststring        bootloader.o
    0x08004126   0x08004126   0x00000002   PAD
    0x08004128   0x08004128   0x00000020   Data   RO         4496    Region$$Table       anon$$obj.o
    0x08004148   0x08004148   0x0000001c   Data   RO         4352    locale$$data        c_w.l(lc_numeric_c.o)
    0x08004164   0x08004164   0x00000110   Data   RO         4373    locale$$data        c_w.l(lc_ctype_c.o)


    Execution Region RW_IRAM1 (Exec base: 0x20000000, Load base: 0x08004274, Size: 0x000011f8, Max: 0x00005000, ABSOLUTE)

    Exec Addr    Load Addr    Size         Type   Attr      Idx    E Section Name        Object

    0x20000000   0x08004274   0x00000014   Data   RW           28    .data               system_stm32f10x.o
    0x20000014   0x08004288   0x00000014   Data   RW         1805    .data               stm32f10x_rcc.o
    0x20000028   0x0800429c   0x00000004   Data   RW         3199    .data               delay.o
    0x2000002c   0x080042a0   0x0000000a   Data   RW         3270    .data               timer.o
    0x20000036   0x080042aa   0x00000004   Data   RW         3385    .data               usart3.o
    0x2000003a   0x080042ae   0x00000002   PAD
    0x2000003c   0x080042b0   0x00000006   Data   RW         3938    .data               bootloader.o
    0x20000042   0x080042b6   0x00000002   PAD
    0x20000044        -       0x00000500   Zero   RW         3383    .bss                usart3.o
    0x20000544        -       0x00000010   Zero   RW         3936    .bss                bootloader.o
    0x20000554        -       0x00000444   Zero   RW         4028    .bss                main.o
    0x20000998        -       0x00000060   Zero   RW         4369    .bss                c_w.l(libspace.o)
    0x200009f8        -       0x00000200   Zero   RW            2    HEAP                startup_stm32f10x_md.o
    0x20000bf8        -       0x00000600   Zero   RW            1    STACK               startup_stm32f10x_md.o


==============================================================================

Image component sizes


      Code (inc. data)   RO Data    RW Data    ZI Data      Debug   Object Name

       380         34          0          0          0       2760   at24c256.o
      2122        798         74          6         16      24055   bootloader.o
         0          0          0          0          0       4492   core_cm3.o
       144         22          0          4          0       1144   delay.o
        86          0          0          0          0       1480   flash.o
        44          6          0          0          0        438   led.o
        80         22          0          0       1092       1581   main.o
       172         22          0          0          0     205249   misc.o
       280         20          0          0          0       2477   spi.o
        64         26        236          0       2048        828   startup_stm32f10x_md.o
         0          0          0          0          0       1660   stm32f10x_adc.o
       428          8          0          0          0      14140   stm32f10x_dma.o
       318         32          0          0          0      10930   stm32f10x_flash.o
       514         28          0          0          0      12959   stm32f10x_gpio.o
       428         20          0          0          0      14071   stm32f10x_i2c.o
        26          0          0          0          0       3766   stm32f10x_it.o
       372         50          0         20          0      14612   stm32f10x_rcc.o
       112          0          0          0          0      10510   stm32f10x_spi.o
        40          0          0          0          0      21958   stm32f10x_tim.o
       654         28          0          0          0      13655   stm32f10x_usart.o
       328         28          0         20          0      49829   system_stm32f10x.o
        76         18          0         10          0        757   timer.o
       184         14          0          0          0       1582   usart.o
       572         76         44          4       1280       6549   usart3.o
        76          0          0          0          0       1373   w25q64.o

    ----------------------------------------------------------------------
      7522       1252        388         68       4436     422855   Object Totals
         0          0         32          0          0          0   (incl. Generated)
        22          0          2          4          0          0   (incl. Padding)

    ----------------------------------------------------------------------

      Code (inc. data)   RO Data    RW Data    ZI Data      Debug   Library Member Name

        60          8          0          0          0         84   __0sscanf.o
         8          0          0          0          0         68   __main.o
       392          4         17          0          0         92   __printf_flags_ss_wp.o
        14          0          0          0          0         68   __printf_wp.o
         0          0          0          0          0          0   __rtentry.o
        12          0          0          0          0          0   __rtentry2.o
         6          0          0          0          0          0   __rtentry4.o
        52          8          0          0          0          0   __scatter.o
        26          0          0          0          0          0   __scatter_copy.o
        28          0          0          0          0          0   __scatter_zi.o
        28          0          0          0          0         68   _chval.o
         6          0          0          0          0          0   _printf_a.o
         6          0          0          0          0          0   _printf_c.o
        44          0          0          0          0        108   _printf_char.o
        48          6          0          0          0         96   _printf_char_common.o
        40          0          0          0          0         68   _printf_charcount.o
         6          0          0          0          0          0   _printf_d.o
       120         16          0          0          0         92   _printf_dec.o
         6          0          0          0          0          0   _printf_e.o
         6          0          0          0          0          0   _printf_f.o
      1054          0          0          0          0        216   _printf_fp_dec.o
       764          8         38          0          0        100   _printf_fp_hex.o
       128         16          0          0          0         84   _printf_fp_infnan.o
         6          0          0          0          0          0   _printf_g.o
       148          4         40          0          0        160   _printf_hex_int_ll_ptr.o
         6          0          0          0          0          0   _printf_i.o
       178          0          0          0          0         88   _printf_intcommon.o
        10          0          0          0          0          0   _printf_l.o
         6          0          0          0          0          0   _printf_lc.o
        10          0          0          0          0          0   _printf_ll.o
         6          0          0          0          0          0   _printf_lld.o
         6          0          0          0          0          0   _printf_lli.o
         6          0          0          0          0          0   _printf_llo.o
         6          0          0          0          0          0   _printf_llu.o
         6          0          0          0          0          0   _printf_llx.o
       124         16          0          0          0         92   _printf_longlong_dec.o
         6          0          0          0          0          0   _printf_ls.o
         6          0          0          0          0          0   _printf_n.o
         6          0          0          0          0          0   _printf_o.o
       112         10          0          0          0        124   _printf_oct_int_ll.o
         6          0          0          0          0          0   _printf_p.o
        78          0          0          0          0        108   _printf_pad.o
         0          0          0          0          0          0   _printf_percent.o
         4          0          0          0          0          0   _printf_percent_end.o
         6          0          0          0          0          0   _printf_s.o
        82          0          0          0          0         80   _printf_str.o
        36          0          0          0          0         84   _printf_truncate.o
         6          0          0          0          0          0   _printf_u.o
        44          0          0          0          0        108   _printf_wchar.o
       188          6          8          0          0         92   _printf_wctomb.o
         6          0          0          0          0          0   _printf_x.o
       884          6          0          0          0        100   _scanf.o
       332          0          0          0          0         96   _scanf_int.o
        64          0          0          0          0         84   _sgetc.o
        10          0          0          0          0         68   _sputc.o
        64          0          0          0          0         92   _wcrtomb.o
       228          4        148          0          0         96   bigflt0.o
      1936        128          0          0          0        672   btod.o
        18          0          0          0          0         80   exit.o
         6          0          0          0          0        152   heapauxi.o
        18          0          0          0          0         76   isspace.o
        44         10        272          0          0         76   lc_ctype_c.o
        44         10         28          0          0         76   lc_numeric_c.o
         2          0          0          0          0          0   libinit.o
        30          0          0          0          0          0   libinit2.o
         2          0          0          0          0          0   libshutdown.o
         2          0          0          0          0          0   libshutdown2.o
         8          4          0          0         96         68   libspace.o
       138          0          0          0          0         80   lludiv10.o
        16          4          0          0          0         76   rt_ctype_table.o
         8          4          0          0          0         68   rt_locale_intlibspace.o
        78          0          0          0          0         80   rt_memclr_w.o
       138          0          0          0          0         68   rt_memcpy_v6.o
       100          0          0          0          0         80   rt_memcpy_w.o
         2          0          0          0          0          0   rtexit.o
        10          0          0          0          0          0   rtexit2.o
        44          8          0          0          0         84   scanf_char.o
       128          0          0          0          0         68   strcmpv7m.o
        62          0          0          0          0         76   strlen.o
        74          0          0          0          0         80   sys_stackheap_outer.o
         2          0          0          0          0         68   use_no_semi.o
         2          0          0          0          0         68   use_no_semi_2.o
        36          4          0          0          0         76   vsprintf.o
         4          0          0          0          0         68   printf1.o
         4          0          0          0          0         68   printf2.o
         0          0          0          0          0          0   usenofp.o
        40          0          0          0          0         68   fpclassify.o

    ----------------------------------------------------------------------
      8550        284        552          0         96       4992   Library Totals
        14          0          1          0          0          0   (incl. Padding)

    ----------------------------------------------------------------------

      Code (inc. data)   RO Data    RW Data    ZI Data      Debug   Library Name

      8488        284        551          0         96       4788   c_w.l
         8          0          0          0          0        136   fz_ws.l
        40          0          0          0          0         68   m_ws.l

    ----------------------------------------------------------------------
      8550        284        552          0         96       4992   Library Totals

    ----------------------------------------------------------------------

==============================================================================


      Code (inc. data)   RO Data    RW Data    ZI Data      Debug   

     16072       1536        940         68       4532     419731   Grand Totals
     16072       1536        940         68       4532     419731   ELF Image Totals
     16072       1536        940         68          0          0   ROM Totals

==============================================================================

    Total RO  Size (Code + RO Data)                17012 (  16.61kB)
    Total RW  Size (RW Data + ZI Data)              4600 (   4.49kB)
    Total ROM Size (Code + RO Data + RW Data)      17080 (  16.68kB)

==============================================================================

